Archive member included to satisfy reference by file (symbol)

.\CortexM3\ARM_GCC_541\Debug\Navigation.a(HE_Interrupt.o)
                              .\CortexM3\ARM_GCC_541\Debug\main.o (HE_Interrupt_SetVector)
.\CortexM3\ARM_GCC_541\Debug\Navigation.a(LCD.o)
                              .\CortexM3\ARM_GCC_541\Debug\main.o (LCD_PrintString)
.\CortexM3\ARM_GCC_541\Debug\Navigation.a(CyLib.o)
                              .\CortexM3\ARM_GCC_541\Debug\Cm3Start.o (CyHalt)
.\CortexM3\ARM_GCC_541\Debug\Navigation.a(cyPm.o)
                              .\CortexM3\ARM_GCC_541\Debug\Navigation.a(CyLib.o) (CyPmReadStatus)
.\CortexM3\ARM_GCC_541\Debug\Navigation.a(PWM.o)
                              .\CortexM3\ARM_GCC_541\Debug\main.o (PWM_Start)
.\CortexM3\ARM_GCC_541\Debug\Navigation.a(Timer.o)
                              .\CortexM3\ARM_GCC_541\Debug\main.o (Timer_Start)
.\CortexM3\ARM_GCC_541\Debug\Navigation.a(UART.o)
                              .\CortexM3\ARM_GCC_541\Debug\main.o (UART_Start)
.\CortexM3\ARM_GCC_541\Debug\Navigation.a(UART_IntClock.o)
                              .\CortexM3\ARM_GCC_541\Debug\Navigation.a(UART.o) (UART_IntClock_Start)
.\CortexM3\ARM_GCC_541\Debug\Navigation.a(StartFrame.o)
                              .\CortexM3\ARM_GCC_541\Debug\main.o (StartFrame_SetVector)
.\CortexM3\ARM_GCC_541\Debug\Navigation.a(VideoTimer.o)
                              .\CortexM3\ARM_GCC_541\Debug\main.o (VideoTimer_Stop)
.\CortexM3\ARM_GCC_541\Debug\Navigation.a(Black.o)
                              .\CortexM3\ARM_GCC_541\Debug\main.o (Black_SetVector)
.\CortexM3\ARM_GCC_541\Debug\Navigation.a(Counter.o)
                              .\CortexM3\ARM_GCC_541\Debug\main.o (Counter_Stop)
.\CortexM3\ARM_GCC_541\Debug\Navigation.a(OddEvenTimer.o)
                              .\CortexM3\ARM_GCC_541\Debug\main.o (OddEvenTimer_ReadCapture)
.\CortexM3\ARM_GCC_541\Debug\Navigation.a(CyBootAsmGnu.o)
                              .\CortexM3\ARM_GCC_541\Debug\cyfitter_cfg.o (CyDelayCycles)
.\CortexM3\ARM_GCC_541\Debug\Navigation.a(CyFlash.o)
                              .\CortexM3\ARM_GCC_541\Debug\Navigation.a(cyPm.o) (CyFlash_SetWaitCycles)
.\CortexM3\ARM_GCC_541\Debug\Navigation.a(CySpc.o)
                              .\CortexM3\ARM_GCC_541\Debug\Navigation.a(CyFlash.o) (CySpcStart)
c:/program files (x86)/cypress/psoc creator/4.2/psoc creator/import/gnu/arm/5.4.1/bin/../lib/gcc/arm-none-eabi/5.4.1/armv7-m\libgcc.a(_arm_addsubdf3.o)
                              .\CortexM3\ARM_GCC_541\Debug\main.o (__aeabi_dsub)
c:/program files (x86)/cypress/psoc creator/4.2/psoc creator/import/gnu/arm/5.4.1/bin/../lib/gcc/arm-none-eabi/5.4.1/armv7-m\libgcc.a(_arm_muldivdf3.o)
                              .\CortexM3\ARM_GCC_541\Debug\main.o (__aeabi_ddiv)
c:/program files (x86)/cypress/psoc creator/4.2/psoc creator/import/gnu/arm/5.4.1/bin/../lib/gcc/arm-none-eabi/5.4.1/armv7-m\libgcc.a(_arm_fixdfsi.o)
                              .\CortexM3\ARM_GCC_541\Debug\main.o (__aeabi_d2iz)
c:/program files (x86)/cypress/psoc creator/4.2/psoc creator/import/gnu/arm/5.4.1/bin/../lib/gcc/arm-none-eabi/5.4.1/../../../../arm-none-eabi/lib/armv7-m\libg.a(lib_a-errno.o)
                              .\CortexM3\ARM_GCC_541\Debug\Cm3Start.o (__errno)
c:/program files (x86)/cypress/psoc creator/4.2/psoc creator/import/gnu/arm/5.4.1/bin/../lib/gcc/arm-none-eabi/5.4.1/../../../../arm-none-eabi/lib/armv7-m\libg.a(lib_a-exit.o)
                              c:/program files (x86)/cypress/psoc creator/4.2/psoc creator/import/gnu/arm/5.4.1/bin/../lib/gcc/arm-none-eabi/5.4.1/../../../../arm-none-eabi/lib/armv7-m/crt0.o (exit)
c:/program files (x86)/cypress/psoc creator/4.2/psoc creator/import/gnu/arm/5.4.1/bin/../lib/gcc/arm-none-eabi/5.4.1/../../../../arm-none-eabi/lib/armv7-m\libg.a(lib_a-impure.o)
                              c:/program files (x86)/cypress/psoc creator/4.2/psoc creator/import/gnu/arm/5.4.1/bin/../lib/gcc/arm-none-eabi/5.4.1/../../../../arm-none-eabi/lib/armv7-m\libg.a(lib_a-exit.o) (_global_impure_ptr)
c:/program files (x86)/cypress/psoc creator/4.2/psoc creator/import/gnu/arm/5.4.1/bin/../lib/gcc/arm-none-eabi/5.4.1/../../../../arm-none-eabi/lib/armv7-m\libg.a(lib_a-init.o)
                              c:/program files (x86)/cypress/psoc creator/4.2/psoc creator/import/gnu/arm/5.4.1/bin/../lib/gcc/arm-none-eabi/5.4.1/../../../../arm-none-eabi/lib/armv7-m/crt0.o (__libc_init_array)
c:/program files (x86)/cypress/psoc creator/4.2/psoc creator/import/gnu/arm/5.4.1/bin/../lib/gcc/arm-none-eabi/5.4.1/../../../../arm-none-eabi/lib/armv7-m\libg.a(lib_a-memcpy.o)
                              .\CortexM3\ARM_GCC_541\Debug\cyfitter_cfg.o (memcpy)
c:/program files (x86)/cypress/psoc creator/4.2/psoc creator/import/gnu/arm/5.4.1/bin/../lib/gcc/arm-none-eabi/5.4.1/../../../../arm-none-eabi/lib/armv7-m\libg.a(lib_a-memset.o)
[...]
Memory Configuration

Name             Origin             Length             Attributes
rom              0x00000000         0x00040000         xr
ram              0x1fff8000         0x00010000         xrw
*default*        0x00000000         0xffffffff

Linker script and memory map

LOAD c:/program files (x86)/cypress/psoc creator/4.2/psoc creator/import/gnu/arm/5.4.1/bin/../lib/gcc/arm-none-eabi/5.4.1/armv7-m/crti.o
LOAD c:/program files (x86)/cypress/psoc creator/4.2/psoc creator/import/gnu/arm/5.4.1/bin/../lib/gcc/arm-none-eabi/5.4.1/armv7-m/crtbegin.o
LOAD c:/program files (x86)/cypress/psoc creator/4.2/psoc creator/import/gnu/arm/5.4.1/bin/../lib/gcc/arm-none-eabi/5.4.1/../../../../arm-none-eabi/lib/armv7-m/crt0.o
START GROUP
LOAD .\CortexM3\ARM_GCC_541\Debug\main.o
LOAD .\CortexM3\ARM_GCC_541\Debug\cyfitter_cfg.o
LOAD .\CortexM3\ARM_GCC_541\Debug\cymetadata.o
LOAD .\CortexM3\ARM_GCC_541\Debug\Cm3Start.o
LOAD .\CortexM3\ARM_GCC_541\Debug\Navigation.a
LOAD C:\Program Files (x86)\Cypress\PSoC Creator\4.2\PSoC Creator\psoc\content\cycomponentlibrary\CyComponentLibrary.cylib\CortexM3\ARM_GCC_541\Debug\CyComponentLibrary.a
END GROUP
START GROUP
LOAD c:/program files (x86)/cypress/psoc creator/4.2/psoc creator/import/gnu/arm/5.4.1/bin/../lib/gcc/arm-none-eabi/5.4.1/armv7-m\libgcc.a
LOAD c:/program files (x86)/cypress/psoc creator/4.2/psoc creator/import/gnu/arm/5.4.1/bin/../lib/gcc/arm-none-eabi/5.4.1/../../../../arm-none-eabi/lib/armv7-m\libg.a
LOAD c:/program files (x86)/cypress/psoc creator/4.2/psoc creator/import/gnu/arm/5.4.1/bin/../lib/gcc/arm-none-eabi/5.4.1/../../../../arm-none-eabi/lib/armv7-m\libc.a
END GROUP
LOAD c:/program files (x86)/cypress/psoc creator/4.2/psoc creator/import/gnu/arm/5.4.1/bin/../lib/gcc/arm-none-eabi/5.4.1/armv7-m/crtend.o
LOAD c:/program files (x86)/cypress/psoc creator/4.2/psoc creator/import/gnu/arm/5.4.1/bin/../lib/gcc/arm-none-eabi/5.4.1/armv7-m/crtn.o
START GROUP
LOAD c:/program files (x86)/cypress/psoc creator/4.2/psoc creator/import/gnu/arm/5.4.1/bin/../lib/gcc/arm-none-eabi/5.4.1/armv7-m\libgcc.a
LOAD c:/program files (x86)/cypress/psoc creator/4.2/psoc creator/import/gnu/arm/5.4.1/bin/../lib/gcc/arm-none-eabi/5.4.1/../../../../arm-none-eabi/lib/armv7-m\libc.a
LOAD c:/program files (x86)/cypress/psoc creator/4.2/psoc creator/import/gnu/arm/5.4.1/bin/../lib/gcc/arm-none-eabi/5.4.1/../../../../arm-none-eabi/lib/armv7-m\libnosys.a
END GROUP
                0x00000000                CY_APPL_ORIGIN = 0x0
                0x00000100                CY_FLASH_ROW_SIZE = 0x100
                0x00000020                CY_ECC_ROW_SIZE = 0x20
                0x00000000                CY_EE_IN_BTLDR = 0x0
                0x00000000                CY_APPL_LOADABLE = 0x0
                0x00000800                CY_EE_SIZE = 0x800
                0x00000001                CY_APPL_NUM = 0x1
                0x00000001                CY_APPL_MAX = 0x1
                0x00000040                CY_METADATA_SIZE = 0x40
                0x00000000                CY_APPL_LOADABLE = 0x0
                0x00000000                CY_CHECKSUM_EXCLUDE_SIZE = ALIGN (0x0, CY_FLASH_ROW_SIZE)
                [!provide]                PROVIDE (__cy_heap_start, _end)
                0x00000001                PROVIDE (__cy_region_num, ((__cy_regions_end - __cy_regions) / 0x10))
                0x20008000                PROVIDE (__cy_stack, (ORIGIN (ram) + LENGTH (ram)))
                [!provide]                PROVIDE (__cy_heap_end, (__cy_stack - 0x800))

.cybootloader   0x00000000        0x0
 *(.cybootloader)
                0x00000000                appl1_start = CY_APPL_ORIGIN?CY_APPL_ORIGIN:ALIGN (CY_FLASH_ROW_SIZE)
                0x0001ff00                appl2_start = (appl1_start + ALIGN ((((LENGTH (rom) - appl1_start) - (0x2 * CY_FLASH_ROW_SIZE)) / 0x2), CY_FLASH_ROW_SIZE))
                0x00000000                appl_start = (CY_APPL_NUM == 0x1)?appl1_start:appl2_start
                0x00000000                ecc_offset = ((appl_start / CY_FLASH_ROW_SIZE) * CY_ECC_ROW_SIZE)
                0x00000000                ee_offset = (CY_APPL_LOADABLE && ! (CY_EE_IN_BTLDR))?((CY_EE_SIZE / CY_APPL_MAX) * (CY_APPL_NUM - 0x1)):0x0
                0x00000800                ee_size = (CY_APPL_LOADABLE && ! (CY_EE_IN_BTLDR))?(CY_EE_SIZE / CY_APPL_MAX):CY_EE_SIZE
                [!provide]                PROVIDE (CY_ECC_OFFSET, ecc_offset)

.text           0x00000000     0x5a0c
 CREATE_OBJECT_SYMBOLS
                0x00000000                PROVIDE (__cy_interrupt_vector, RomVectors)
 *(.romvectors)
 .romvectors    0x00000000       0x10 .\CortexM3\ARM_GCC_541\Debug\Cm3Start.o
                0x00000000                RomVectors
                0x00000001                ASSERT ((. != __cy_interrupt_vector), No interrupt vector)
                0x00000001                ASSERT (CY_APPL_ORIGIN?(SIZEOF (.cybootloader) <= CY_APPL_ORIGIN):0x1, Wrong image location)
                0x00000010                PROVIDE (__cy_reset, Reset)
 *(.text.Reset)
 .text.Reset    0x00000010       0x18 .\CortexM3\ARM_GCC_541\Debug\Cm3Start.o
                0x00000010                Reset
                0x00000001                ASSERT ((. != __cy_reset), No reset code)
 *(.dma_init)
                0x00000001                ASSERT ((((appl_start + .) <= 0x10000) || 0x1), DMA Init must be within the first 64k of flash)
 *(.text .text.* .gnu.linkonce.t.*)
 .text          0x00000028       0x5c c:/program files (x86)/cypress/psoc creator/4.2/psoc creator/import/gnu/arm/5.4.1/bin/../lib/gcc/arm-none-eabi/5.4.1/armv7-m/crtbegin.o
 .text.inter1   0x00000084        0xc .\CortexM3\ARM_GCC_541\Debug\main.o
                0x00000084                inter1
 .text.inter4   0x00000090        0xc .\CortexM3\ARM_GCC_541\Debug\main.o
                0x00000090                inter4
 *fill*         0x0000009c        0x4 
 .text.inter2   0x000000a0       0x68 .\CortexM3\ARM_GCC_541\Debug\main.o
                0x000000a0                inter2
 .text.main     0x00000108      0x134 .\CortexM3\ARM_GCC_541\Debug\main.o
                0x00000108                main
 .text.CyClockStartupError
                0x0000023c        0x4 .\CortexM3\ARM_GCC_541\Debug\cyfitter_cfg.o
 .text.cfg_write_bytes32
                0x00000240       0x34 .\CortexM3\ARM_GCC_541\Debug\cyfitter_cfg.o
 .text.AnalogSetDefault
                0x00000274       0x4c .\CortexM3\ARM_GCC_541\Debug\cyfitter_cfg.o
 .text.CYMEMZERO
                0x000002c0        0xc .\CortexM3\ARM_GCC_541\Debug\cyfitter_cfg.o
 .text.ClockSetup
                0x000002cc       0xe0 .\CortexM3\ARM_GCC_541\Debug\cyfitter_cfg.o
 .text.CYCONFIGCPY
                0x000003ac        0x8 .\CortexM3\ARM_GCC_541\Debug\cyfitter_cfg.o
 .text.cyfitter_cfg
                0x000003b4      0x144 .\CortexM3\ARM_GCC_541\Debug\cyfitter_cfg.o
                0x000003b4                cyfitter_cfg
 .text.IntDefaultHandler
                0x000004f8       0x10 .\CortexM3\ARM_GCC_541\Debug\Cm3Start.o
                0x000004f8                IntDefaultHandler
 .text._sbrk    0x00000508       0x30 .\CortexM3\ARM_GCC_541\Debug\Cm3Start.o
                0x00000508                _sbrk
 .text.Start_c  0x00000538       0x4c .\CortexM3\ARM_GCC_541\Debug\Cm3Start.o
                0x00000538                Start_c
 .text.initialize_psoc
                0x00000584       0x68 .\CortexM3\ARM_GCC_541\Debug\Cm3Start.o
                0x00000584                initialize_psoc
 .text.HE_Interrupt_Interrupt
                0x000005ec        0x4 .\CortexM3\ARM_GCC_541\Debug\Navigation.a(HE_Interrupt.o)
                0x000005ec                HE_Interrupt_Interrupt
 .text.HE_Interrupt_SetVector
                0x000005f0        0xc .\CortexM3\ARM_GCC_541\Debug\Navigation.a(HE_Interrupt.o)
                0x000005f0                HE_Interrupt_SetVector
 .text.HE_Interrupt_SetPriority
                0x000005fc       0x10 .\CortexM3\ARM_GCC_541\Debug\Navigation.a(HE_Interrupt.o)
                0x000005fc                HE_Interrupt_SetPriority
 .text.HE_Interrupt_Enable
                0x0000060c        0xc .\CortexM3\ARM_GCC_541\Debug\Navigation.a(HE_Interrupt.o)
                0x0000060c                HE_Interrupt_Enable
 .text.HE_Interrupt_Disable
                0x00000618        0xc .\CortexM3\ARM_GCC_541\Debug\Navigation.a(HE_Interrupt.o)
                0x00000618                HE_Interrupt_Disable
 .text.HE_Interrupt_Start
                0x00000624       0x1c .\CortexM3\ARM_GCC_541\Debug\Navigation.a(HE_Interrupt.o)
                0x00000624                HE_Interrupt_Start
 .text.LCD_WrCntrlNib
                0x00000640       0x34 .\CortexM3\ARM_GCC_541\Debug\Navigation.a(LCD.o)
 .text.LCD_WrDatNib
                0x00000674       0x44 .\CortexM3\ARM_GCC_541\Debug\Navigation.a(LCD.o)
 .text.LCD_IsReady
                0x000006b8       0xe4 .\CortexM3\ARM_GCC_541\Debug\Navigation.a(LCD.o)
                0x000006b8                LCD_IsReady
 .text.LCD_WriteData
                0x0000079c       0x18 .\CortexM3\ARM_GCC_541\Debug\Navigation.a(LCD.o)
                0x0000079c                LCD_WriteData
 .text.LCD_PrintString
                0x000007b4       0x1c .\CortexM3\ARM_GCC_541\Debug\Navigation.a(LCD.o)
                0x000007b4                LCD_PrintString
 .text.LCD_WriteControl
                0x000007d0       0x18 .\CortexM3\ARM_GCC_541\Debug\Navigation.a(LCD.o)
                0x000007d0                LCD_WriteControl
 .text.LCD_Init
                0x000007e8       0x6c .\CortexM3\ARM_GCC_541\Debug\Navigation.a(LCD.o)
                0x000007e8                LCD_Init
 .text.LCD_Enable
                0x00000854       0x14 .\CortexM3\ARM_GCC_541\Debug\Navigation.a(LCD.o)
                0x00000854                LCD_Enable
 .text.LCD_Start
                0x00000868       0x1c .\CortexM3\ARM_GCC_541\Debug\Navigation.a(LCD.o)
                0x00000868                LCD_Start
 .text.LCD_Position
                0x00000884       0x3c .\CortexM3\ARM_GCC_541\Debug\Navigation.a(LCD.o)
                0x00000884                LCD_Position
 .text.CyDelay  0x000008c0       0x2c .\CortexM3\ARM_GCC_541\Debug\Navigation.a(CyLib.o)
                0x000008c0                CyDelay
 .text.CyDelayUs
                0x000008ec       0x14 .\CortexM3\ARM_GCC_541\Debug\Navigation.a(CyLib.o)
                0x000008ec                CyDelayUs
 .text.PWM_Enable
                0x00000900       0x10 .\CortexM3\ARM_GCC_541\Debug\Navigation.a(PWM.o)
                0x00000900                PWM_Enable
 .text.PWM_WriteCounter
                0x00000910        0xc .\CortexM3\ARM_GCC_541\Debug\Navigation.a(PWM.o)
                0x00000910                PWM_WriteCounter
 .text.PWM_WritePeriod
                0x0000091c        0xc .\CortexM3\ARM_GCC_541\Debug\Navigation.a(PWM.o)
                0x0000091c                PWM_WritePeriod
 .text.PWM_WriteCompare
                0x00000928        0xc .\CortexM3\ARM_GCC_541\Debug\Navigation.a(PWM.o)
                0x00000928                PWM_WriteCompare
 .text.PWM_SetInterruptMode
                0x00000934        0xc .\CortexM3\ARM_GCC_541\Debug\Navigation.a(PWM.o)
                0x00000934                PWM_SetInterruptMode
 .text.PWM_ReadStatusRegister
                0x00000940        0xc .\CortexM3\ARM_GCC_541\Debug\Navigation.a(PWM.o)
                0x00000940                PWM_ReadStatusRegister
 .text.PWM_ReadCapture
                0x0000094c        0xc .\CortexM3\ARM_GCC_541\Debug\Navigation.a(PWM.o)
                0x0000094c                PWM_ReadCapture
 .text.PWM_ClearFIFO
                0x00000958       0x14 .\CortexM3\ARM_GCC_541\Debug\Navigation.a(PWM.o)
                0x00000958                PWM_ClearFIFO
 .text.PWM_Init
                0x0000096c       0x50 .\CortexM3\ARM_GCC_541\Debug\Navigation.a(PWM.o)
                0x0000096c                PWM_Init
 .text.PWM_Start
                0x000009bc       0x1c .\CortexM3\ARM_GCC_541\Debug\Navigation.a(PWM.o)
                0x000009bc                PWM_Start
 .text.Timer_Enable
                0x000009d8       0x10 .\CortexM3\ARM_GCC_541\Debug\Navigation.a(Timer.o)
                0x000009d8                Timer_Enable
 .text.Timer_SetInterruptMode
                0x000009e8        0xc .\CortexM3\ARM_GCC_541\Debug\Navigation.a(Timer.o)
                0x000009e8                Timer_SetInterruptMode
 .text.Timer_ReadStatusRegister
                0x000009f4        0xc .\CortexM3\ARM_GCC_541\Debug\Navigation.a(Timer.o)
                0x000009f4                Timer_ReadStatusRegister
 .text.Timer_WritePeriod
                0x00000a00        0xc .\CortexM3\ARM_GCC_541\Debug\Navigation.a(Timer.o)
                0x00000a00                Timer_WritePeriod
 .text.Timer_ReadCapture
                0x00000a0c        0xc .\CortexM3\ARM_GCC_541\Debug\Navigation.a(Timer.o)
                0x00000a0c                Timer_ReadCapture
 .text.Timer_WriteCounter
                0x00000a18        0xc .\CortexM3\ARM_GCC_541\Debug\Navigation.a(Timer.o)
                0x00000a18                Timer_WriteCounter
 .text.Timer_SetInterruptCount
                0x00000a24       0x1c .\CortexM3\ARM_GCC_541\Debug\Navigation.a(Timer.o)
                0x00000a24                Timer_SetInterruptCount
 .text.Timer_ClearFIFO
                0x00000a40       0x14 .\CortexM3\ARM_GCC_541\Debug\Navigation.a(Timer.o)
                0x00000a40                Timer_ClearFIFO
 .text.Timer_Init
                0x00000a54       0x3c .\CortexM3\ARM_GCC_541\Debug\Navigation.a(Timer.o)
                0x00000a54                Timer_Init
 .text.Timer_Start
                0x00000a90       0x1c .\CortexM3\ARM_GCC_541\Debug\Navigation.a(Timer.o)
                0x00000a90                Timer_Start
 .text.UART_Init
                0x00000aac       0x24 .\CortexM3\ARM_GCC_541\Debug\Navigation.a(UART.o)
                0x00000aac                UART_Init
 .text.UART_Enable
                0x00000ad0       0x38 .\CortexM3\ARM_GCC_541\Debug\Navigation.a(UART.o)
                0x00000ad0                UART_Enable
 .text.UART_Start
                0x00000b08       0x1c .\CortexM3\ARM_GCC_541\Debug\Navigation.a(UART.o)
                0x00000b08                UART_Start
 .text.UART_PutChar
                0x00000b24       0x18 .\CortexM3\ARM_GCC_541\Debug\Navigation.a(UART.o)
                0x00000b24                UART_PutChar
 .text.UART_PutString
                0x00000b3c       0x24 .\CortexM3\ARM_GCC_541\Debug\Navigation.a(UART.o)
                0x00000b3c                UART_PutString
 .text.UART_IntClock_Start
                0x00000b60       0x1c .\CortexM3\ARM_GCC_541\Debug\Navigation.a(UART_IntClock.o)
                0x00000b60                UART_IntClock_Start
 .text.StartFrame_Interrupt
                0x00000b7c        0x4 .\CortexM3\ARM_GCC_541\Debug\Navigation.a(StartFrame.o)
                0x00000b7c                StartFrame_Interrupt
 .text.StartFrame_SetVector
                0x00000b80        0xc .\CortexM3\ARM_GCC_541\Debug\Navigation.a(StartFrame.o)
                0x00000b80                StartFrame_SetVector
 .text.StartFrame_SetPriority
                0x00000b8c       0x10 .\CortexM3\ARM_GCC_541\Debug\Navigation.a(StartFrame.o)
                0x00000b8c                StartFrame_SetPriority
 .text.StartFrame_Enable
                0x00000b9c        0xc .\CortexM3\ARM_GCC_541\Debug\Navigation.a(StartFrame.o)
                0x00000b9c                StartFrame_Enable
 .text.StartFrame_Disable
                0x00000ba8        0xc .\CortexM3\ARM_GCC_541\Debug\Navigation.a(StartFrame.o)
                0x00000ba8                StartFrame_Disable
 .text.StartFrame_Start
                0x00000bb4       0x1c .\CortexM3\ARM_GCC_541\Debug\Navigation.a(StartFrame.o)
                0x00000bb4                StartFrame_Start
 .text.VideoTimer_Enable
                0x00000bd0       0x10 .\CortexM3\ARM_GCC_541\Debug\Navigation.a(VideoTimer.o)
                0x00000bd0                VideoTimer_Enable
 .text.VideoTimer_Stop
                0x00000be0       0x10 .\CortexM3\ARM_GCC_541\Debug\Navigation.a(VideoTimer.o)
                0x00000be0                VideoTimer_Stop
 .text.VideoTimer_SetInterruptMode
                0x00000bf0        0xc .\CortexM3\ARM_GCC_541\Debug\Navigation.a(VideoTimer.o)
                0x00000bf0                VideoTimer_SetInterruptMode
 .text.VideoTimer_ReadStatusRegister
                0x00000bfc        0xc .\CortexM3\ARM_GCC_541\Debug\Navigation.a(VideoTimer.o)
                0x00000bfc                VideoTimer_ReadStatusRegister
 .text.VideoTimer_WritePeriod
                0x00000c08        0xc .\CortexM3\ARM_GCC_541\Debug\Navigation.a(VideoTimer.o)
                0x00000c08                VideoTimer_WritePeriod
 .text.VideoTimer_ReadCapture
                0x00000c14        0xc .\CortexM3\ARM_GCC_541\Debug\Navigation.a(VideoTimer.o)
                0x00000c14                VideoTimer_ReadCapture
 .text.VideoTimer_WriteCounter
                0x00000c20        0xc .\CortexM3\ARM_GCC_541\Debug\Navigation.a(VideoTimer.o)
                0x00000c20                VideoTimer_WriteCounter
 .text.VideoTimer_ClearFIFO
                0x00000c2c       0x14 .\CortexM3\ARM_GCC_541\Debug\Navigation.a(VideoTimer.o)
                0x00000c2c                VideoTimer_ClearFIFO
 .text.VideoTimer_Init
                0x00000c40       0x34 .\CortexM3\ARM_GCC_541\Debug\Navigation.a(VideoTimer.o)
                0x00000c40                VideoTimer_Init
 .text.VideoTimer_Start
                0x00000c74       0x1c .\CortexM3\ARM_GCC_541\Debug\Navigation.a(VideoTimer.o)
                0x00000c74                VideoTimer_Start
 .text.Black_Interrupt
                0x00000c90        0x4 .\CortexM3\ARM_GCC_541\Debug\Navigation.a(Black.o)
                0x00000c90                Black_Interrupt
 .text.Black_SetVector
                0x00000c94        0xc .\CortexM3\ARM_GCC_541\Debug\Navigation.a(Black.o)
                0x00000c94                Black_SetVector
 .text.Black_SetPriority
                0x00000ca0       0x10 .\CortexM3\ARM_GCC_541\Debug\Navigation.a(Black.o)
                0x00000ca0                Black_SetPriority
 .text.Black_Enable
                0x00000cb0        0xc .\CortexM3\ARM_GCC_541\Debug\Navigation.a(Black.o)
                0x00000cb0                Black_Enable
 .text.Black_Disable
                0x00000cbc        0xc .\CortexM3\ARM_GCC_541\Debug\Navigation.a(Black.o)
                0x00000cbc                Black_Disable
 .text.Black_Start
                0x00000cc8       0x1c .\CortexM3\ARM_GCC_541\Debug\Navigation.a(Black.o)
                0x00000cc8                Black_Start
 .text.Counter_Enable
                0x00000ce4       0x10 .\CortexM3\ARM_GCC_541\Debug\Navigation.a(Counter.o)
                0x00000ce4                Counter_Enable
 .text.Counter_Stop
                0x00000cf4       0x10 .\CortexM3\ARM_GCC_541\Debug\Navigation.a(Counter.o)
                0x00000cf4                Counter_Stop
 .text.Counter_SetInterruptMode
                0x00000d04        0xc .\CortexM3\ARM_GCC_541\Debug\Navigation.a(Counter.o)
                0x00000d04                Counter_SetInterruptMode
 .text.Counter_ReadStatusRegister
                0x00000d10        0xc .\CortexM3\ARM_GCC_541\Debug\Navigation.a(Counter.o)
                0x00000d10                Counter_ReadStatusRegister
 .text.Counter_WriteCounter
                0x00000d1c        0xc .\CortexM3\ARM_GCC_541\Debug\Navigation.a(Counter.o)
                0x00000d1c                Counter_WriteCounter
 .text.Counter_ReadCounter
                0x00000d28       0x14 .\CortexM3\ARM_GCC_541\Debug\Navigation.a(Counter.o)
                0x00000d28                Counter_ReadCounter
 .text.Counter_ReadCapture
                0x00000d3c        0xc .\CortexM3\ARM_GCC_541\Debug\Navigation.a(Counter.o)
                0x00000d3c                Counter_ReadCapture
 .text.Counter_WritePeriod
                0x00000d48        0xc .\CortexM3\ARM_GCC_541\Debug\Navigation.a(Counter.o)
                0x00000d48                Counter_WritePeriod
 .text.Counter_WriteCompare
                0x00000d54        0xc .\CortexM3\ARM_GCC_541\Debug\Navigation.a(Counter.o)
                0x00000d54                Counter_WriteCompare
 .text.Counter_ClearFIFO
                0x00000d60       0x14 .\CortexM3\ARM_GCC_541\Debug\Navigation.a(Counter.o)
                0x00000d60                Counter_ClearFIFO
 .text.Counter_Init
                0x00000d74       0x50 .\CortexM3\ARM_GCC_541\Debug\Navigation.a(Counter.o)
                0x00000d74                Counter_Init
 .text.Counter_Start
                0x00000dc4       0x1c .\CortexM3\ARM_GCC_541\Debug\Navigation.a(Counter.o)
                0x00000dc4                Counter_Start
 .text.OddEvenTimer_Enable
                0x00000de0       0x10 .\CortexM3\ARM_GCC_541\Debug\Navigation.a(OddEvenTimer.o)
                0x00000de0                OddEvenTimer_Enable
 .text.OddEvenTimer_SetInterruptMode
                0x00000df0        0xc .\CortexM3\ARM_GCC_541\Debug\Navigation.a(OddEvenTimer.o)
                0x00000df0                OddEvenTimer_SetInterruptMode
 .text.OddEvenTimer_ReadStatusRegister
                0x00000dfc        0xc .\CortexM3\ARM_GCC_541\Debug\Navigation.a(OddEvenTimer.o)
                0x00000dfc                OddEvenTimer_ReadStatusRegister
 .text.OddEvenTimer_WritePeriod
                0x00000e08        0xc .\CortexM3\ARM_GCC_541\Debug\Navigation.a(OddEvenTimer.o)
                0x00000e08                OddEvenTimer_WritePeriod
 .text.OddEvenTimer_ReadCapture
                0x00000e14        0xc .\CortexM3\ARM_GCC_541\Debug\Navigation.a(OddEvenTimer.o)
                0x00000e14                OddEvenTimer_ReadCapture
 .text.OddEvenTimer_WriteCounter
                0x00000e20        0xc .\CortexM3\ARM_GCC_541\Debug\Navigation.a(OddEvenTimer.o)
                0x00000e20                OddEvenTimer_WriteCounter
 .text.OddEvenTimer_SetCaptureCount
                0x00000e2c        0xc .\CortexM3\ARM_GCC_541\Debug\Navigation.a(OddEvenTimer.o)
                0x00000e2c                OddEvenTimer_SetCaptureCount
 .text.OddEvenTimer_ClearFIFO
                0x00000e38       0x14 .\CortexM3\ARM_GCC_541\Debug\Navigation.a(OddEvenTimer.o)
                0x00000e38                OddEvenTimer_ClearFIFO
 .text.OddEvenTimer_Init
                0x00000e4c       0x48 .\CortexM3\ARM_GCC_541\Debug\Navigation.a(OddEvenTimer.o)
                0x00000e4c                OddEvenTimer_Init
 .text.OddEvenTimer_Start
                0x00000e94       0x1c .\CortexM3\ARM_GCC_541\Debug\Navigation.a(OddEvenTimer.o)
                0x00000e94                OddEvenTimer_Start
 .text          0x00000eb0       0x20 .\CortexM3\ARM_GCC_541\Debug\Navigation.a(CyBootAsmGnu.o)
                0x00000eb0                CyDelayCycles
                0x00000ec0                CyEnterCriticalSection
                0x00000ec8                CyExitCriticalSection
 .text          0x00000ed0      0x370 c:/program files (x86)/cypress/psoc creator/4.2/psoc creator/import/gnu/arm/5.4.1/bin/../lib/gcc/arm-none-eabi/5.4.1/armv7-m\libgcc.a(_arm_addsubdf3.o)
                0x00000ed0                __aeabi_drsub
                0x00000ed8                __aeabi_dsub
                0x00000ed8                __subdf3
                0x00000edc                __aeabi_dadd
                0x00000edc                __adddf3
                0x00001154                __floatunsidf
                0x00001154                __aeabi_ui2d
                0x00001174                __floatsidf
                0x00001174                __aeabi_i2d
                0x00001198                __aeabi_f2d
                0x00001198                __extendsfdf2
                0x000011d4                __floatundidf
                0x000011d4                __aeabi_ul2d
                0x000011e4                __floatdidf
                0x000011e4                __aeabi_l2d
 .text          0x00001240      0x424 c:/program files (x86)/cypress/psoc creator/4.2/psoc creator/import/gnu/arm/5.4.1/bin/../lib/gcc/arm-none-eabi/5.4.1/armv7-m\libgcc.a(_arm_muldivdf3.o)
                0x00001240                __aeabi_dmul
                0x00001240                __muldf3
                0x00001494                __divdf3
                0x00001494                __aeabi_ddiv
 .text          0x00001664       0x50 c:/program files (x86)/cypress/psoc creator/4.2/psoc creator/import/gnu/arm/5.4.1/bin/../lib/gcc/arm-none-eabi/5.4.1/armv7-m\libgcc.a(_arm_fixdfsi.o)
                0x00001664                __aeabi_d2iz
                0x00001664                __fixdfsi
 .text.__errno  0x000016b4        0xc c:/program files (x86)/cypress/psoc creator/4.2/psoc creator/import/gnu/arm/5.4.1/bin/../lib/gcc/arm-none-eabi/5.4.1/../../../../arm-none-eabi/lib/armv7-m\libg.a(lib_a-errno.o)
                0x000016b4                __errno
 .text.__libc_init_array
                0x000016c0       0x50 c:/program files (x86)/cypress/psoc creator/4.2/psoc creator/import/gnu/arm/5.4.1/bin/../lib/gcc/arm-none-eabi/5.4.1/../../../../arm-none-eabi/lib/armv7-m\libg.a(lib_a-init.o)
                0x000016c0                __libc_init_array
 .text          0x00001710       0xec c:/program files (x86)/cypress/psoc creator/4.2/psoc creator/import/gnu/arm/5.4.1/bin/../lib/gcc/arm-none-eabi/5.4.1/../../../../arm-none-eabi/lib/armv7-m\libg.a(lib_a-memcpy.o)
                0x00001710                memcpy
 .text.memset   0x000017fc       0x9c c:/program files (x86)/cypress/psoc creator/4.2/psoc creator/import/gnu/arm/5.4.1/bin/../lib/gcc/arm-none-eabi/5.4.1/../../../../arm-none-eabi/lib/armv7-m\libg.a(lib_a-memset.o)
                0x000017fc                memset
 .text.sprintf  0x00001898       0x4c c:/program files (x86)/cypress/psoc creator/4.2/psoc creator/import/gnu/arm/5.4.1/bin/../lib/gcc/arm-none-eabi/5.4.1/../../../../arm-none-eabi/lib/armv7-m\libg.a(lib_a-sprintf.o)
                0x00001898                sprintf
 .text._svfprintf_r
                0x000018e4     0x175c c:/program files (x86)/cypress/psoc creator/4.2/psoc creator/import/gnu/arm/5.4.1/bin/../lib/gcc/arm-none-eabi/5.4.1/../../../../arm-none-eabi/lib/armv7-m\libg.a(lib_a-svfprintf.o)
                0x000018e4                _svfprintf_r
 .text.startup.register_fini
                0x00003040       0x14 c:/program files (x86)/cypress/psoc creator/4.2/psoc creator/import/gnu/arm/5.4.1/bin/../lib/gcc/arm-none-eabi/5.4.1/../../../../arm-none-eabi/lib/armv7-m\libg.a(lib_a-__call_atexit.o)
 .text.atexit   0x00003054        0xc c:/program files (x86)/cypress/psoc creator/4.2/psoc creator/import/gnu/arm/5.4.1/bin/../lib/gcc/arm-none-eabi/5.4.1/../../../../arm-none-eabi/lib/armv7-m\libg.a(lib_a-atexit.o)
                0x00003054                atexit
 .text.quorem   0x00003060      0x12c c:/program files (x86)/cypress/psoc creator/4.2/psoc creator/import/gnu/arm/5.4.1/bin/../lib/gcc/arm-none-eabi/5.4.1/../../../../arm-none-eabi/lib/armv7-m\libg.a(lib_a-dtoa.o)
 *fill*         0x0000318c        0x4 
 .text._dtoa_r  0x00003190      0xe4c c:/program files (x86)/cypress/psoc creator/4.2/psoc creator/import/gnu/arm/5.4.1/bin/../lib/gcc/arm-none-eabi/5.4.1/../../../../arm-none-eabi/lib/armv7-m\libg.a(lib_a-dtoa.o)
                0x00003190                _dtoa_r
 .text.__libc_fini_array
                0x00003fdc       0x28 c:/program files (x86)/cypress/psoc creator/4.2/psoc creator/import/gnu/arm/5.4.1/bin/../lib/gcc/arm-none-eabi/5.4.1/../../../../arm-none-eabi/lib/armv7-m\libg.a(lib_a-fini.o)
                0x00003fdc                __libc_fini_array
 .text._localeconv_r
                0x00004004        0x8 c:/program files (x86)/cypress/psoc creator/4.2/psoc creator/import/gnu/arm/5.4.1/bin/../lib/gcc/arm-none-eabi/5.4.1/../../../../arm-none-eabi/lib/armv7-m\libg.a(lib_a-locale.o)
                0x00004004                _localeconv_r
 .text._malloc_r
                0x0000400c      0x558 c:/program files (x86)/cypress/psoc creator/4.2/psoc creator/import/gnu/arm/5.4.1/bin/../lib/gcc/arm-none-eabi/5.4.1/../../../../arm-none-eabi/lib/armv7-m\libg.a(lib_a-mallocr.o)
                0x0000400c                _malloc_r
 .text.memchr   0x00004564       0x8c c:/program files (x86)/cypress/psoc creator/4.2/psoc creator/import/gnu/arm/5.4.1/bin/../lib/gcc/arm-none-eabi/5.4.1/../../../../arm-none-eabi/lib/armv7-m\libg.a(lib_a-memchr-stub.o)
                0x00004564                memchr
 .text.__malloc_lock
                0x000045f0        0x4 c:/program files (x86)/cypress/psoc creator/4.2/psoc creator/import/gnu/arm/5.4.1/bin/../lib/gcc/arm-none-eabi/5.4.1/../../../../arm-none-eabi/lib/armv7-m\libg.a(lib_a-mlock.o)
                0x000045f0                __malloc_lock
 .text.__malloc_unlock
                0x000045f4        0x4 c:/program files (x86)/cypress/psoc creator/4.2/psoc creator/import/gnu/arm/5.4.1/bin/../lib/gcc/arm-none-eabi/5.4.1/../../../../arm-none-eabi/lib/armv7-m\libg.a(lib_a-mlock.o)
                0x000045f4                __malloc_unlock
 .text._Balloc  0x000045f8       0x50 c:/program files (x86)/cypress/psoc creator/4.2/psoc creator/import/gnu/arm/5.4.1/bin/../lib/gcc/arm-none-eabi/5.4.1/../../../../arm-none-eabi/lib/armv7-m\libg.a(lib_a-mprec.o)
                0x000045f8                _Balloc
 .text._Bfree   0x00004648       0x14 c:/program files (x86)/cypress/psoc creator/4.2/psoc creator/import/gnu/arm/5.4.1/bin/../lib/gcc/arm-none-eabi/5.4.1/../../../../arm-none-eabi/lib/armv7-m\libg.a(lib_a-mprec.o)
                0x00004648                _Bfree
 .text.__multadd
                0x0000465c       0x80 c:/program files (x86)/cypress/psoc creator/4.2/psoc creator/import/gnu/arm/5.4.1/bin/../lib/gcc/arm-none-eabi/5.4.1/../../../../arm-none-eabi/lib/armv7-m\libg.a(lib_a-mprec.o)
                0x0000465c                __multadd
 .text.__hi0bits
                0x000046dc       0x40 c:/program files (x86)/cypress/psoc creator/4.2/psoc creator/import/gnu/arm/5.4.1/bin/../lib/gcc/arm-none-eabi/5.4.1/../../../../arm-none-eabi/lib/armv7-m\libg.a(lib_a-mprec.o)
                0x000046dc                __hi0bits
 .text.__lo0bits
                0x0000471c       0x5c c:/program files (x86)/cypress/psoc creator/4.2/psoc creator/import/gnu/arm/5.4.1/bin/../lib/gcc/arm-none-eabi/5.4.1/../../../../arm-none-eabi/lib/armv7-m\libg.a(lib_a-mprec.o)
                0x0000471c                __lo0bits
 .text.__i2b    0x00004778       0x14 c:/program files (x86)/cypress/psoc creator/4.2/psoc creator/import/gnu/arm/5.4.1/bin/../lib/gcc/arm-none-eabi/5.4.1/../../../../arm-none-eabi/lib/armv7-m\libg.a(lib_a-mprec.o)
                0x00004778                __i2b
 .text.__multiply
                0x0000478c      0x13c c:/program files (x86)/cypress/psoc creator/4.2/psoc creator/import/gnu/arm/5.4.1/bin/../lib/gcc/arm-none-eabi/5.4.1/../../../../arm-none-eabi/lib/armv7-m\libg.a(lib_a-mprec.o)
                0x0000478c                __multiply
 .text.__pow5mult
                0x000048c8       0xa0 c:/program files (x86)/cypress/psoc creator/4.2/psoc creator/import/gnu/arm/5.4.1/bin/../lib/gcc/arm-none-eabi/5.4.1/../../../../arm-none-eabi/lib/armv7-m\libg.a(lib_a-mprec.o)
                0x000048c8                __pow5mult
 .text.__lshift
                0x00004968       0xac c:/program files (x86)/cypress/psoc creator/4.2/psoc creator/import/gnu/arm/5.4.1/bin/../lib/gcc/arm-none-eabi/5.4.1/../../../../arm-none-eabi/lib/armv7-m\libg.a(lib_a-mprec.o)
                0x00004968                __lshift
 .text.__mcmp   0x00004a14       0x40 c:/program files (x86)/cypress/psoc creator/4.2/psoc creator/import/gnu/arm/5.4.1/bin/../lib/gcc/arm-none-eabi/5.4.1/../../../../arm-none-eabi/lib/armv7-m\libg.a(lib_a-mprec.o)
                0x00004a14                __mcmp
 .text.__mdiff  0x00004a54      0x128 c:/program files (x86)/cypress/psoc creator/4.2/psoc creator/import/gnu/arm/5.4.1/bin/../lib/gcc/arm-none-eabi/5.4.1/../../../../arm-none-eabi/lib/armv7-m\libg.a(lib_a-mprec.o)
                0x00004a54                __mdiff
 .text.__d2b    0x00004b7c       0xa8 c:/program files (x86)/cypress/psoc creator/4.2/psoc creator/import/gnu/arm/5.4.1/bin/../lib/gcc/arm-none-eabi/5.4.1/../../../../arm-none-eabi/lib/armv7-m\libg.a(lib_a-mprec.o)
                0x00004b7c                __d2b
 .text._sbrk_r  0x00004c24       0x24 c:/program files (x86)/cypress/psoc creator/4.2/psoc creator/import/gnu/arm/5.4.1/bin/../lib/gcc/arm-none-eabi/5.4.1/../../../../arm-none-eabi/lib/armv7-m\libg.a(lib_a-sbrkr.o)
                0x00004c24                _sbrk_r
 .text.strlen   0x00004c48       0x5c c:/program files (x86)/cypress/psoc creator/4.2/psoc creator/import/gnu/arm/5.4.1/bin/../lib/gcc/arm-none-eabi/5.4.1/../../../../arm-none-eabi/lib/armv7-m\libg.a(lib_a-strlen-stub.o)
                0x00004c48                strlen
 .text.__ssprint_r
                0x00004ca4      0x100 c:/program files (x86)/cypress/psoc creator/4.2/psoc creator/import/gnu/arm/5.4.1/bin/../lib/gcc/arm-none-eabi/5.4.1/../../../../arm-none-eabi/lib/armv7-m\libg.a(lib_a-svfiprintf.o)
                0x00004ca4                __ssprint_r
 .text.__register_exitproc
                0x00004da4       0xa4 c:/program files (x86)/cypress/psoc creator/4.2/psoc creator/import/gnu/arm/5.4.1/bin/../lib/gcc/arm-none-eabi/5.4.1/../../../../arm-none-eabi/lib/armv7-m\libg.a(lib_a-__atexit.o)
                0x00004da4                __register_exitproc
 .text._calloc_r
                0x00004e48       0x60 c:/program files (x86)/cypress/psoc creator/4.2/psoc creator/import/gnu/arm/5.4.1/bin/../lib/gcc/arm-none-eabi/5.4.1/../../../../arm-none-eabi/lib/armv7-m\libg.a(lib_a-callocr.o)
                0x00004e48                _calloc_r
 .text._malloc_trim_r
                0x00004ea8       0x9c c:/program files (x86)/cypress/psoc creator/4.2/psoc creator/import/gnu/arm/5.4.1/bin/../lib/gcc/arm-none-eabi/5.4.1/../../../../arm-none-eabi/lib/armv7-m\libg.a(lib_a-freer.o)
                0x00004ea8                _malloc_trim_r
 .text._free_r  0x00004f44      0x1d0 c:/program files (x86)/cypress/psoc creator/4.2/psoc creator/import/gnu/arm/5.4.1/bin/../lib/gcc/arm-none-eabi/5.4.1/../../../../arm-none-eabi/lib/armv7-m\libg.a(lib_a-freer.o)
                0x00004f44                _free_r
 .text.memmove  0x00005114       0xc8 c:/program files (x86)/cypress/psoc creator/4.2/psoc creator/import/gnu/arm/5.4.1/bin/../lib/gcc/arm-none-eabi/5.4.1/../../../../arm-none-eabi/lib/armv7-m\libg.a(lib_a-memmove.o)
                0x00005114                memmove
 .text._realloc_r
                0x000051dc      0x3d4 c:/program files (x86)/cypress/psoc creator/4.2/psoc creator/import/gnu/arm/5.4.1/bin/../lib/gcc/arm-none-eabi/5.4.1/../../../../arm-none-eabi/lib/armv7-m\libg.a(lib_a-reallocr.o)
                0x000051dc                _realloc_r
 .text          0x000055b0      0x110 c:/program files (x86)/cypress/psoc creator/4.2/psoc creator/import/gnu/arm/5.4.1/bin/../lib/gcc/arm-none-eabi/5.4.1/armv7-m\libgcc.a(_arm_cmpdf2.o)
                0x000055b0                __gtdf2
                0x000055b0                __gedf2
                0x000055b8                __ltdf2
                0x000055b8                __ledf2
                0x000055c0                __nedf2
                0x000055c0                __eqdf2
                0x000055c0                __cmpdf2
                0x0000563c                __aeabi_cdrcmple
                0x0000564c                __aeabi_cdcmpeq
                0x0000564c                __aeabi_cdcmple
                0x0000565c                __aeabi_dcmpeq
                0x00005670                __aeabi_dcmplt
                0x00005684                __aeabi_dcmple
                0x00005698                __aeabi_dcmpge
                0x000056ac                __aeabi_dcmpgt
 .text          0x000056c0       0x2c c:/program files (x86)/cypress/psoc creator/4.2/psoc creator/import/gnu/arm/5.4.1/bin/../lib/gcc/arm-none-eabi/5.4.1/armv7-m\libgcc.a(_arm_unorddf2.o)
                0x000056c0                __unorddf2
                0x000056c0                __aeabi_dcmpun
 .text          0x000056ec       0x30 c:/program files (x86)/cypress/psoc creator/4.2/psoc creator/import/gnu/arm/5.4.1/bin/../lib/gcc/arm-none-eabi/5.4.1/armv7-m\libgcc.a(_aeabi_uldivmod.o)
                0x000056ec                __aeabi_uldivmod
 .text          0x0000571c      0x2ec c:/program files (x86)/cypress/psoc creator/4.2/psoc creator/import/gnu/arm/5.4.1/bin/../lib/gcc/arm-none-eabi/5.4.1/armv7-m\libgcc.a(_udivmoddi4.o)
                0x0000571c                __udivmoddi4
 .text          0x00005a08        0x4 c:/program files (x86)/cypress/psoc creator/4.2/psoc creator/import/gnu/arm/5.4.1/bin/../lib/gcc/arm-none-eabi/5.4.1/armv7-m\libgcc.a(_dvmd_tls.o)
                0x00005a08                __aeabi_idiv0
                0x00005a08                __aeabi_ldiv0
 *(.plt)
 *(.gnu.warning)
 *(.glue_7t)
 .glue_7t       0x00005a0c        0x0 linker stubs
 *(.glue_7)
 .glue_7        0x00005a0c        0x0 linker stubs
 *(.vfp11_veneer)
 .vfp11_veneer  0x00005a0c        0x0 linker stubs
 *(.bootloader)
 *(.ARM.extab* .gnu.linkonce.armextab.*)
 *(.gcc_except_table)

.v4_bx          0x00005a0c        0x0
 .v4_bx         0x00005a0c        0x0 linker stubs

.iplt           0x00005a0c        0x0
 .iplt          0x00005a0c        0x0 c:/program files (x86)/cypress/psoc creator/4.2/psoc creator/import/gnu/arm/5.4.1/bin/../lib/gcc/arm-none-eabi/5.4.1/armv7-m/crtbegin.o

.eh_frame_hdr
 *(.eh_frame_hdr)

.eh_frame       0x00005a0c        0x4
 *(.eh_frame)
 .eh_frame      0x00005a0c        0x0 c:/program files (x86)/cypress/psoc creator/4.2/psoc creator/import/gnu/arm/5.4.1/bin/../lib/gcc/arm-none-eabi/5.4.1/armv7-m/crtbegin.o
 .eh_frame      0x00005a0c        0x4 c:/program files (x86)/cypress/psoc creator/4.2/psoc creator/import/gnu/arm/5.4.1/bin/../lib/gcc/arm-none-eabi/5.4.1/armv7-m/crtend.o
                [!provide]                PROVIDE (__exidx_start, .)

.ARM.exidx      0x00005a10        0x8
 *(.ARM.exidx* .gnu.linkonce.armexidx.*)
 .ARM.exidx     0x00005a10        0x8 c:/program files (x86)/cypress/psoc creator/4.2/psoc creator/import/gnu/arm/5.4.1/bin/../lib/gcc/arm-none-eabi/5.4.1/armv7-m\libgcc.a(_udivmoddi4.o)
                0x00005a18                __exidx_end = .

.rodata         0x00005a18      0x240
 *(.rodata .rodata.* .gnu.linkonce.r.*)
 .rodata.str1.4
                0x00005a18       0x52 .\CortexM3\ARM_GCC_541\Debug\main.o
 *fill*         0x00005a6a        0x2 
 .rodata        0x00005a6c       0x2a .\CortexM3\ARM_GCC_541\Debug\cyfitter_cfg.o
 *fill*         0x00005a96        0x2 
 .rodata.str1.4
                0x00005a98        0x2 c:/program files (x86)/cypress/psoc creator/4.2/psoc creator/import/gnu/arm/5.4.1/bin/../lib/gcc/arm-none-eabi/5.4.1/../../../../arm-none-eabi/lib/armv7-m\libg.a(lib_a-impure.o)
 *fill*         0x00005a9a        0x2 
 .rodata._global_impure_ptr
                0x00005a9c        0x4 c:/program files (x86)/cypress/psoc creator/4.2/psoc creator/import/gnu/arm/5.4.1/bin/../lib/gcc/arm-none-eabi/5.4.1/../../../../arm-none-eabi/lib/armv7-m\libg.a(lib_a-impure.o)
                0x00005a9c                _global_impure_ptr
 .rodata.blanks.7055
                0x00005aa0       0x10 c:/program files (x86)/cypress/psoc creator/4.2/psoc creator/import/gnu/arm/5.4.1/bin/../lib/gcc/arm-none-eabi/5.4.1/../../../../arm-none-eabi/lib/armv7-m\libg.a(lib_a-svfprintf.o)
 .rodata.str1.4
                0x00005ab0       0x42 c:/program files (x86)/cypress/psoc creator/4.2/psoc creator/import/gnu/arm/5.4.1/bin/../lib/gcc/arm-none-eabi/5.4.1/../../../../arm-none-eabi/lib/armv7-m\libg.a(lib_a-svfprintf.o)
 *fill*         0x00005af2        0x2 
 .rodata.zeroes.7056
                0x00005af4       0x10 c:/program files (x86)/cypress/psoc creator/4.2/psoc creator/import/gnu/arm/5.4.1/bin/../lib/gcc/arm-none-eabi/5.4.1/../../../../arm-none-eabi/lib/armv7-m\libg.a(lib_a-svfprintf.o)
 .rodata.str1.4
                0x00005b04       0x10 c:/program files (x86)/cypress/psoc creator/4.2/psoc creator/import/gnu/arm/5.4.1/bin/../lib/gcc/arm-none-eabi/5.4.1/../../../../arm-none-eabi/lib/armv7-m\libg.a(lib_a-dtoa.o)
                                 0x12 (size before relaxing)
 .rodata.str1.4
                0x00005b14        0xc c:/program files (x86)/cypress/psoc creator/4.2/psoc creator/import/gnu/arm/5.4.1/bin/../lib/gcc/arm-none-eabi/5.4.1/../../../../arm-none-eabi/lib/armv7-m\libg.a(lib_a-locale.o)
                                 0x12 (size before relaxing)
 .rodata.__mprec_tens
                0x00005b20       0xc8 c:/program files (x86)/cypress/psoc creator/4.2/psoc creator/import/gnu/arm/5.4.1/bin/../lib/gcc/arm-none-eabi/5.4.1/../../../../arm-none-eabi/lib/armv7-m\libg.a(lib_a-mprec.o)
                0x00005b20                __mprec_tens
 .rodata.__mprec_bigtens
                0x00005be8       0x28 c:/program files (x86)/cypress/psoc creator/4.2/psoc creator/import/gnu/arm/5.4.1/bin/../lib/gcc/arm-none-eabi/5.4.1/../../../../arm-none-eabi/lib/armv7-m\libg.a(lib_a-mprec.o)
                0x00005be8                __mprec_bigtens
 .rodata.p05.5396
                0x00005c10        0xc c:/program files (x86)/cypress/psoc creator/4.2/psoc creator/import/gnu/arm/5.4.1/bin/../lib/gcc/arm-none-eabi/5.4.1/../../../../arm-none-eabi/lib/armv7-m\libg.a(lib_a-mprec.o)
                0x00005c1c                . = ALIGN (0x4)
 *(.init)
 .init          0x00005c1c        0x4 c:/program files (x86)/cypress/psoc creator/4.2/psoc creator/import/gnu/arm/5.4.1/bin/../lib/gcc/arm-none-eabi/5.4.1/armv7-m/crti.o
                0x00005c1c                _init
 .init          0x00005c20        0x8 c:/program files (x86)/cypress/psoc creator/4.2/psoc creator/import/gnu/arm/5.4.1/bin/../lib/gcc/arm-none-eabi/5.4.1/armv7-m/crtn.o
                0x00005c28                . = ALIGN (0x4)
                0x00005c28                __preinit_array_start = .
 *(.preinit_array)
                0x00005c28                __preinit_array_end = .
                0x00005c28                . = ALIGN (0x4)
                0x00005c28                __init_array_start = .
 *(SORT(.init_array.*))
 .init_array.00000
                0x00005c28        0x4 c:/program files (x86)/cypress/psoc creator/4.2/psoc creator/import/gnu/arm/5.4.1/bin/../lib/gcc/arm-none-eabi/5.4.1/../../../../arm-none-eabi/lib/armv7-m\libg.a(lib_a-__call_atexit.o)
 *(.init_array)
 .init_array    0x00005c2c        0x4 c:/program files (x86)/cypress/psoc creator/4.2/psoc creator/import/gnu/arm/5.4.1/bin/../lib/gcc/arm-none-eabi/5.4.1/armv7-m/crtbegin.o
 .init_array    0x00005c30        0x4 .\CortexM3\ARM_GCC_541\Debug\Cm3Start.o
                0x00005c34                __init_array_end = .
                0x00005c34                . = ALIGN (0x4)
 *(.fini)
 .fini          0x00005c34        0x4 c:/program files (x86)/cypress/psoc creator/4.2/psoc creator/import/gnu/arm/5.4.1/bin/../lib/gcc/arm-none-eabi/5.4.1/armv7-m/crti.o
                0x00005c34                _fini
 .fini          0x00005c38        0x8 c:/program files (x86)/cypress/psoc creator/4.2/psoc creator/import/gnu/arm/5.4.1/bin/../lib/gcc/arm-none-eabi/5.4.1/armv7-m/crtn.o
                0x00005c40                . = ALIGN (0x4)
                0x00005c40                __fini_array_start = .
 *(.fini_array)
 .fini_array    0x00005c40        0x4 c:/program files (x86)/cypress/psoc creator/4.2/psoc creator/import/gnu/arm/5.4.1/bin/../lib/gcc/arm-none-eabi/5.4.1/armv7-m/crtbegin.o
 *(SORT(.fini_array.*))
                0x00005c44                __fini_array_end = .
                0x00005c44                . = ALIGN (0x4)
 *crtbegin.o(.ctors)
 *(EXCLUDE_FILE(*crtend.o) .ctors)
 *(SORT(.ctors.*))
 *crtend.o(.ctors)
                0x00005c44                . = ALIGN (0x4)
 *crtbegin.o(.dtors)
 *(EXCLUDE_FILE(*crtend.o) .dtors)
 *(SORT(.dtors.*))
 *crtend.o(.dtors)
                0x00005c44                . = ALIGN (0x4)
                0x00005c44                __cy_regions = .
                0x00005c44        0x4 LONG 0x5c58 __cy_region_init_ram
                0x00005c48        0x4 LONG 0x1fff80c8 __cy_region_start_data
                0x00005c4c        0x4 LONG 0x908 __cy_region_init_size_ram
                0x00005c50        0x4 LONG 0x178 __cy_region_zero_size_ram
                0x00005c54                __cy_regions_end = .
                0x00005c58                . = ALIGN (0x8)
 *fill*         0x00005c54        0x4 
                0x00005c58                _etext = .

.cy_checksum_exclude
                0x00005c58        0x0
 *(.cy_checksum_exclude)

.ramvectors     0x1fff8000       0xc0
                0x1fff8000                __cy_region_start_ram = .
 *(.ramvectors)
 .ramvectors    0x1fff8000       0xc0 .\CortexM3\ARM_GCC_541\Debug\Cm3Start.o
                0x1fff8000                CyRamVectors

.noinit         0x1fff80c0        0x1
 *(.noinit)
 .noinit        0x1fff80c0        0x1 .\CortexM3\ARM_GCC_541\Debug\Navigation.a(CyLib.o)
                0x1fff80c0                CyResetStatus

.data           0x1fff80c8      0x908 load address 0x00005c58
                0x1fff80c8                __cy_region_start_data = .
 *(.jcr)
 .jcr           0x1fff80c8        0x0 c:/program files (x86)/cypress/psoc creator/4.2/psoc creator/import/gnu/arm/5.4.1/bin/../lib/gcc/arm-none-eabi/5.4.1/armv7-m/crtbegin.o
 .jcr           0x1fff80c8        0x4 c:/program files (x86)/cypress/psoc creator/4.2/psoc creator/import/gnu/arm/5.4.1/bin/../lib/gcc/arm-none-eabi/5.4.1/armv7-m/crtend.o
 *(.got.plt)
 *(.got)
 *(.shdata)
 *(.data .data.* .gnu.linkonce.d.*)
 *fill*         0x1fff80cc        0x4 
 .data          0x1fff80d0       0x70 .\CortexM3\ARM_GCC_541\Debug\main.o
                0x1fff80d0                COUNTDOWN
                0x1fff80d8                LPF
                0x1fff80dc                FPS
                0x1fff80e0                XSHSync
                0x1fff80e4                OEFREQ
                0x1fff80e8                VFREQ
                0x1fff80ec                PICHEIGHT
                0x1fff80f0                PICWIDTH
                0x1fff80f8                oldError
                0x1fff8100                KD
                0x1fff8108                KI
                0x1fff8110                KP
                0x1fff8118                setSpeed
                0x1fff8120                TICKCUTOFF
                0x1fff8124                ON
                0x1fff8128                FREQ
                0x1fff8130                LENGTH
                0x1fff8138                PI
 .data          0x1fff8140        0x4 .\CortexM3\ARM_GCC_541\Debug\Cm3Start.o
 .data          0x1fff8144       0x10 .\CortexM3\ARM_GCC_541\Debug\Navigation.a(CyLib.o)
                0x1fff8144                cydelay_32k_ms
                0x1fff8148                cydelay_freq_khz
                0x1fff814c                cydelay_freq_mhz
                0x1fff8150                cydelay_freq_hz
 *fill*         0x1fff8154        0x4 
 .data.impure_data
                0x1fff8158      0x428 c:/program files (x86)/cypress/psoc creator/4.2/psoc creator/import/gnu/arm/5.4.1/bin/../lib/gcc/arm-none-eabi/5.4.1/../../../../arm-none-eabi/lib/armv7-m\libg.a(lib_a-impure.o)
 .data._impure_ptr
                0x1fff8580        0x4 c:/program files (x86)/cypress/psoc creator/4.2/psoc creator/import/gnu/arm/5.4.1/bin/../lib/gcc/arm-none-eabi/5.4.1/../../../../arm-none-eabi/lib/armv7-m\libg.a(lib_a-impure.o)
                0x1fff8580                _impure_ptr
 .data.lconv    0x1fff8584       0x38 c:/program files (x86)/cypress/psoc creator/4.2/psoc creator/import/gnu/arm/5.4.1/bin/../lib/gcc/arm-none-eabi/5.4.1/../../../../arm-none-eabi/lib/armv7-m\libg.a(lib_a-locale.o)
 .data.__malloc_av_
                0x1fff85bc      0x408 c:/program files (x86)/cypress/psoc creator/4.2/psoc creator/import/gnu/arm/5.4.1/bin/../lib/gcc/arm-none-eabi/5.4.1/../../../../arm-none-eabi/lib/armv7-m\libg.a(lib_a-mallocr.o)
                0x1fff85bc                __malloc_av_
 .data.__malloc_trim_threshold
                0x1fff89c4        0x4 c:/program files (x86)/cypress/psoc creator/4.2/psoc creator/import/gnu/arm/5.4.1/bin/../lib/gcc/arm-none-eabi/5.4.1/../../../../arm-none-eabi/lib/armv7-m\libg.a(lib_a-mallocr.o)
                0x1fff89c4                __malloc_trim_threshold
 .data.__malloc_sbrk_base
                0x1fff89c8        0x4 c:/program files (x86)/cypress/psoc creator/4.2/psoc creator/import/gnu/arm/5.4.1/bin/../lib/gcc/arm-none-eabi/5.4.1/../../../../arm-none-eabi/lib/armv7-m\libg.a(lib_a-mallocr.o)
                0x1fff89c8                __malloc_sbrk_base
                0x1fff89d0                . = ALIGN (0x8)
 *fill*         0x1fff89cc        0x4 
 *(.ram)
                0x1fff89d0                _edata = .

.igot.plt       0x1fff89d0        0x0 load address 0x00006560
 .igot.plt      0x1fff89d0        0x0 c:/program files (x86)/cypress/psoc creator/4.2/psoc creator/import/gnu/arm/5.4.1/bin/../lib/gcc/arm-none-eabi/5.4.1/armv7-m/crtbegin.o

.bss            0x1fff89d0      0x178 load address 0x00006560
                0x1fff89d0                PROVIDE (__bss_start__, .)
 *(.shbss)
 *(.bss .bss.* .gnu.linkonce.b.*)
 .bss           0x1fff89d0       0x1c c:/program files (x86)/cypress/psoc creator/4.2/psoc creator/import/gnu/arm/5.4.1/bin/../lib/gcc/arm-none-eabi/5.4.1/armv7-m/crtbegin.o
 *fill*         0x1fff89ec        0x4 
 .bss           0x1fff89f0       0x34 .\CortexM3\ARM_GCC_541\Debug\main.o
                0x1fff89f0                hallFlag
                0x1fff89f4                blackFlag
                0x1fff89f8                newFrameFlag
                0x1fff8a00                sum
                0x1fff8a08                currentTime
                0x1fff8a0c                oldTime
                0x1fff8a10                OFF
                0x1fff8a18                time
                0x1fff8a20                ticks
 .bss           0x1fff8a24        0x2 .\CortexM3\ARM_GCC_541\Debug\Navigation.a(LCD.o)
                0x1fff8a24                LCD_enableState
                0x1fff8a25                LCD_initVar
 .bss           0x1fff8a26        0x1 .\CortexM3\ARM_GCC_541\Debug\Navigation.a(PWM.o)
                0x1fff8a26                PWM_initVar
 .bss           0x1fff8a27        0x1 .\CortexM3\ARM_GCC_541\Debug\Navigation.a(Timer.o)
                0x1fff8a27                Timer_initVar
 .bss           0x1fff8a28        0x2 .\CortexM3\ARM_GCC_541\Debug\Navigation.a(UART.o)
                0x1fff8a28                UART_initVar
 .bss           0x1fff8a2a        0x1 .\CortexM3\ARM_GCC_541\Debug\Navigation.a(VideoTimer.o)
                0x1fff8a2a                VideoTimer_initVar
 .bss           0x1fff8a2b        0x1 .\CortexM3\ARM_GCC_541\Debug\Navigation.a(Counter.o)
                0x1fff8a2b                Counter_initVar
 .bss           0x1fff8a2c        0x1 .\CortexM3\ARM_GCC_541\Debug\Navigation.a(OddEvenTimer.o)
                0x1fff8a2c                OddEvenTimer_initVar
 *fill*         0x1fff8a2d        0x3 
 .bss.__malloc_max_total_mem
                0x1fff8a30        0x4 c:/program files (x86)/cypress/psoc creator/4.2/psoc creator/import/gnu/arm/5.4.1/bin/../lib/gcc/arm-none-eabi/5.4.1/../../../../arm-none-eabi/lib/armv7-m\libg.a(lib_a-mallocr.o)
                0x1fff8a30                __malloc_max_total_mem
 .bss.__malloc_max_sbrked_mem
                0x1fff8a34        0x4 c:/program files (x86)/cypress/psoc creator/4.2/psoc creator/import/gnu/arm/5.4.1/bin/../lib/gcc/arm-none-eabi/5.4.1/../../../../arm-none-eabi/lib/armv7-m\libg.a(lib_a-mallocr.o)
                0x1fff8a34                __malloc_max_sbrked_mem
 .bss.__malloc_top_pad
                0x1fff8a38        0x4 c:/program files (x86)/cypress/psoc creator/4.2/psoc creator/import/gnu/arm/5.4.1/bin/../lib/gcc/arm-none-eabi/5.4.1/../../../../arm-none-eabi/lib/armv7-m\libg.a(lib_a-mallocr.o)
                0x1fff8a38                __malloc_top_pad
 .bss.__malloc_current_mallinfo
                0x1fff8a3c       0x28 c:/program files (x86)/cypress/psoc creator/4.2/psoc creator/import/gnu/arm/5.4.1/bin/../lib/gcc/arm-none-eabi/5.4.1/../../../../arm-none-eabi/lib/armv7-m\libg.a(lib_a-mallocr.o)
                0x1fff8a3c                __malloc_current_mallinfo
 *(COMMON)
 *fill*         0x1fff8a64        0x4 
 COMMON         0x1fff8a68       0xdc .\CortexM3\ARM_GCC_541\Debug\main.o
                0x1fff8a68                dutyCycle
                0x1fff8a70                HFREQ
                0x1fff8a78                uartbuf
                0x1fff8af8                avgError
                0x1fff8b00                errorDiff
                0x1fff8b08                eTime
                0x1fff8b10                firstPixelTime
                0x1fff8b18                lineTime
                0x1fff8b20                error
                0x1fff8b28                speed
                0x1fff8b30                LPS
                0x1fff8b34                strbuf
 COMMON         0x1fff8b44        0x4 c:/program files (x86)/cypress/psoc creator/4.2/psoc creator/import/gnu/arm/5.4.1/bin/../lib/gcc/arm-none-eabi/5.4.1/../../../../arm-none-eabi/lib/armv7-m\libg.a(lib_a-reent.o)
                0x1fff8b44                errno
                0x1fff8b48                . = ALIGN (0x8)
 *(.ram.b)
                0x1fff8b48                _end = .
                0x1fff8b48                __end = .
                0x1fff8b48                PROVIDE (end, .)
                0x1fff8b48                PROVIDE (__bss_end__, .)
                0x00005c58                __cy_region_init_ram = LOADADDR (.data)
                0x00000908                __cy_region_init_size_ram = (_edata - ADDR (.data))
                0x00000178                __cy_region_zero_size_ram = (_end - _edata)

.heap           0x1fff8b48     0x1000 load address 0x00006560
                0x1fff8b48                . = _end
                0x1fff9b48                . = (. + 0x1000)
 *fill*         0x1fff8b48     0x1000 
                0x1fff9b48                __cy_heap_limit = .

.stack          0x20007800      0x800
                0x20007800                __cy_stack_limit = .
                0x20008000                . = (. + 0x800)
 *fill*         0x20007800      0x800 
                0x00000001                ASSERT ((__cy_stack_limit >= __cy_heap_limit), region RAM overflowed with stack)
                0x00000000                cy_checksum_exclude_size = (CY_APPL_LOADABLE == 0x1)?SIZEOF (.cy_checksum_exclude):0x0
                0x00000001                ASSERT ((cy_checksum_exclude_size <= CY_CHECKSUM_EXCLUDE_SIZE), CY_BOOT: Section .cy_checksum_exclude size exceedes specified limit.)

.cyloadermeta
 *(.cyloadermeta)

.cyloadablemeta
 *(.cyloadablemeta)

.cyconfigecc    0x80000000      0x9e8
 *(.cyconfigecc)
 .cyconfigecc   0x80000000      0x9e8 .\CortexM3\ARM_GCC_541\Debug\cymetadata.o
                0x80000000                cy_meta_configecc

.cycustnvl      0x90000000        0x4
 *(.cycustnvl)
 .cycustnvl     0x90000000        0x4 .\CortexM3\ARM_GCC_541\Debug\cymetadata.o
                0x90000000                cy_meta_custnvl

.cywolatch      0x90100000        0x4
 *(.cywolatch)
 .cywolatch     0x90100000        0x4 .\CortexM3\ARM_GCC_541\Debug\cymetadata.o
                0x90100000                cy_meta_wonvl

.cyeeprom       0x90200000        0x0
 *(.cyeeprom)
                0x00000001                ASSERT ((. <= ((0x90200000 + ee_offset) + ee_size)), .cyeeprom data will not fit in EEPROM)

.cyflashprotect
                0x90400000      0x100
 *(.cyflashprotect)
 .cyflashprotect
                0x90400000      0x100 .\CortexM3\ARM_GCC_541\Debug\cymetadata.o
                0x90400000                cy_meta_flashprotect

.cymeta         0x90500000        0xc
 *(.cymeta)
 .cymeta        0x90500000        0xc .\CortexM3\ARM_GCC_541\Debug\cymetadata.o
                0x90500000                cy_metadata

.rel.dyn        0x00006560        0x0 load address 0x9050000c
 .rel.iplt      0x00006560        0x0 c:/program files (x86)/cypress/psoc creator/4.2/psoc creator/import/gnu/arm/5.4.1/bin/../lib/gcc/arm-none-eabi/5.4.1/armv7-m/crtbegin.o

.stab
 *(.stab)

.stabstr
 *(.stabstr)

.debug
 *(.debug)

.line
 *(.line)

.debug_srcinfo
 *(.debug_srcinfo)

.debug_sfnames
 *(.debug_sfnames)

.debug_aranges  0x00000000      0xbc0
 *(.debug_aranges)
 .debug_aranges
                0x00000000       0x38 .\CortexM3\ARM_GCC_541\Debug\main.o
 .debug_aranges
                0x00000038       0x58 .\CortexM3\ARM_GCC_541\Debug\cyfitter_cfg.o
 .debug_aranges
                0x00000090       0x18 .\CortexM3\ARM_GCC_541\Debug\cymetadata.o
 .debug_aranges
                0x000000a8       0x48 .\CortexM3\ARM_GCC_541\Debug\Cm3Start.o
 .debug_aranges
                0x000000f0       0x80 .\CortexM3\ARM_GCC_541\Debug\Navigation.a(HE_Interrupt.o)
 .debug_aranges
                0x00000170       0x98 .\CortexM3\ARM_GCC_541\Debug\Navigation.a(LCD.o)
 .debug_aranges
                0x00000208      0x2a0 .\CortexM3\ARM_GCC_541\Debug\Navigation.a(CyLib.o)
 .debug_aranges
                0x000004a8       0x98 .\CortexM3\ARM_GCC_541\Debug\Navigation.a(cyPm.o)
 .debug_aranges
                0x00000540       0x98 .\CortexM3\ARM_GCC_541\Debug\Navigation.a(PWM.o)
 .debug_aranges
                0x000005d8       0x98 .\CortexM3\ARM_GCC_541\Debug\Navigation.a(Timer.o)
 .debug_aranges
                0x00000670       0xf0 .\CortexM3\ARM_GCC_541\Debug\Navigation.a(UART.o)
 .debug_aranges
                0x00000760       0x70 .\CortexM3\ARM_GCC_541\Debug\Navigation.a(UART_IntClock.o)
 .debug_aranges
                0x000007d0       0x80 .\CortexM3\ARM_GCC_541\Debug\Navigation.a(StartFrame.o)
 .debug_aranges
                0x00000850       0x90 .\CortexM3\ARM_GCC_541\Debug\Navigation.a(VideoTimer.o)
 .debug_aranges
                0x000008e0       0x80 .\CortexM3\ARM_GCC_541\Debug\Navigation.a(Black.o)
 .debug_aranges
                0x00000960       0x98 .\CortexM3\ARM_GCC_541\Debug\Navigation.a(Counter.o)
 .debug_aranges
                0x000009f8       0xa0 .\CortexM3\ARM_GCC_541\Debug\Navigation.a(OddEvenTimer.o)
 .debug_aranges
                0x00000a98       0x20 .\CortexM3\ARM_GCC_541\Debug\Navigation.a(CyBootAsmGnu.o)
 .debug_aranges
                0x00000ab8       0x88 .\CortexM3\ARM_GCC_541\Debug\Navigation.a(CyFlash.o)
 .debug_aranges
                0x00000b40       0x80 .\CortexM3\ARM_GCC_541\Debug\Navigation.a(CySpc.o)

.debug_pubnames
 *(.debug_pubnames)

.debug_info     0x00000000     0x62ef
 *(.debug_info .gnu.linkonce.wi.*)
 .debug_info    0x00000000      0x6f4 .\CortexM3\ARM_GCC_541\Debug\main.o
 .debug_info    0x000006f4      0x55d .\CortexM3\ARM_GCC_541\Debug\cyfitter_cfg.o
 .debug_info    0x00000c51      0x139 .\CortexM3\ARM_GCC_541\Debug\cymetadata.o
 .debug_info    0x00000d8a      0x3bb .\CortexM3\ARM_GCC_541\Debug\Cm3Start.o
 .debug_info    0x00001145      0x2d2 .\CortexM3\ARM_GCC_541\Debug\Navigation.a(HE_Interrupt.o)
 .debug_info    0x00001417      0x715 .\CortexM3\ARM_GCC_541\Debug\Navigation.a(LCD.o)
 .debug_info    0x00001b2c     0x1374 .\CortexM3\ARM_GCC_541\Debug\Navigation.a(CyLib.o)
 .debug_info    0x00002ea0      0xa2a .\CortexM3\ARM_GCC_541\Debug\Navigation.a(cyPm.o)
 .debug_info    0x000038ca      0x334 .\CortexM3\ARM_GCC_541\Debug\Navigation.a(PWM.o)
 .debug_info    0x00003bfe      0x328 .\CortexM3\ARM_GCC_541\Debug\Navigation.a(Timer.o)
 .debug_info    0x00003f26      0x60c .\CortexM3\ARM_GCC_541\Debug\Navigation.a(UART.o)
 .debug_info    0x00004532      0x283 .\CortexM3\ARM_GCC_541\Debug\Navigation.a(UART_IntClock.o)
 .debug_info    0x000047b5      0x2d2 .\CortexM3\ARM_GCC_541\Debug\Navigation.a(StartFrame.o)
 .debug_info    0x00004a87      0x2ee .\CortexM3\ARM_GCC_541\Debug\Navigation.a(VideoTimer.o)
 .debug_info    0x00004d75      0x2d2 .\CortexM3\ARM_GCC_541\Debug\Navigation.a(Black.o)
 .debug_info    0x00005047      0x328 .\CortexM3\ARM_GCC_541\Debug\Navigation.a(Counter.o)
 .debug_info    0x0000536f      0x33f .\CortexM3\ARM_GCC_541\Debug\Navigation.a(OddEvenTimer.o)
 .debug_info    0x000056ae       0xa4 .\CortexM3\ARM_GCC_541\Debug\Navigation.a(CyBootAsmGnu.o)
 .debug_info    0x00005752      0x64d .\CortexM3\ARM_GCC_541\Debug\Navigation.a(CyFlash.o)
 .debug_info    0x00005d9f      0x550 .\CortexM3\ARM_GCC_541\Debug\Navigation.a(CySpc.o)

.debug_abbrev   0x00000000     0x1b17
 *(.debug_abbrev)
 .debug_abbrev  0x00000000      0x134 .\CortexM3\ARM_GCC_541\Debug\main.o
 .debug_abbrev  0x00000134      0x1fe .\CortexM3\ARM_GCC_541\Debug\cyfitter_cfg.o
 .debug_abbrev  0x00000332       0x77 .\CortexM3\ARM_GCC_541\Debug\cymetadata.o
 .debug_abbrev  0x000003a9      0x1e8 .\CortexM3\ARM_GCC_541\Debug\Cm3Start.o
 .debug_abbrev  0x00000591      0x173 .\CortexM3\ARM_GCC_541\Debug\Navigation.a(HE_Interrupt.o)
 .debug_abbrev  0x00000704      0x157 .\CortexM3\ARM_GCC_541\Debug\Navigation.a(LCD.o)
 .debug_abbrev  0x0000085b      0x254 .\CortexM3\ARM_GCC_541\Debug\Navigation.a(CyLib.o)
 .debug_abbrev  0x00000aaf      0x1ab .\CortexM3\ARM_GCC_541\Debug\Navigation.a(cyPm.o)
 .debug_abbrev  0x00000c5a      0x133 .\CortexM3\ARM_GCC_541\Debug\Navigation.a(PWM.o)
 .debug_abbrev  0x00000d8d      0x13a .\CortexM3\ARM_GCC_541\Debug\Navigation.a(Timer.o)
 .debug_abbrev  0x00000ec7      0x175 .\CortexM3\ARM_GCC_541\Debug\Navigation.a(UART.o)
 .debug_abbrev  0x0000103c      0x139 .\CortexM3\ARM_GCC_541\Debug\Navigation.a(UART_IntClock.o)
 .debug_abbrev  0x00001175      0x173 .\CortexM3\ARM_GCC_541\Debug\Navigation.a(StartFrame.o)
 .debug_abbrev  0x000012e8      0x12b .\CortexM3\ARM_GCC_541\Debug\Navigation.a(VideoTimer.o)
 .debug_abbrev  0x00001413      0x173 .\CortexM3\ARM_GCC_541\Debug\Navigation.a(Black.o)
 .debug_abbrev  0x00001586      0x117 .\CortexM3\ARM_GCC_541\Debug\Navigation.a(Counter.o)
 .debug_abbrev  0x0000169d      0x12b .\CortexM3\ARM_GCC_541\Debug\Navigation.a(OddEvenTimer.o)
 .debug_abbrev  0x000017c8       0x14 .\CortexM3\ARM_GCC_541\Debug\Navigation.a(CyBootAsmGnu.o)
 .debug_abbrev  0x000017dc      0x1a7 .\CortexM3\ARM_GCC_541\Debug\Navigation.a(CyFlash.o)
 .debug_abbrev  0x00001983      0x194 .\CortexM3\ARM_GCC_541\Debug\Navigation.a(CySpc.o)

.debug_line     0x00000000     0x29ba
 *(.debug_line)
 .debug_line    0x00000000      0x2ad .\CortexM3\ARM_GCC_541\Debug\main.o
 .debug_line    0x000002ad      0x1e8 .\CortexM3\ARM_GCC_541\Debug\cyfitter_cfg.o
 .debug_line    0x00000495      0x141 .\CortexM3\ARM_GCC_541\Debug\cymetadata.o
 .debug_line    0x000005d6      0x234 .\CortexM3\ARM_GCC_541\Debug\Cm3Start.o
 .debug_line    0x0000080a      0x139 .\CortexM3\ARM_GCC_541\Debug\Navigation.a(HE_Interrupt.o)
 .debug_line    0x00000943      0x1dc .\CortexM3\ARM_GCC_541\Debug\Navigation.a(LCD.o)
 .debug_line    0x00000b1f      0x816 .\CortexM3\ARM_GCC_541\Debug\Navigation.a(CyLib.o)
 .debug_line    0x00001335      0x367 .\CortexM3\ARM_GCC_541\Debug\Navigation.a(cyPm.o)
 .debug_line    0x0000169c      0x183 .\CortexM3\ARM_GCC_541\Debug\Navigation.a(PWM.o)
 .debug_line    0x0000181f      0x182 .\CortexM3\ARM_GCC_541\Debug\Navigation.a(Timer.o)
 .debug_line    0x000019a1      0x2bc .\CortexM3\ARM_GCC_541\Debug\Navigation.a(UART.o)
 .debug_line    0x00001c5d      0x17c .\CortexM3\ARM_GCC_541\Debug\Navigation.a(UART_IntClock.o)
 .debug_line    0x00001dd9      0x137 .\CortexM3\ARM_GCC_541\Debug\Navigation.a(StartFrame.o)
 .debug_line    0x00001f10      0x175 .\CortexM3\ARM_GCC_541\Debug\Navigation.a(VideoTimer.o)
 .debug_line    0x00002085      0x132 .\CortexM3\ARM_GCC_541\Debug\Navigation.a(Black.o)
 .debug_line    0x000021b7      0x187 .\CortexM3\ARM_GCC_541\Debug\Navigation.a(Counter.o)
 .debug_line    0x0000233e      0x19c .\CortexM3\ARM_GCC_541\Debug\Navigation.a(OddEvenTimer.o)
 .debug_line    0x000024da       0x66 .\CortexM3\ARM_GCC_541\Debug\Navigation.a(CyBootAsmGnu.o)
 .debug_line    0x00002540      0x21a .\CortexM3\ARM_GCC_541\Debug\Navigation.a(CyFlash.o)
 .debug_line    0x0000275a      0x260 .\CortexM3\ARM_GCC_541\Debug\Navigation.a(CySpc.o)

.debug_frame    0x00000000     0x25d4
 *(.debug_frame)
 .debug_frame   0x00000000       0x70 .\CortexM3\ARM_GCC_541\Debug\main.o
 .debug_frame   0x00000070       0xe4 .\CortexM3\ARM_GCC_541\Debug\cyfitter_cfg.o
 .debug_frame   0x00000154       0xb8 .\CortexM3\ARM_GCC_541\Debug\Cm3Start.o
 .debug_frame   0x0000020c      0x104 .\CortexM3\ARM_GCC_541\Debug\Navigation.a(HE_Interrupt.o)
 .debug_frame   0x00000310      0x1e8 .\CortexM3\ARM_GCC_541\Debug\Navigation.a(LCD.o)
 .debug_frame   0x000004f8      0x738 .\CortexM3\ARM_GCC_541\Debug\Navigation.a(CyLib.o)
 .debug_frame   0x00000c30      0x1f8 .\CortexM3\ARM_GCC_541\Debug\Navigation.a(cyPm.o)
 .debug_frame   0x00000e28      0x134 .\CortexM3\ARM_GCC_541\Debug\Navigation.a(PWM.o)
 .debug_frame   0x00000f5c      0x134 .\CortexM3\ARM_GCC_541\Debug\Navigation.a(Timer.o)
 .debug_frame   0x00001090      0x250 .\CortexM3\ARM_GCC_541\Debug\Navigation.a(UART.o)
 .debug_frame   0x000012e0       0xe0 .\CortexM3\ARM_GCC_541\Debug\Navigation.a(UART_IntClock.o)
 .debug_frame   0x000013c0      0x104 .\CortexM3\ARM_GCC_541\Debug\Navigation.a(StartFrame.o)
 .debug_frame   0x000014c4      0x124 .\CortexM3\ARM_GCC_541\Debug\Navigation.a(VideoTimer.o)
 .debug_frame   0x000015e8      0x104 .\CortexM3\ARM_GCC_541\Debug\Navigation.a(Black.o)
 .debug_frame   0x000016ec      0x134 .\CortexM3\ARM_GCC_541\Debug\Navigation.a(Counter.o)
 .debug_frame   0x00001820      0x144 .\CortexM3\ARM_GCC_541\Debug\Navigation.a(OddEvenTimer.o)
 .debug_frame   0x00001964      0x194 .\CortexM3\ARM_GCC_541\Debug\Navigation.a(CyFlash.o)
 .debug_frame   0x00001af8      0x180 .\CortexM3\ARM_GCC_541\Debug\Navigation.a(CySpc.o)
 .debug_frame   0x00001c78       0x20 c:/program files (x86)/cypress/psoc creator/4.2/psoc creator/import/gnu/arm/5.4.1/bin/../lib/gcc/arm-none-eabi/5.4.1/../../../../arm-none-eabi/lib/armv7-m\libg.a(lib_a-errno.o)
 .debug_frame   0x00001c98       0x28 c:/program files (x86)/cypress/psoc creator/4.2/psoc creator/import/gnu/arm/5.4.1/bin/../lib/gcc/arm-none-eabi/5.4.1/../../../../arm-none-eabi/lib/armv7-m\libg.a(lib_a-exit.o)
 .debug_frame   0x00001cc0       0x2c c:/program files (x86)/cypress/psoc creator/4.2/psoc creator/import/gnu/arm/5.4.1/bin/../lib/gcc/arm-none-eabi/5.4.1/../../../../arm-none-eabi/lib/armv7-m\libg.a(lib_a-init.o)
 .debug_frame   0x00001cec       0x34 c:/program files (x86)/cypress/psoc creator/4.2/psoc creator/import/gnu/arm/5.4.1/bin/../lib/gcc/arm-none-eabi/5.4.1/../../../../arm-none-eabi/lib/armv7-m\libg.a(lib_a-memset.o)
 .debug_frame   0x00001d20       0x84 c:/program files (x86)/cypress/psoc creator/4.2/psoc creator/import/gnu/arm/5.4.1/bin/../lib/gcc/arm-none-eabi/5.4.1/../../../../arm-none-eabi/lib/armv7-m\libg.a(lib_a-sprintf.o)
 .debug_frame   0x00001da4       0x44 c:/program files (x86)/cypress/psoc creator/4.2/psoc creator/import/gnu/arm/5.4.1/bin/../lib/gcc/arm-none-eabi/5.4.1/../../../../arm-none-eabi/lib/armv7-m\libg.a(lib_a-svfprintf.o)
 .debug_frame   0x00001de8       0x50 c:/program files (x86)/cypress/psoc creator/4.2/psoc creator/import/gnu/arm/5.4.1/bin/../lib/gcc/arm-none-eabi/5.4.1/../../../../arm-none-eabi/lib/armv7-m\libg.a(lib_a-__call_atexit.o)
 .debug_frame   0x00001e38       0x20 c:/program files (x86)/cypress/psoc creator/4.2/psoc creator/import/gnu/arm/5.4.1/bin/../lib/gcc/arm-none-eabi/5.4.1/../../../../arm-none-eabi/lib/armv7-m\libg.a(lib_a-atexit.o)
 .debug_frame   0x00001e58       0x84 c:/program files (x86)/cypress/psoc creator/4.2/psoc creator/import/gnu/arm/5.4.1/bin/../lib/gcc/arm-none-eabi/5.4.1/../../../../arm-none-eabi/lib/armv7-m\libg.a(lib_a-dtoa.o)
 .debug_frame   0x00001edc       0x34 c:/program files (x86)/cypress/psoc creator/4.2/psoc creator/import/gnu/arm/5.4.1/bin/../lib/gcc/arm-none-eabi/5.4.1/../../../../arm-none-eabi/lib/armv7-m\libg.a(lib_a-fini.o)
 .debug_frame   0x00001f10       0x9c c:/program files (x86)/cypress/psoc creator/4.2/psoc creator/import/gnu/arm/5.4.1/bin/../lib/gcc/arm-none-eabi/5.4.1/../../../../arm-none-eabi/lib/armv7-m\libg.a(lib_a-locale.o)
 .debug_frame   0x00001fac       0x54 c:/program files (x86)/cypress/psoc creator/4.2/psoc creator/import/gnu/arm/5.4.1/bin/../lib/gcc/arm-none-eabi/5.4.1/../../../../arm-none-eabi/lib/armv7-m\libg.a(lib_a-mallocr.o)
 .debug_frame   0x00002000       0x34 c:/program files (x86)/cypress/psoc creator/4.2/psoc creator/import/gnu/arm/5.4.1/bin/../lib/gcc/arm-none-eabi/5.4.1/../../../../arm-none-eabi/lib/armv7-m\libg.a(lib_a-memchr-stub.o)
 .debug_frame   0x00002034       0x30 c:/program files (x86)/cypress/psoc creator/4.2/psoc creator/import/gnu/arm/5.4.1/bin/../lib/gcc/arm-none-eabi/5.4.1/../../../../arm-none-eabi/lib/armv7-m\libg.a(lib_a-mlock.o)
 .debug_frame   0x00002064      0x264 c:/program files (x86)/cypress/psoc creator/4.2/psoc creator/import/gnu/arm/5.4.1/bin/../lib/gcc/arm-none-eabi/5.4.1/../../../../arm-none-eabi/lib/armv7-m\libg.a(lib_a-mprec.o)
 .debug_frame   0x000022c8       0x2c c:/program files (x86)/cypress/psoc creator/4.2/psoc creator/import/gnu/arm/5.4.1/bin/../lib/gcc/arm-none-eabi/5.4.1/../../../../arm-none-eabi/lib/armv7-m\libg.a(lib_a-sbrkr.o)
 .debug_frame   0x000022f4       0x34 c:/program files (x86)/cypress/psoc creator/4.2/psoc creator/import/gnu/arm/5.4.1/bin/../lib/gcc/arm-none-eabi/5.4.1/../../../../arm-none-eabi/lib/armv7-m\libg.a(lib_a-strcmp.o)
 .debug_frame   0x00002328       0x20 c:/program files (x86)/cypress/psoc creator/4.2/psoc creator/import/gnu/arm/5.4.1/bin/../lib/gcc/arm-none-eabi/5.4.1/../../../../arm-none-eabi/lib/armv7-m\libg.a(lib_a-strlen-stub.o)
 .debug_frame   0x00002348       0x78 c:/program files (x86)/cypress/psoc creator/4.2/psoc creator/import/gnu/arm/5.4.1/bin/../lib/gcc/arm-none-eabi/5.4.1/../../../../arm-none-eabi/lib/armv7-m\libg.a(lib_a-svfiprintf.o)
 .debug_frame   0x000023c0       0x34 c:/program files (x86)/cypress/psoc creator/4.2/psoc creator/import/gnu/arm/5.4.1/bin/../lib/gcc/arm-none-eabi/5.4.1/../../../../arm-none-eabi/lib/armv7-m\libg.a(lib_a-__atexit.o)
 .debug_frame   0x000023f4       0x28 c:/program files (x86)/cypress/psoc creator/4.2/psoc creator/import/gnu/arm/5.4.1/bin/../lib/gcc/arm-none-eabi/5.4.1/../../../../arm-none-eabi/lib/armv7-m\libg.a(lib_a-callocr.o)
 .debug_frame   0x0000241c       0x74 c:/program files (x86)/cypress/psoc creator/4.2/psoc creator/import/gnu/arm/5.4.1/bin/../lib/gcc/arm-none-eabi/5.4.1/../../../../arm-none-eabi/lib/armv7-m\libg.a(lib_a-freer.o)
 .debug_frame   0x00002490       0x30 c:/program files (x86)/cypress/psoc creator/4.2/psoc creator/import/gnu/arm/5.4.1/bin/../lib/gcc/arm-none-eabi/5.4.1/../../../../arm-none-eabi/lib/armv7-m\libg.a(lib_a-memmove.o)
 .debug_frame   0x000024c0       0x58 c:/program files (x86)/cypress/psoc creator/4.2/psoc creator/import/gnu/arm/5.4.1/bin/../lib/gcc/arm-none-eabi/5.4.1/../../../../arm-none-eabi/lib/armv7-m\libg.a(lib_a-reallocr.o)
 .debug_frame   0x00002518       0x58 c:/program files (x86)/cypress/psoc creator/4.2/psoc creator/import/gnu/arm/5.4.1/bin/../lib/gcc/arm-none-eabi/5.4.1/../../../../arm-none-eabi/lib/armv7-m\libg.a(lib_a-reent.o)
 .debug_frame   0x00002570       0x2c c:/program files (x86)/cypress/psoc creator/4.2/psoc creator/import/gnu/arm/5.4.1/bin/../lib/gcc/arm-none-eabi/5.4.1/armv7-m\libgcc.a(_aeabi_uldivmod.o)
 .debug_frame   0x0000259c       0x38 c:/program files (x86)/cypress/psoc creator/4.2/psoc creator/import/gnu/arm/5.4.1/bin/../lib/gcc/arm-none-eabi/5.4.1/armv7-m\libgcc.a(_udivmoddi4.o)

.debug_str      0x00000000     0x23dc
 *(.debug_str)
 .debug_str     0x00000000      0x3f9 .\CortexM3\ARM_GCC_541\Debug\main.o
                                0x458 (size before relaxing)
 .debug_str     0x000003f9      0x187 .\CortexM3\ARM_GCC_541\Debug\cyfitter_cfg.o
                                0x323 (size before relaxing)
 .debug_str     0x00000580       0x7f .\CortexM3\ARM_GCC_541\Debug\cymetadata.o
                                0x1f8 (size before relaxing)
 .debug_str     0x000005ff      0x144 .\CortexM3\ARM_GCC_541\Debug\Cm3Start.o
                                0x31e (size before relaxing)
 .debug_str     0x00000743      0x136 .\CortexM3\ARM_GCC_541\Debug\Navigation.a(HE_Interrupt.o)
                                0x31c (size before relaxing)
 .debug_str     0x00000879      0x151 .\CortexM3\ARM_GCC_541\Debug\Navigation.a(LCD.o)
                                0x33f (size before relaxing)
 .debug_str     0x000009ca      0x806 .\CortexM3\ARM_GCC_541\Debug\Navigation.a(CyLib.o)
                                0xa5b (size before relaxing)
 .debug_str     0x000011d0      0x365 .\CortexM3\ARM_GCC_541\Debug\Navigation.a(cyPm.o)
                                0x747 (size before relaxing)
 .debug_str     0x00001535      0x16e .\CortexM3\ARM_GCC_541\Debug\Navigation.a(PWM.o)
                                0x33f (size before relaxing)
 .debug_str     0x000016a3       0x46 .\CortexM3\ARM_GCC_541\Debug\Navigation.a(Timer.o)
                                0x376 (size before relaxing)
 .debug_str     0x000016e9      0x278 .\CortexM3\ARM_GCC_541\Debug\Navigation.a(UART.o)
                                0x489 (size before relaxing)
 .debug_str     0x00001961      0x183 .\CortexM3\ARM_GCC_541\Debug\Navigation.a(UART_IntClock.o)
                                0x34a (size before relaxing)
 .debug_str     0x00001ae4      0x106 .\CortexM3\ARM_GCC_541\Debug\Navigation.a(StartFrame.o)
                                0x300 (size before relaxing)
 .debug_str     0x00001bea      0x178 .\CortexM3\ARM_GCC_541\Debug\Navigation.a(VideoTimer.o)
                                0x3a9 (size before relaxing)
 .debug_str     0x00001d62       0xca .\CortexM3\ARM_GCC_541\Debug\Navigation.a(Black.o)
                                0x2ba (size before relaxing)
 .debug_str     0x00001e2c      0x16b .\CortexM3\ARM_GCC_541\Debug\Navigation.a(Counter.o)
                                0x385 (size before relaxing)
 .debug_str     0x00001f97      0x1de .\CortexM3\ARM_GCC_541\Debug\Navigation.a(OddEvenTimer.o)
                                0x415 (size before relaxing)
 .debug_str     0x00002175      0x1bb .\CortexM3\ARM_GCC_541\Debug\Navigation.a(CyFlash.o)
                                0x3d4 (size before relaxing)
 .debug_str     0x00002330       0xac .\CortexM3\ARM_GCC_541\Debug\Navigation.a(CySpc.o)
                                0x34c (size before relaxing)

.debug_loc      0x00000000     0x230a
 *(.debug_loc)
 .debug_loc     0x00000000       0x41 .\CortexM3\ARM_GCC_541\Debug\main.o
 .debug_loc     0x00000041      0x1d7 .\CortexM3\ARM_GCC_541\Debug\cyfitter_cfg.o
 .debug_loc     0x00000218      0x144 .\CortexM3\ARM_GCC_541\Debug\Cm3Start.o
 .debug_loc     0x0000035c       0x56 .\CortexM3\ARM_GCC_541\Debug\Navigation.a(HE_Interrupt.o)
 .debug_loc     0x000003b2      0x3c6 .\CortexM3\ARM_GCC_541\Debug\Navigation.a(LCD.o)
 .debug_loc     0x00000778      0xa11 .\CortexM3\ARM_GCC_541\Debug\Navigation.a(CyLib.o)
 .debug_loc     0x00001189      0x1e4 .\CortexM3\ARM_GCC_541\Debug\Navigation.a(cyPm.o)
 .debug_loc     0x0000136d       0x26 .\CortexM3\ARM_GCC_541\Debug\Navigation.a(PWM.o)
 .debug_loc     0x00001393       0x31 .\CortexM3\ARM_GCC_541\Debug\Navigation.a(Timer.o)
 .debug_loc     0x000013c4      0x258 .\CortexM3\ARM_GCC_541\Debug\Navigation.a(UART.o)
 .debug_loc     0x0000161c      0x128 .\CortexM3\ARM_GCC_541\Debug\Navigation.a(UART_IntClock.o)
 .debug_loc     0x00001744       0x56 .\CortexM3\ARM_GCC_541\Debug\Navigation.a(StartFrame.o)
 .debug_loc     0x0000179a       0x13 .\CortexM3\ARM_GCC_541\Debug\Navigation.a(VideoTimer.o)
 .debug_loc     0x000017ad       0x56 .\CortexM3\ARM_GCC_541\Debug\Navigation.a(Black.o)
 .debug_loc     0x00001803       0x3d .\CortexM3\ARM_GCC_541\Debug\Navigation.a(Counter.o)
 .debug_loc     0x00001840       0x13 .\CortexM3\ARM_GCC_541\Debug\Navigation.a(OddEvenTimer.o)
 .debug_loc     0x00001853      0x3b2 .\CortexM3\ARM_GCC_541\Debug\Navigation.a(CyFlash.o)
 .debug_loc     0x00001c05      0x705 .\CortexM3\ARM_GCC_541\Debug\Navigation.a(CySpc.o)

.debug_macinfo
 *(.debug_macinfo)

.debug_ranges   0x00000000      0xa68
 *(.debug_ranges)
 .debug_ranges  0x00000000       0x28 .\CortexM3\ARM_GCC_541\Debug\main.o
 .debug_ranges  0x00000028       0x48 .\CortexM3\ARM_GCC_541\Debug\cyfitter_cfg.o
 .debug_ranges  0x00000070       0x38 .\CortexM3\ARM_GCC_541\Debug\Cm3Start.o
 .debug_ranges  0x000000a8       0x70 .\CortexM3\ARM_GCC_541\Debug\Navigation.a(HE_Interrupt.o)
 .debug_ranges  0x00000118       0x88 .\CortexM3\ARM_GCC_541\Debug\Navigation.a(LCD.o)
 .debug_ranges  0x000001a0      0x290 .\CortexM3\ARM_GCC_541\Debug\Navigation.a(CyLib.o)
 .debug_ranges  0x00000430       0x88 .\CortexM3\ARM_GCC_541\Debug\Navigation.a(cyPm.o)
 .debug_ranges  0x000004b8       0x88 .\CortexM3\ARM_GCC_541\Debug\Navigation.a(PWM.o)
 .debug_ranges  0x00000540       0x88 .\CortexM3\ARM_GCC_541\Debug\Navigation.a(Timer.o)
 .debug_ranges  0x000005c8       0xe0 .\CortexM3\ARM_GCC_541\Debug\Navigation.a(UART.o)
 .debug_ranges  0x000006a8       0x60 .\CortexM3\ARM_GCC_541\Debug\Navigation.a(UART_IntClock.o)
 .debug_ranges  0x00000708       0x70 .\CortexM3\ARM_GCC_541\Debug\Navigation.a(StartFrame.o)
 .debug_ranges  0x00000778       0x80 .\CortexM3\ARM_GCC_541\Debug\Navigation.a(VideoTimer.o)
 .debug_ranges  0x000007f8       0x70 .\CortexM3\ARM_GCC_541\Debug\Navigation.a(Black.o)
 .debug_ranges  0x00000868       0x88 .\CortexM3\ARM_GCC_541\Debug\Navigation.a(Counter.o)
 .debug_ranges  0x000008f0       0x90 .\CortexM3\ARM_GCC_541\Debug\Navigation.a(OddEvenTimer.o)
 .debug_ranges  0x00000980       0x78 .\CortexM3\ARM_GCC_541\Debug\Navigation.a(CyFlash.o)
 .debug_ranges  0x000009f8       0x70 .\CortexM3\ARM_GCC_541\Debug\Navigation.a(CySpc.o)

.comment        0x00000000       0x6e
 .comment       0x00000000       0x6e .\CortexM3\ARM_GCC_541\Debug\main.o
                                 0x6f (size before relaxing)
 .comment       0x0000006e       0x6f .\CortexM3\ARM_GCC_541\Debug\cyfitter_cfg.o
 .comment       0x0000006e       0x6f .\CortexM3\ARM_GCC_541\Debug\cymetadata.o
 .comment       0x0000006e       0x6f .\CortexM3\ARM_GCC_541\Debug\Cm3Start.o
 .comment       0x0000006e       0x6f .\CortexM3\ARM_GCC_541\Debug\Navigation.a(HE_Interrupt.o)
 .comment       0x0000006e       0x6f .\CortexM3\ARM_GCC_541\Debug\Navigation.a(LCD.o)
 .comment       0x0000006e       0x6f .\CortexM3\ARM_GCC_541\Debug\Navigation.a(CyLib.o)
 .comment       0x0000006e       0x6f .\CortexM3\ARM_GCC_541\Debug\Navigation.a(cyPm.o)
 .comment       0x0000006e       0x6f .\CortexM3\ARM_GCC_541\Debug\Navigation.a(PWM.o)
 .comment       0x0000006e       0x6f .\CortexM3\ARM_GCC_541\Debug\Navigation.a(Timer.o)
 .comment       0x0000006e       0x6f .\CortexM3\ARM_GCC_541\Debug\Navigation.a(UART.o)
 .comment       0x0000006e       0x6f .\CortexM3\ARM_GCC_541\Debug\Navigation.a(UART_IntClock.o)
 .comment       0x0000006e       0x6f .\CortexM3\ARM_GCC_541\Debug\Navigation.a(StartFrame.o)
 .comment       0x0000006e       0x6f .\CortexM3\ARM_GCC_541\Debug\Navigation.a(VideoTimer.o)
 .comment       0x0000006e       0x6f .\CortexM3\ARM_GCC_541\Debug\Navigation.a(Black.o)
 .comment       0x0000006e       0x6f .\CortexM3\ARM_GCC_541\Debug\Navigation.a(Counter.o)
 .comment       0x0000006e       0x6f .\CortexM3\ARM_GCC_541\Debug\Navigation.a(OddEvenTimer.o)
 .comment       0x0000006e       0x6f .\CortexM3\ARM_GCC_541\Debug\Navigation.a(CyFlash.o)
 .comment       0x0000006e       0x6f .\CortexM3\ARM_GCC_541\Debug\Navigation.a(CySpc.o)

.debug_weaknames
 *(.debug_weaknames)

.debug_funcnames
 *(.debug_funcnames)

.debug_typenames
 *(.debug_typenames)

.debug_varnames
 *(.debug_varnames)

.note.gnu.arm.ident
 *(.note.gnu.arm.ident)

.ARM.attributes
                0x00000000       0x29
 *(.ARM.attributes)
 .ARM.attributes
                0x00000000       0x1d c:/program files (x86)/cypress/psoc creator/4.2/psoc creator/import/gnu/arm/5.4.1/bin/../lib/gcc/arm-none-eabi/5.4.1/armv7-m/crti.o
 .ARM.attributes
                0x0000001d       0x2d c:/program files (x86)/cypress/psoc creator/4.2/psoc creator/import/gnu/arm/5.4.1/bin/../lib/gcc/arm-none-eabi/5.4.1/armv7-m/crtbegin.o
 .ARM.attributes
                0x0000004a       0x1b c:/program files (x86)/cypress/psoc creator/4.2/psoc creator/import/gnu/arm/5.4.1/bin/../lib/gcc/arm-none-eabi/5.4.1/../../../../arm-none-eabi/lib/armv7-m/crt0.o
 .ARM.attributes
                0x00000065       0x33 .\CortexM3\ARM_GCC_541\Debug\main.o
 .ARM.attributes
                0x00000098       0x33 .\CortexM3\ARM_GCC_541\Debug\cyfitter_cfg.o
 .ARM.attributes
                0x000000cb       0x33 .\CortexM3\ARM_GCC_541\Debug\cymetadata.o
 .ARM.attributes
                0x000000fe       0x33 .\CortexM3\ARM_GCC_541\Debug\Cm3Start.o
 .ARM.attributes
                0x00000131       0x33 .\CortexM3\ARM_GCC_541\Debug\Navigation.a(HE_Interrupt.o)
 .ARM.attributes
                0x00000164       0x33 .\CortexM3\ARM_GCC_541\Debug\Navigation.a(LCD.o)
 .ARM.attributes
                0x00000197       0x33 .\CortexM3\ARM_GCC_541\Debug\Navigation.a(CyLib.o)
 .ARM.attributes
                0x000001ca       0x33 .\CortexM3\ARM_GCC_541\Debug\Navigation.a(cyPm.o)
 .ARM.attributes
                0x000001fd       0x33 .\CortexM3\ARM_GCC_541\Debug\Navigation.a(PWM.o)
 .ARM.attributes
                0x00000230       0x33 .\CortexM3\ARM_GCC_541\Debug\Navigation.a(Timer.o)
 .ARM.attributes
                0x00000263       0x33 .\CortexM3\ARM_GCC_541\Debug\Navigation.a(UART.o)
 .ARM.attributes
                0x00000296       0x33 .\CortexM3\ARM_GCC_541\Debug\Navigation.a(UART_IntClock.o)
 .ARM.attributes
                0x000002c9       0x33 .\CortexM3\ARM_GCC_541\Debug\Navigation.a(StartFrame.o)
 .ARM.attributes
                0x000002fc       0x33 .\CortexM3\ARM_GCC_541\Debug\Navigation.a(VideoTimer.o)
 .ARM.attributes
                0x0000032f       0x33 .\CortexM3\ARM_GCC_541\Debug\Navigation.a(Black.o)
 .ARM.attributes
                0x00000362       0x33 .\CortexM3\ARM_GCC_541\Debug\Navigation.a(Counter.o)
 .ARM.attributes
                0x00000395       0x33 .\CortexM3\ARM_GCC_541\Debug\Navigation.a(OddEvenTimer.o)
 .ARM.attributes
                0x000003c8       0x21 .\CortexM3\ARM_GCC_541\Debug\Navigation.a(CyBootAsmGnu.o)
 .ARM.attributes
                0x000003e9       0x33 .\CortexM3\ARM_GCC_541\Debug\Navigation.a(CyFlash.o)
 .ARM.attributes
                0x0000041c       0x33 .\CortexM3\ARM_GCC_541\Debug\Navigation.a(CySpc.o)
 .ARM.attributes
                0x0000044f       0x1d c:/program files (x86)/cypress/psoc creator/4.2/psoc creator/import/gnu/arm/5.4.1/bin/../lib/gcc/arm-none-eabi/5.4.1/armv7-m\libgcc.a(_arm_addsubdf3.o)
 .ARM.attributes
                0x0000046c       0x1d c:/program files (x86)/cypress/psoc creator/4.2/psoc creator/import/gnu/arm/5.4.1/bin/../lib/gcc/arm-none-eabi/5.4.1/armv7-m\libgcc.a(_arm_muldivdf3.o)
 .ARM.attributes
                0x00000489       0x1d c:/program files (x86)/cypress/psoc creator/4.2/psoc creator/import/gnu/arm/5.4.1/bin/../lib/gcc/arm-none-eabi/5.4.1/armv7-m\libgcc.a(_arm_fixdfsi.o)
 .ARM.attributes
                0x000004a6       0x2d c:/program files (x86)/cypress/psoc creator/4.2/psoc creator/import/gnu/arm/5.4.1/bin/../lib/gcc/arm-none-eabi/5.4.1/../../../../arm-none-eabi/lib/armv7-m\libg.a(lib_a-errno.o)
 .ARM.attributes
                0x000004d3       0x2d c:/program files (x86)/cypress/psoc creator/4.2/psoc creator/import/gnu/arm/5.4.1/bin/../lib/gcc/arm-none-eabi/5.4.1/../../../../arm-none-eabi/lib/armv7-m\libg.a(lib_a-exit.o)
 .ARM.attributes
                0x00000500       0x2d c:/program files (x86)/cypress/psoc creator/4.2/psoc creator/import/gnu/arm/5.4.1/bin/../lib/gcc/arm-none-eabi/5.4.1/../../../../arm-none-eabi/lib/armv7-m\libg.a(lib_a-impure.o)
 .ARM.attributes
                0x0000052d       0x2d c:/program files (x86)/cypress/psoc creator/4.2/psoc creator/import/gnu/arm/5.4.1/bin/../lib/gcc/arm-none-eabi/5.4.1/../../../../arm-none-eabi/lib/armv7-m\libg.a(lib_a-init.o)
 .ARM.attributes
                0x0000055a       0x1b c:/program files (x86)/cypress/psoc creator/4.2/psoc creator/import/gnu/arm/5.4.1/bin/../lib/gcc/arm-none-eabi/5.4.1/../../../../arm-none-eabi/lib/armv7-m\libg.a(lib_a-memcpy.o)
 .ARM.attributes
                0x00000575       0x2d c:/program files (x86)/cypress/psoc creator/4.2/psoc creator/import/gnu/arm/5.4.1/bin/../lib/gcc/arm-none-eabi/5.4.1/../../../../arm-none-eabi/lib/armv7-m\libg.a(lib_a-memset.o)
 .ARM.attributes
                0x000005a2       0x2d c:/program files (x86)/cypress/psoc creator/4.2/psoc creator/import/gnu/arm/5.4.1/bin/../lib/gcc/arm-none-eabi/5.4.1/../../../../arm-none-eabi/lib/armv7-m\libg.a(lib_a-sprintf.o)
 .ARM.attributes
                0x000005cf       0x2d c:/program files (x86)/cypress/psoc creator/4.2/psoc creator/import/gnu/arm/5.4.1/bin/../lib/gcc/arm-none-eabi/5.4.1/../../../../arm-none-eabi/lib/armv7-m\libg.a(lib_a-svfprintf.o)
 .ARM.attributes
                0x000005fc       0x2d c:/program files (x86)/cypress/psoc creator/4.2/psoc creator/import/gnu/arm/5.4.1/bin/../lib/gcc/arm-none-eabi/5.4.1/../../../../arm-none-eabi/lib/armv7-m\libg.a(lib_a-__call_atexit.o)
 .ARM.attributes
                0x00000629       0x2d c:/program files (x86)/cypress/psoc creator/4.2/psoc creator/import/gnu/arm/5.4.1/bin/../lib/gcc/arm-none-eabi/5.4.1/../../../../arm-none-eabi/lib/armv7-m\libg.a(lib_a-atexit.o)
 .ARM.attributes
                0x00000656       0x2d c:/program files (x86)/cypress/psoc creator/4.2/psoc creator/import/gnu/arm/5.4.1/bin/../lib/gcc/arm-none-eabi/5.4.1/../../../../arm-none-eabi/lib/armv7-m\libg.a(lib_a-dtoa.o)
 .ARM.attributes
                0x00000683       0x2d c:/program files (x86)/cypress/psoc creator/4.2/psoc creator/import/gnu/arm/5.4.1/bin/../lib/gcc/arm-none-eabi/5.4.1/../../../../arm-none-eabi/lib/armv7-m\libg.a(lib_a-fini.o)
 .ARM.attributes
                0x000006b0       0x2d c:/program files (x86)/cypress/psoc creator/4.2/psoc creator/import/gnu/arm/5.4.1/bin/../lib/gcc/arm-none-eabi/5.4.1/../../../../arm-none-eabi/lib/armv7-m\libg.a(lib_a-locale.o)
 .ARM.attributes
                0x000006dd       0x2d c:/program files (x86)/cypress/psoc creator/4.2/psoc creator/import/gnu/arm/5.4.1/bin/../lib/gcc/arm-none-eabi/5.4.1/../../../../arm-none-eabi/lib/armv7-m\libg.a(lib_a-mallocr.o)
 .ARM.attributes
                0x0000070a       0x2d c:/program files (x86)/cypress/psoc creator/4.2/psoc creator/import/gnu/arm/5.4.1/bin/../lib/gcc/arm-none-eabi/5.4.1/../../../../arm-none-eabi/lib/armv7-m\libg.a(lib_a-memchr-stub.o)
 .ARM.attributes
                0x00000737       0x2d c:/program files (x86)/cypress/psoc creator/4.2/psoc creator/import/gnu/arm/5.4.1/bin/../lib/gcc/arm-none-eabi/5.4.1/../../../../arm-none-eabi/lib/armv7-m\libg.a(lib_a-mlock.o)
 .ARM.attributes
                0x00000764       0x2d c:/program files (x86)/cypress/psoc creator/4.2/psoc creator/import/gnu/arm/5.4.1/bin/../lib/gcc/arm-none-eabi/5.4.1/../../../../arm-none-eabi/lib/armv7-m\libg.a(lib_a-mprec.o)
 .ARM.attributes
                0x00000791       0x2d c:/program files (x86)/cypress/psoc creator/4.2/psoc creator/import/gnu/arm/5.4.1/bin/../lib/gcc/arm-none-eabi/5.4.1/../../../../arm-none-eabi/lib/armv7-m\libg.a(lib_a-sbrkr.o)
 .ARM.attributes
                0x000007be       0x1b c:/program files (x86)/cypress/psoc creator/4.2/psoc creator/import/gnu/arm/5.4.1/bin/../lib/gcc/arm-none-eabi/5.4.1/../../../../arm-none-eabi/lib/armv7-m\libg.a(lib_a-strcmp.o)
 .ARM.attributes
                0x000007d9       0x2d c:/program files (x86)/cypress/psoc creator/4.2/psoc creator/import/gnu/arm/5.4.1/bin/../lib/gcc/arm-none-eabi/5.4.1/../../../../arm-none-eabi/lib/armv7-m\libg.a(lib_a-strlen-stub.o)
 .ARM.attributes
                0x00000806       0x2d c:/program files (x86)/cypress/psoc creator/4.2/psoc creator/import/gnu/arm/5.4.1/bin/../lib/gcc/arm-none-eabi/5.4.1/../../../../arm-none-eabi/lib/armv7-m\libg.a(lib_a-svfiprintf.o)
 .ARM.attributes
                0x00000833       0x2d c:/program files (x86)/cypress/psoc creator/4.2/psoc creator/import/gnu/arm/5.4.1/bin/../lib/gcc/arm-none-eabi/5.4.1/../../../../arm-none-eabi/lib/armv7-m\libg.a(lib_a-__atexit.o)
 .ARM.attributes
                0x00000860       0x2d c:/program files (x86)/cypress/psoc creator/4.2/psoc creator/import/gnu/arm/5.4.1/bin/../lib/gcc/arm-none-eabi/5.4.1/../../../../arm-none-eabi/lib/armv7-m\libg.a(lib_a-callocr.o)
 .ARM.attributes
                0x0000088d       0x2d c:/program files (x86)/cypress/psoc creator/4.2/psoc creator/import/gnu/arm/5.4.1/bin/../lib/gcc/arm-none-eabi/5.4.1/../../../../arm-none-eabi/lib/armv7-m\libg.a(lib_a-freer.o)
 .ARM.attributes
                0x000008ba       0x2d c:/program files (x86)/cypress/psoc creator/4.2/psoc creator/import/gnu/arm/5.4.1/bin/../lib/gcc/arm-none-eabi/5.4.1/../../../../arm-none-eabi/lib/armv7-m\libg.a(lib_a-memmove.o)
 .ARM.attributes
                0x000008e7       0x2d c:/program files (x86)/cypress/psoc creator/4.2/psoc creator/import/gnu/arm/5.4.1/bin/../lib/gcc/arm-none-eabi/5.4.1/../../../../arm-none-eabi/lib/armv7-m\libg.a(lib_a-reallocr.o)
 .ARM.attributes
                0x00000914       0x2d c:/program files (x86)/cypress/psoc creator/4.2/psoc creator/import/gnu/arm/5.4.1/bin/../lib/gcc/arm-none-eabi/5.4.1/../../../../arm-none-eabi/lib/armv7-m\libg.a(lib_a-reent.o)
 .ARM.attributes
                0x00000941       0x1d c:/program files (x86)/cypress/psoc creator/4.2/psoc creator/import/gnu/arm/5.4.1/bin/../lib/gcc/arm-none-eabi/5.4.1/armv7-m\libgcc.a(_arm_cmpdf2.o)
 .ARM.attributes
                0x0000095e       0x1d c:/program files (x86)/cypress/psoc creator/4.2/psoc creator/import/gnu/arm/5.4.1/bin/../lib/gcc/arm-none-eabi/5.4.1/armv7-m\libgcc.a(_arm_unorddf2.o)
 .ARM.attributes
                0x0000097b       0x1d c:/program files (x86)/cypress/psoc creator/4.2/psoc creator/import/gnu/arm/5.4.1/bin/../lib/gcc/arm-none-eabi/5.4.1/armv7-m\libgcc.a(_aeabi_uldivmod.o)
 .ARM.attributes
                0x00000998       0x2d c:/program files (x86)/cypress/psoc creator/4.2/psoc creator/import/gnu/arm/5.4.1/bin/../lib/gcc/arm-none-eabi/5.4.1/armv7-m\libgcc.a(_udivmoddi4.o)
 .ARM.attributes
                0x000009c5       0x1d c:/program files (x86)/cypress/psoc creator/4.2/psoc creator/import/gnu/arm/5.4.1/bin/../lib/gcc/arm-none-eabi/5.4.1/armv7-m\libgcc.a(_dvmd_tls.o)
 .ARM.attributes
                0x000009e2       0x2d c:/program files (x86)/cypress/psoc creator/4.2/psoc creator/import/gnu/arm/5.4.1/bin/../lib/gcc/arm-none-eabi/5.4.1/armv7-m/crtend.o
 .ARM.attributes
                0x00000a0f       0x1d c:/program files (x86)/cypress/psoc creator/4.2/psoc creator/import/gnu/arm/5.4.1/bin/../lib/gcc/arm-none-eabi/5.4.1/armv7-m/crtn.o

/DISCARD/
 *(.note.GNU-stack)
OUTPUT(C:\Users\nkhedkar\Documents\PSoC Creator\ELE302 Workspace\navigation\Navigation.cydsn\CortexM3\ARM_GCC_541\Debug\Navigation.elf elf32-littlearm)
