Archive member included to satisfy reference by file (symbol)

.\CortexM3\ARM_GCC_541\Debug\Navigation.a(HE_Interrupt.o)
                              .\CortexM3\ARM_GCC_541\Debug\main.o (HE_Interrupt_SetVector)
.\CortexM3\ARM_GCC_541\Debug\Navigation.a(LCD.o)
                              .\CortexM3\ARM_GCC_541\Debug\main.o (LCD_PrintString)
.\CortexM3\ARM_GCC_541\Debug\Navigation.a(CyLib.o)
                              .\CortexM3\ARM_GCC_541\Debug\Cm3Start.o (CyHalt)
.\CortexM3\ARM_GCC_541\Debug\Navigation.a(cyPm.o)
                              .\CortexM3\ARM_GCC_541\Debug\Navigation.a(CyLib.o) (CyPmReadStatus)
.\CortexM3\ARM_GCC_541\Debug\Navigation.a(PWM.o)
                              .\CortexM3\ARM_GCC_541\Debug\main.o (PWM_WriteCompare)
.\CortexM3\ARM_GCC_541\Debug\Navigation.a(Timer.o)
                              .\CortexM3\ARM_GCC_541\Debug\main.o (Timer_ReadStatusRegister)
.\CortexM3\ARM_GCC_541\Debug\Navigation.a(UART.o)
                              .\CortexM3\ARM_GCC_541\Debug\main.o (UART_Start)
.\CortexM3\ARM_GCC_541\Debug\Navigation.a(UART_IntClock.o)
                              .\CortexM3\ARM_GCC_541\Debug\Navigation.a(UART.o) (UART_IntClock_Start)
.\CortexM3\ARM_GCC_541\Debug\Navigation.a(VDAC.o)
                              .\CortexM3\ARM_GCC_541\Debug\main.o (VDAC_SetSpeed)
.\CortexM3\ARM_GCC_541\Debug\Navigation.a(ServoPWM.o)
                              .\CortexM3\ARM_GCC_541\Debug\main.o (ServoPWM_WriteCompare)
.\CortexM3\ARM_GCC_541\Debug\Navigation.a(NewFrame.o)
                              .\CortexM3\ARM_GCC_541\Debug\main.o (NewFrame_SetVector)
.\CortexM3\ARM_GCC_541\Debug\Navigation.a(Comp1.o)
                              .\CortexM3\ARM_GCC_541\Debug\main.o (Comp1_SetSpeed)
.\CortexM3\ARM_GCC_541\Debug\Navigation.a(LeftBlackEdge.o)
                              .\CortexM3\ARM_GCC_541\Debug\main.o (LeftBlackEdge_SetVector)
.\CortexM3\ARM_GCC_541\Debug\Navigation.a(Comp2.o)
                              .\CortexM3\ARM_GCC_541\Debug\main.o (Comp2_SetSpeed)
.\CortexM3\ARM_GCC_541\Debug\Navigation.a(RightBlackEdge.o)
                              .\CortexM3\ARM_GCC_541\Debug\main.o (RightBlackEdge_SetVector)
.\CortexM3\ARM_GCC_541\Debug\Navigation.a(VideoTimerL.o)
                              .\CortexM3\ARM_GCC_541\Debug\main.o (VideoTimerL_ReadStatusRegister)
.\CortexM3\ARM_GCC_541\Debug\Navigation.a(VideoTimerR.o)
                              .\CortexM3\ARM_GCC_541\Debug\main.o (VideoTimerR_ReadStatusRegister)
.\CortexM3\ARM_GCC_541\Debug\Navigation.a(CyBootAsmGnu.o)
                              .\CortexM3\ARM_GCC_541\Debug\cyfitter_cfg.o (CyDelayCycles)
.\CortexM3\ARM_GCC_541\Debug\Navigation.a(CyFlash.o)
                              .\CortexM3\ARM_GCC_541\Debug\Navigation.a(cyPm.o) (CyFlash_SetWaitCycles)
.\CortexM3\ARM_GCC_541\Debug\Navigation.a(CySpc.o)
                              .\CortexM3\ARM_GCC_541\Debug\Navigation.a(CyFlash.o) (CySpcStart)
c:/program files (x86)/cypress/psoc creator/4.2/psoc creator/import/gnu/arm/5.4.1/bin/../lib/gcc/arm-none-eabi/5.4.1/armv7-m\libgcc.a(_arm_addsubdf3.o)
                              .\CortexM3\ARM_GCC_541\Debug\main.o (__aeabi_dsub)
c:/program files (x86)/cypress/psoc creator/4.2/psoc creator/import/gnu/arm/5.4.1/bin/../lib/gcc/arm-none-eabi/5.4.1/armv7-m\libgcc.a(_arm_muldivdf3.o)
                              .\CortexM3\ARM_GCC_541\Debug\main.o (__aeabi_dmul)
c:/program files (x86)/cypress/psoc creator/4.2/psoc creator/import/gnu/arm/5.4.1/bin/../lib/gcc/arm-none-eabi/5.4.1/armv7-m\libgcc.a(_arm_cmpdf2.o)
                              .\CortexM3\ARM_GCC_541\Debug\main.o (__aeabi_dcmplt)
c:/program files (x86)/cypress/psoc creator/4.2/psoc creator/import/gnu/arm/5.4.1/bin/../lib/gcc/arm-none-eabi/5.4.1/armv7-m\libgcc.a(_arm_fixdfsi.o)
                              .\CortexM3\ARM_GCC_541\Debug\main.o (__aeabi_d2iz)
c:/program files (x86)/cypress/psoc creator/4.2/psoc creator/import/gnu/arm/5.4.1/bin/../lib/gcc/arm-none-eabi/5.4.1/armv7-m\libgcc.a(_arm_fixunsdfsi.o)
                              .\CortexM3\ARM_GCC_541\Debug\main.o (__aeabi_d2uiz)
c:/program files (x86)/cypress/psoc creator/4.2/psoc creator/import/gnu/arm/5.4.1/bin/../lib/gcc/arm-none-eabi/5.4.1/../../../../arm-none-eabi/lib/armv7-m\libg.a(lib_a-errno.o)
                              .\CortexM3\ARM_GCC_541\Debug\Cm3Start.o (__errno)
c:/program files (x86)/cypress/psoc creator/4.2/psoc creator/import/gnu/arm/5.4.1/bin/../lib/gcc/arm-none-eabi/5.4.1/../../../../arm-none-eabi/lib/armv7-m\libg.a(lib_a-exit.o)
                              c:/program files (x86)/cypress/psoc creator/4.2/psoc creator/import/gnu/arm/5.4.1/bin/../lib/gcc/arm-none-eabi/5.4.1/../../../../arm-none-eabi/lib/armv7-m/crt0.o (exit)
c:/program files (x86)/cypress/psoc creator/4.2/psoc creator/import/gnu/arm/5.4.1/bin/../lib/gcc/arm-none-eabi/5.4.1/../../../../arm-none-eabi/lib/armv7-m\libg.a(lib_a-impure.o)
[...]
Memory Configuration

Name             Origin             Length             Attributes
rom              0x00000000         0x00040000         xr
ram              0x1fff8000         0x00010000         xrw
*default*        0x00000000         0xffffffff

Linker script and memory map

LOAD c:/program files (x86)/cypress/psoc creator/4.2/psoc creator/import/gnu/arm/5.4.1/bin/../lib/gcc/arm-none-eabi/5.4.1/armv7-m/crti.o
LOAD c:/program files (x86)/cypress/psoc creator/4.2/psoc creator/import/gnu/arm/5.4.1/bin/../lib/gcc/arm-none-eabi/5.4.1/armv7-m/crtbegin.o
LOAD c:/program files (x86)/cypress/psoc creator/4.2/psoc creator/import/gnu/arm/5.4.1/bin/../lib/gcc/arm-none-eabi/5.4.1/../../../../arm-none-eabi/lib/armv7-m/crt0.o
START GROUP
LOAD .\CortexM3\ARM_GCC_541\Debug\main.o
LOAD .\CortexM3\ARM_GCC_541\Debug\cyfitter_cfg.o
LOAD .\CortexM3\ARM_GCC_541\Debug\cymetadata.o
LOAD .\CortexM3\ARM_GCC_541\Debug\Cm3Start.o
LOAD .\CortexM3\ARM_GCC_541\Debug\Navigation.a
LOAD C:\Program Files (x86)\Cypress\PSoC Creator\4.2\PSoC Creator\psoc\content\cycomponentlibrary\CyComponentLibrary.cylib\CortexM3\ARM_GCC_541\Debug\CyComponentLibrary.a
END GROUP
START GROUP
LOAD c:/program files (x86)/cypress/psoc creator/4.2/psoc creator/import/gnu/arm/5.4.1/bin/../lib/gcc/arm-none-eabi/5.4.1/armv7-m\libgcc.a
LOAD c:/program files (x86)/cypress/psoc creator/4.2/psoc creator/import/gnu/arm/5.4.1/bin/../lib/gcc/arm-none-eabi/5.4.1/../../../../arm-none-eabi/lib/armv7-m\libg.a
LOAD c:/program files (x86)/cypress/psoc creator/4.2/psoc creator/import/gnu/arm/5.4.1/bin/../lib/gcc/arm-none-eabi/5.4.1/../../../../arm-none-eabi/lib/armv7-m\libc.a
END GROUP
LOAD c:/program files (x86)/cypress/psoc creator/4.2/psoc creator/import/gnu/arm/5.4.1/bin/../lib/gcc/arm-none-eabi/5.4.1/armv7-m/crtend.o
LOAD c:/program files (x86)/cypress/psoc creator/4.2/psoc creator/import/gnu/arm/5.4.1/bin/../lib/gcc/arm-none-eabi/5.4.1/armv7-m/crtn.o
START GROUP
LOAD c:/program files (x86)/cypress/psoc creator/4.2/psoc creator/import/gnu/arm/5.4.1/bin/../lib/gcc/arm-none-eabi/5.4.1/armv7-m\libgcc.a
LOAD c:/program files (x86)/cypress/psoc creator/4.2/psoc creator/import/gnu/arm/5.4.1/bin/../lib/gcc/arm-none-eabi/5.4.1/../../../../arm-none-eabi/lib/armv7-m\libc.a
LOAD c:/program files (x86)/cypress/psoc creator/4.2/psoc creator/import/gnu/arm/5.4.1/bin/../lib/gcc/arm-none-eabi/5.4.1/../../../../arm-none-eabi/lib/armv7-m\libnosys.a
END GROUP
                0x00000000                CY_APPL_ORIGIN = 0x0
                0x00000100                CY_FLASH_ROW_SIZE = 0x100
                0x00000020                CY_ECC_ROW_SIZE = 0x20
                0x00000000                CY_EE_IN_BTLDR = 0x0
                0x00000000                CY_APPL_LOADABLE = 0x0
                0x00000800                CY_EE_SIZE = 0x800
                0x00000001                CY_APPL_NUM = 0x1
                0x00000001                CY_APPL_MAX = 0x1
                0x00000040                CY_METADATA_SIZE = 0x40
                0x00000000                CY_APPL_LOADABLE = 0x0
                0x00000000                CY_CHECKSUM_EXCLUDE_SIZE = ALIGN (0x0, CY_FLASH_ROW_SIZE)
                [!provide]                PROVIDE (__cy_heap_start, _end)
                0x00000001                PROVIDE (__cy_region_num, ((__cy_regions_end - __cy_regions) / 0x10))
                0x20008000                PROVIDE (__cy_stack, (ORIGIN (ram) + LENGTH (ram)))
                [!provide]                PROVIDE (__cy_heap_end, (__cy_stack - 0x800))

.cybootloader   0x00000000        0x0
 *(.cybootloader)
                0x00000000                appl1_start = CY_APPL_ORIGIN?CY_APPL_ORIGIN:ALIGN (CY_FLASH_ROW_SIZE)
                0x0001ff00                appl2_start = (appl1_start + ALIGN ((((LENGTH (rom) - appl1_start) - (0x2 * CY_FLASH_ROW_SIZE)) / 0x2), CY_FLASH_ROW_SIZE))
                0x00000000                appl_start = (CY_APPL_NUM == 0x1)?appl1_start:appl2_start
                0x00000000                ecc_offset = ((appl_start / CY_FLASH_ROW_SIZE) * CY_ECC_ROW_SIZE)
                0x00000000                ee_offset = (CY_APPL_LOADABLE && ! (CY_EE_IN_BTLDR))?((CY_EE_SIZE / CY_APPL_MAX) * (CY_APPL_NUM - 0x1)):0x0
                0x00000800                ee_size = (CY_APPL_LOADABLE && ! (CY_EE_IN_BTLDR))?(CY_EE_SIZE / CY_APPL_MAX):CY_EE_SIZE
                [!provide]                PROVIDE (CY_ECC_OFFSET, ecc_offset)

.text           0x00000000     0x604c
 CREATE_OBJECT_SYMBOLS
                0x00000000                PROVIDE (__cy_interrupt_vector, RomVectors)
 *(.romvectors)
 .romvectors    0x00000000       0x10 .\CortexM3\ARM_GCC_541\Debug\Cm3Start.o
                0x00000000                RomVectors
                0x00000001                ASSERT ((. != __cy_interrupt_vector), No interrupt vector)
                0x00000001                ASSERT (CY_APPL_ORIGIN?(SIZEOF (.cybootloader) <= CY_APPL_ORIGIN):0x1, Wrong image location)
                0x00000010                PROVIDE (__cy_reset, Reset)
 *(.text.Reset)
 .text.Reset    0x00000010       0x18 .\CortexM3\ARM_GCC_541\Debug\Cm3Start.o
                0x00000010                Reset
                0x00000001                ASSERT ((. != __cy_reset), No reset code)
 *(.dma_init)
                0x00000001                ASSERT ((((appl_start + .) <= 0x10000) || 0x1), DMA Init must be within the first 64k of flash)
 *(.text .text.* .gnu.linkonce.t.*)
 .text          0x00000028       0x5c c:/program files (x86)/cypress/psoc creator/4.2/psoc creator/import/gnu/arm/5.4.1/bin/../lib/gcc/arm-none-eabi/5.4.1/armv7-m/crtbegin.o
 .text.inter1   0x00000084       0x14 .\CortexM3\ARM_GCC_541\Debug\main.o
                0x00000084                inter1
 .text.inter2   0x00000098        0xc .\CortexM3\ARM_GCC_541\Debug\main.o
                0x00000098                inter2
 .text.inter3   0x000000a4       0x38 .\CortexM3\ARM_GCC_541\Debug\main.o
                0x000000a4                inter3
 .text.inter4   0x000000dc       0x38 .\CortexM3\ARM_GCC_541\Debug\main.o
                0x000000dc                inter4
 *fill*         0x00000114        0x4 
 .text.main     0x00000118      0x448 .\CortexM3\ARM_GCC_541\Debug\main.o
                0x00000118                main
 .text.CyClockStartupError
                0x00000560        0x4 .\CortexM3\ARM_GCC_541\Debug\cyfitter_cfg.o
 .text.cfg_write_bytes32
                0x00000564       0x34 .\CortexM3\ARM_GCC_541\Debug\cyfitter_cfg.o
 .text.AnalogSetDefault
                0x00000598       0x60 .\CortexM3\ARM_GCC_541\Debug\cyfitter_cfg.o
 .text.CYMEMZERO
                0x000005f8        0xc .\CortexM3\ARM_GCC_541\Debug\cyfitter_cfg.o
 .text.ClockSetup
                0x00000604       0xdc .\CortexM3\ARM_GCC_541\Debug\cyfitter_cfg.o
 .text.CYCONFIGCPY
                0x000006e0        0x8 .\CortexM3\ARM_GCC_541\Debug\cyfitter_cfg.o
 .text.cyfitter_cfg
                0x000006e8      0x17c .\CortexM3\ARM_GCC_541\Debug\cyfitter_cfg.o
                0x000006e8                cyfitter_cfg
 .text.IntDefaultHandler
                0x00000864       0x10 .\CortexM3\ARM_GCC_541\Debug\Cm3Start.o
                0x00000864                IntDefaultHandler
 .text._sbrk    0x00000874       0x30 .\CortexM3\ARM_GCC_541\Debug\Cm3Start.o
                0x00000874                _sbrk
 .text.Start_c  0x000008a4       0x4c .\CortexM3\ARM_GCC_541\Debug\Cm3Start.o
                0x000008a4                Start_c
 .text.initialize_psoc
                0x000008f0       0x68 .\CortexM3\ARM_GCC_541\Debug\Cm3Start.o
                0x000008f0                initialize_psoc
 .text.HE_Interrupt_Interrupt
                0x00000958        0x4 .\CortexM3\ARM_GCC_541\Debug\Navigation.a(HE_Interrupt.o)
                0x00000958                HE_Interrupt_Interrupt
 .text.HE_Interrupt_SetVector
                0x0000095c        0xc .\CortexM3\ARM_GCC_541\Debug\Navigation.a(HE_Interrupt.o)
                0x0000095c                HE_Interrupt_SetVector
 .text.HE_Interrupt_SetPriority
                0x00000968       0x10 .\CortexM3\ARM_GCC_541\Debug\Navigation.a(HE_Interrupt.o)
                0x00000968                HE_Interrupt_SetPriority
 .text.HE_Interrupt_Enable
                0x00000978        0xc .\CortexM3\ARM_GCC_541\Debug\Navigation.a(HE_Interrupt.o)
                0x00000978                HE_Interrupt_Enable
 .text.HE_Interrupt_Disable
                0x00000984        0xc .\CortexM3\ARM_GCC_541\Debug\Navigation.a(HE_Interrupt.o)
                0x00000984                HE_Interrupt_Disable
 .text.HE_Interrupt_Start
                0x00000990       0x1c .\CortexM3\ARM_GCC_541\Debug\Navigation.a(HE_Interrupt.o)
                0x00000990                HE_Interrupt_Start
 .text.LCD_WrCntrlNib
                0x000009ac       0x34 .\CortexM3\ARM_GCC_541\Debug\Navigation.a(LCD.o)
 .text.LCD_WrDatNib
                0x000009e0       0x44 .\CortexM3\ARM_GCC_541\Debug\Navigation.a(LCD.o)
 .text.LCD_IsReady
                0x00000a24       0xe4 .\CortexM3\ARM_GCC_541\Debug\Navigation.a(LCD.o)
                0x00000a24                LCD_IsReady
 .text.LCD_WriteData
                0x00000b08       0x18 .\CortexM3\ARM_GCC_541\Debug\Navigation.a(LCD.o)
                0x00000b08                LCD_WriteData
 .text.LCD_PrintString
                0x00000b20       0x1c .\CortexM3\ARM_GCC_541\Debug\Navigation.a(LCD.o)
                0x00000b20                LCD_PrintString
 .text.LCD_WriteControl
                0x00000b3c       0x18 .\CortexM3\ARM_GCC_541\Debug\Navigation.a(LCD.o)
                0x00000b3c                LCD_WriteControl
 .text.LCD_Init
                0x00000b54       0x6c .\CortexM3\ARM_GCC_541\Debug\Navigation.a(LCD.o)
                0x00000b54                LCD_Init
 .text.LCD_Enable
                0x00000bc0       0x14 .\CortexM3\ARM_GCC_541\Debug\Navigation.a(LCD.o)
                0x00000bc0                LCD_Enable
 .text.LCD_Start
                0x00000bd4       0x1c .\CortexM3\ARM_GCC_541\Debug\Navigation.a(LCD.o)
                0x00000bd4                LCD_Start
 .text.CyDelay  0x00000bf0       0x2c .\CortexM3\ARM_GCC_541\Debug\Navigation.a(CyLib.o)
                0x00000bf0                CyDelay
 .text.CyDelayUs
                0x00000c1c       0x14 .\CortexM3\ARM_GCC_541\Debug\Navigation.a(CyLib.o)
                0x00000c1c                CyDelayUs
 .text.PWM_Enable
                0x00000c30       0x10 .\CortexM3\ARM_GCC_541\Debug\Navigation.a(PWM.o)
                0x00000c30                PWM_Enable
 .text.PWM_WriteCounter
                0x00000c40        0xc .\CortexM3\ARM_GCC_541\Debug\Navigation.a(PWM.o)
                0x00000c40                PWM_WriteCounter
 .text.PWM_WritePeriod
                0x00000c4c        0xc .\CortexM3\ARM_GCC_541\Debug\Navigation.a(PWM.o)
                0x00000c4c                PWM_WritePeriod
 .text.PWM_WriteCompare
                0x00000c58        0xc .\CortexM3\ARM_GCC_541\Debug\Navigation.a(PWM.o)
                0x00000c58                PWM_WriteCompare
 .text.PWM_SetInterruptMode
                0x00000c64        0xc .\CortexM3\ARM_GCC_541\Debug\Navigation.a(PWM.o)
                0x00000c64                PWM_SetInterruptMode
 .text.PWM_ReadStatusRegister
                0x00000c70        0xc .\CortexM3\ARM_GCC_541\Debug\Navigation.a(PWM.o)
                0x00000c70                PWM_ReadStatusRegister
 .text.PWM_ReadCapture
                0x00000c7c        0xc .\CortexM3\ARM_GCC_541\Debug\Navigation.a(PWM.o)
                0x00000c7c                PWM_ReadCapture
 .text.PWM_ClearFIFO
                0x00000c88       0x14 .\CortexM3\ARM_GCC_541\Debug\Navigation.a(PWM.o)
                0x00000c88                PWM_ClearFIFO
 .text.PWM_Init
                0x00000c9c       0x50 .\CortexM3\ARM_GCC_541\Debug\Navigation.a(PWM.o)
                0x00000c9c                PWM_Init
 .text.PWM_Start
                0x00000cec       0x1c .\CortexM3\ARM_GCC_541\Debug\Navigation.a(PWM.o)
                0x00000cec                PWM_Start
 .text.Timer_Enable
                0x00000d08       0x10 .\CortexM3\ARM_GCC_541\Debug\Navigation.a(Timer.o)
                0x00000d08                Timer_Enable
 .text.Timer_SetInterruptMode
                0x00000d18        0xc .\CortexM3\ARM_GCC_541\Debug\Navigation.a(Timer.o)
                0x00000d18                Timer_SetInterruptMode
 .text.Timer_ReadStatusRegister
                0x00000d24        0xc .\CortexM3\ARM_GCC_541\Debug\Navigation.a(Timer.o)
                0x00000d24                Timer_ReadStatusRegister
 .text.Timer_WritePeriod
                0x00000d30        0xc .\CortexM3\ARM_GCC_541\Debug\Navigation.a(Timer.o)
                0x00000d30                Timer_WritePeriod
 .text.Timer_ReadCapture
                0x00000d3c        0xc .\CortexM3\ARM_GCC_541\Debug\Navigation.a(Timer.o)
                0x00000d3c                Timer_ReadCapture
 .text.Timer_WriteCounter
                0x00000d48        0xc .\CortexM3\ARM_GCC_541\Debug\Navigation.a(Timer.o)
                0x00000d48                Timer_WriteCounter
 .text.Timer_SetInterruptCount
                0x00000d54       0x1c .\CortexM3\ARM_GCC_541\Debug\Navigation.a(Timer.o)
                0x00000d54                Timer_SetInterruptCount
 .text.Timer_ClearFIFO
                0x00000d70       0x14 .\CortexM3\ARM_GCC_541\Debug\Navigation.a(Timer.o)
                0x00000d70                Timer_ClearFIFO
 .text.Timer_Init
                0x00000d84       0x3c .\CortexM3\ARM_GCC_541\Debug\Navigation.a(Timer.o)
                0x00000d84                Timer_Init
 .text.Timer_Start
                0x00000dc0       0x1c .\CortexM3\ARM_GCC_541\Debug\Navigation.a(Timer.o)
                0x00000dc0                Timer_Start
 .text.UART_Init
                0x00000ddc       0x24 .\CortexM3\ARM_GCC_541\Debug\Navigation.a(UART.o)
                0x00000ddc                UART_Init
 .text.UART_Enable
                0x00000e00       0x38 .\CortexM3\ARM_GCC_541\Debug\Navigation.a(UART.o)
                0x00000e00                UART_Enable
 .text.UART_Start
                0x00000e38       0x1c .\CortexM3\ARM_GCC_541\Debug\Navigation.a(UART.o)
                0x00000e38                UART_Start
 .text.UART_PutChar
                0x00000e54       0x18 .\CortexM3\ARM_GCC_541\Debug\Navigation.a(UART.o)
                0x00000e54                UART_PutChar
 .text.UART_PutString
                0x00000e6c       0x24 .\CortexM3\ARM_GCC_541\Debug\Navigation.a(UART.o)
                0x00000e6c                UART_PutString
 .text.UART_IntClock_Start
                0x00000e90       0x1c .\CortexM3\ARM_GCC_541\Debug\Navigation.a(UART_IntClock.o)
                0x00000e90                UART_IntClock_Start
 .text.VDAC_Enable
                0x00000eac       0x1c .\CortexM3\ARM_GCC_541\Debug\Navigation.a(VDAC.o)
                0x00000eac                VDAC_Enable
 .text.VDAC_SetSpeed
                0x00000ec8       0x1c .\CortexM3\ARM_GCC_541\Debug\Navigation.a(VDAC.o)
                0x00000ec8                VDAC_SetSpeed
 .text.VDAC_SetValue
                0x00000ee4        0xc .\CortexM3\ARM_GCC_541\Debug\Navigation.a(VDAC.o)
                0x00000ee4                VDAC_SetValue
 .text.VDAC_DacTrim
                0x00000ef0       0x24 .\CortexM3\ARM_GCC_541\Debug\Navigation.a(VDAC.o)
                0x00000ef0                VDAC_DacTrim
 .text.VDAC_SetRange
                0x00000f14       0x20 .\CortexM3\ARM_GCC_541\Debug\Navigation.a(VDAC.o)
                0x00000f14                VDAC_SetRange
 .text.VDAC_Init
                0x00000f34       0x20 .\CortexM3\ARM_GCC_541\Debug\Navigation.a(VDAC.o)
                0x00000f34                VDAC_Init
 .text.VDAC_Start
                0x00000f54       0x24 .\CortexM3\ARM_GCC_541\Debug\Navigation.a(VDAC.o)
                0x00000f54                VDAC_Start
 .text.ServoPWM_Enable
                0x00000f78       0x10 .\CortexM3\ARM_GCC_541\Debug\Navigation.a(ServoPWM.o)
                0x00000f78                ServoPWM_Enable
 .text.ServoPWM_WriteCounter
                0x00000f88        0xc .\CortexM3\ARM_GCC_541\Debug\Navigation.a(ServoPWM.o)
                0x00000f88                ServoPWM_WriteCounter
 .text.ServoPWM_WritePeriod
                0x00000f94        0xc .\CortexM3\ARM_GCC_541\Debug\Navigation.a(ServoPWM.o)
                0x00000f94                ServoPWM_WritePeriod
 .text.ServoPWM_WriteCompare
                0x00000fa0        0xc .\CortexM3\ARM_GCC_541\Debug\Navigation.a(ServoPWM.o)
                0x00000fa0                ServoPWM_WriteCompare
 .text.ServoPWM_SetInterruptMode
                0x00000fac        0xc .\CortexM3\ARM_GCC_541\Debug\Navigation.a(ServoPWM.o)
                0x00000fac                ServoPWM_SetInterruptMode
 .text.ServoPWM_ReadStatusRegister
                0x00000fb8        0xc .\CortexM3\ARM_GCC_541\Debug\Navigation.a(ServoPWM.o)
                0x00000fb8                ServoPWM_ReadStatusRegister
 .text.ServoPWM_ReadCapture
                0x00000fc4        0xc .\CortexM3\ARM_GCC_541\Debug\Navigation.a(ServoPWM.o)
                0x00000fc4                ServoPWM_ReadCapture
 .text.ServoPWM_ClearFIFO
                0x00000fd0       0x14 .\CortexM3\ARM_GCC_541\Debug\Navigation.a(ServoPWM.o)
                0x00000fd0                ServoPWM_ClearFIFO
 .text.ServoPWM_Init
                0x00000fe4       0x54 .\CortexM3\ARM_GCC_541\Debug\Navigation.a(ServoPWM.o)
                0x00000fe4                ServoPWM_Init
 .text.ServoPWM_Start
                0x00001038       0x1c .\CortexM3\ARM_GCC_541\Debug\Navigation.a(ServoPWM.o)
                0x00001038                ServoPWM_Start
 .text.NewFrame_Interrupt
                0x00001054        0x4 .\CortexM3\ARM_GCC_541\Debug\Navigation.a(NewFrame.o)
                0x00001054                NewFrame_Interrupt
 .text.NewFrame_SetVector
                0x00001058        0xc .\CortexM3\ARM_GCC_541\Debug\Navigation.a(NewFrame.o)
                0x00001058                NewFrame_SetVector
 .text.NewFrame_SetPriority
                0x00001064       0x10 .\CortexM3\ARM_GCC_541\Debug\Navigation.a(NewFrame.o)
                0x00001064                NewFrame_SetPriority
 .text.NewFrame_Enable
                0x00001074        0xc .\CortexM3\ARM_GCC_541\Debug\Navigation.a(NewFrame.o)
                0x00001074                NewFrame_Enable
 .text.NewFrame_Disable
                0x00001080        0xc .\CortexM3\ARM_GCC_541\Debug\Navigation.a(NewFrame.o)
                0x00001080                NewFrame_Disable
 .text.NewFrame_Start
                0x0000108c       0x1c .\CortexM3\ARM_GCC_541\Debug\Navigation.a(NewFrame.o)
                0x0000108c                NewFrame_Start
 .text.Comp1_Enable
                0x000010a8       0x1c .\CortexM3\ARM_GCC_541\Debug\Navigation.a(Comp1.o)
                0x000010a8                Comp1_Enable
 .text.Comp1_SetSpeed
                0x000010c4       0x58 .\CortexM3\ARM_GCC_541\Debug\Navigation.a(Comp1.o)
                0x000010c4                Comp1_SetSpeed
 .text.Comp1_Init
                0x0000111c       0x3c .\CortexM3\ARM_GCC_541\Debug\Navigation.a(Comp1.o)
                0x0000111c                Comp1_Init
 .text.Comp1_Start
                0x00001158       0x1c .\CortexM3\ARM_GCC_541\Debug\Navigation.a(Comp1.o)
                0x00001158                Comp1_Start
 .text.LeftBlackEdge_Interrupt
                0x00001174        0x4 .\CortexM3\ARM_GCC_541\Debug\Navigation.a(LeftBlackEdge.o)
                0x00001174                LeftBlackEdge_Interrupt
 .text.LeftBlackEdge_SetVector
                0x00001178        0xc .\CortexM3\ARM_GCC_541\Debug\Navigation.a(LeftBlackEdge.o)
                0x00001178                LeftBlackEdge_SetVector
 .text.LeftBlackEdge_SetPriority
                0x00001184       0x10 .\CortexM3\ARM_GCC_541\Debug\Navigation.a(LeftBlackEdge.o)
                0x00001184                LeftBlackEdge_SetPriority
 .text.LeftBlackEdge_Enable
                0x00001194        0xc .\CortexM3\ARM_GCC_541\Debug\Navigation.a(LeftBlackEdge.o)
                0x00001194                LeftBlackEdge_Enable
 .text.LeftBlackEdge_Disable
                0x000011a0        0xc .\CortexM3\ARM_GCC_541\Debug\Navigation.a(LeftBlackEdge.o)
                0x000011a0                LeftBlackEdge_Disable
 .text.LeftBlackEdge_Start
                0x000011ac       0x1c .\CortexM3\ARM_GCC_541\Debug\Navigation.a(LeftBlackEdge.o)
                0x000011ac                LeftBlackEdge_Start
 .text.Comp2_Enable
                0x000011c8       0x1c .\CortexM3\ARM_GCC_541\Debug\Navigation.a(Comp2.o)
                0x000011c8                Comp2_Enable
 .text.Comp2_SetSpeed
                0x000011e4       0x58 .\CortexM3\ARM_GCC_541\Debug\Navigation.a(Comp2.o)
                0x000011e4                Comp2_SetSpeed
 .text.Comp2_Init
                0x0000123c       0x3c .\CortexM3\ARM_GCC_541\Debug\Navigation.a(Comp2.o)
                0x0000123c                Comp2_Init
 .text.Comp2_Start
                0x00001278       0x1c .\CortexM3\ARM_GCC_541\Debug\Navigation.a(Comp2.o)
                0x00001278                Comp2_Start
 .text.RightBlackEdge_Interrupt
                0x00001294        0x4 .\CortexM3\ARM_GCC_541\Debug\Navigation.a(RightBlackEdge.o)
                0x00001294                RightBlackEdge_Interrupt
 .text.RightBlackEdge_SetVector
                0x00001298        0xc .\CortexM3\ARM_GCC_541\Debug\Navigation.a(RightBlackEdge.o)
                0x00001298                RightBlackEdge_SetVector
 .text.RightBlackEdge_SetPriority
                0x000012a4       0x10 .\CortexM3\ARM_GCC_541\Debug\Navigation.a(RightBlackEdge.o)
                0x000012a4                RightBlackEdge_SetPriority
 .text.RightBlackEdge_Enable
                0x000012b4        0xc .\CortexM3\ARM_GCC_541\Debug\Navigation.a(RightBlackEdge.o)
                0x000012b4                RightBlackEdge_Enable
 .text.RightBlackEdge_Disable
                0x000012c0        0xc .\CortexM3\ARM_GCC_541\Debug\Navigation.a(RightBlackEdge.o)
                0x000012c0                RightBlackEdge_Disable
 .text.RightBlackEdge_Start
                0x000012cc       0x1c .\CortexM3\ARM_GCC_541\Debug\Navigation.a(RightBlackEdge.o)
                0x000012cc                RightBlackEdge_Start
 .text.VideoTimerL_Enable
                0x000012e8       0x10 .\CortexM3\ARM_GCC_541\Debug\Navigation.a(VideoTimerL.o)
                0x000012e8                VideoTimerL_Enable
 .text.VideoTimerL_SetInterruptMode
                0x000012f8        0xc .\CortexM3\ARM_GCC_541\Debug\Navigation.a(VideoTimerL.o)
                0x000012f8                VideoTimerL_SetInterruptMode
 .text.VideoTimerL_ReadStatusRegister
                0x00001304        0xc .\CortexM3\ARM_GCC_541\Debug\Navigation.a(VideoTimerL.o)
                0x00001304                VideoTimerL_ReadStatusRegister
 .text.VideoTimerL_WritePeriod
                0x00001310        0xc .\CortexM3\ARM_GCC_541\Debug\Navigation.a(VideoTimerL.o)
                0x00001310                VideoTimerL_WritePeriod
 .text.VideoTimerL_ReadCapture
                0x0000131c        0xc .\CortexM3\ARM_GCC_541\Debug\Navigation.a(VideoTimerL.o)
                0x0000131c                VideoTimerL_ReadCapture
 .text.VideoTimerL_WriteCounter
                0x00001328        0xc .\CortexM3\ARM_GCC_541\Debug\Navigation.a(VideoTimerL.o)
                0x00001328                VideoTimerL_WriteCounter
 .text.VideoTimerL_SetInterruptCount
                0x00001334       0x1c .\CortexM3\ARM_GCC_541\Debug\Navigation.a(VideoTimerL.o)
                0x00001334                VideoTimerL_SetInterruptCount
 .text.VideoTimerL_ClearFIFO
                0x00001350       0x14 .\CortexM3\ARM_GCC_541\Debug\Navigation.a(VideoTimerL.o)
                0x00001350                VideoTimerL_ClearFIFO
 .text.VideoTimerL_Init
                0x00001364       0x3c .\CortexM3\ARM_GCC_541\Debug\Navigation.a(VideoTimerL.o)
                0x00001364                VideoTimerL_Init
 .text.VideoTimerL_Start
                0x000013a0       0x1c .\CortexM3\ARM_GCC_541\Debug\Navigation.a(VideoTimerL.o)
                0x000013a0                VideoTimerL_Start
 .text.VideoTimerR_Enable
                0x000013bc       0x10 .\CortexM3\ARM_GCC_541\Debug\Navigation.a(VideoTimerR.o)
                0x000013bc                VideoTimerR_Enable
 .text.VideoTimerR_SetInterruptMode
                0x000013cc        0xc .\CortexM3\ARM_GCC_541\Debug\Navigation.a(VideoTimerR.o)
                0x000013cc                VideoTimerR_SetInterruptMode
 .text.VideoTimerR_ReadStatusRegister
                0x000013d8        0xc .\CortexM3\ARM_GCC_541\Debug\Navigation.a(VideoTimerR.o)
                0x000013d8                VideoTimerR_ReadStatusRegister
 .text.VideoTimerR_WritePeriod
                0x000013e4        0xc .\CortexM3\ARM_GCC_541\Debug\Navigation.a(VideoTimerR.o)
                0x000013e4                VideoTimerR_WritePeriod
 .text.VideoTimerR_ReadCapture
                0x000013f0        0xc .\CortexM3\ARM_GCC_541\Debug\Navigation.a(VideoTimerR.o)
                0x000013f0                VideoTimerR_ReadCapture
 .text.VideoTimerR_WriteCounter
                0x000013fc        0xc .\CortexM3\ARM_GCC_541\Debug\Navigation.a(VideoTimerR.o)
                0x000013fc                VideoTimerR_WriteCounter
 .text.VideoTimerR_SetInterruptCount
                0x00001408       0x1c .\CortexM3\ARM_GCC_541\Debug\Navigation.a(VideoTimerR.o)
                0x00001408                VideoTimerR_SetInterruptCount
 .text.VideoTimerR_SetCaptureCount
                0x00001424        0xc .\CortexM3\ARM_GCC_541\Debug\Navigation.a(VideoTimerR.o)
                0x00001424                VideoTimerR_SetCaptureCount
 .text.VideoTimerR_ClearFIFO
                0x00001430       0x14 .\CortexM3\ARM_GCC_541\Debug\Navigation.a(VideoTimerR.o)
                0x00001430                VideoTimerR_ClearFIFO
 .text.VideoTimerR_Init
                0x00001444       0x50 .\CortexM3\ARM_GCC_541\Debug\Navigation.a(VideoTimerR.o)
                0x00001444                VideoTimerR_Init
 .text.VideoTimerR_Start
                0x00001494       0x1c .\CortexM3\ARM_GCC_541\Debug\Navigation.a(VideoTimerR.o)
                0x00001494                VideoTimerR_Start
 .text          0x000014b0       0x20 .\CortexM3\ARM_GCC_541\Debug\Navigation.a(CyBootAsmGnu.o)
                0x000014b0                CyDelayCycles
                0x000014c0                CyEnterCriticalSection
                0x000014c8                CyExitCriticalSection
 .text          0x000014d0      0x370 c:/program files (x86)/cypress/psoc creator/4.2/psoc creator/import/gnu/arm/5.4.1/bin/../lib/gcc/arm-none-eabi/5.4.1/armv7-m\libgcc.a(_arm_addsubdf3.o)
                0x000014d0                __aeabi_drsub
                0x000014d8                __aeabi_dsub
                0x000014d8                __subdf3
                0x000014dc                __aeabi_dadd
                0x000014dc                __adddf3
                0x00001754                __floatunsidf
                0x00001754                __aeabi_ui2d
                0x00001774                __floatsidf
                0x00001774                __aeabi_i2d
                0x00001798                __aeabi_f2d
                0x00001798                __extendsfdf2
                0x000017d4                __floatundidf
                0x000017d4                __aeabi_ul2d
                0x000017e4                __floatdidf
                0x000017e4                __aeabi_l2d
 .text          0x00001840      0x424 c:/program files (x86)/cypress/psoc creator/4.2/psoc creator/import/gnu/arm/5.4.1/bin/../lib/gcc/arm-none-eabi/5.4.1/armv7-m\libgcc.a(_arm_muldivdf3.o)
                0x00001840                __aeabi_dmul
                0x00001840                __muldf3
                0x00001a94                __divdf3
                0x00001a94                __aeabi_ddiv
 .text          0x00001c64      0x110 c:/program files (x86)/cypress/psoc creator/4.2/psoc creator/import/gnu/arm/5.4.1/bin/../lib/gcc/arm-none-eabi/5.4.1/armv7-m\libgcc.a(_arm_cmpdf2.o)
                0x00001c64                __gtdf2
                0x00001c64                __gedf2
                0x00001c6c                __ltdf2
                0x00001c6c                __ledf2
                0x00001c74                __nedf2
                0x00001c74                __eqdf2
                0x00001c74                __cmpdf2
                0x00001cf0                __aeabi_cdrcmple
                0x00001d00                __aeabi_cdcmpeq
                0x00001d00                __aeabi_cdcmple
                0x00001d10                __aeabi_dcmpeq
                0x00001d24                __aeabi_dcmplt
                0x00001d38                __aeabi_dcmple
                0x00001d4c                __aeabi_dcmpge
                0x00001d60                __aeabi_dcmpgt
 .text          0x00001d74       0x50 c:/program files (x86)/cypress/psoc creator/4.2/psoc creator/import/gnu/arm/5.4.1/bin/../lib/gcc/arm-none-eabi/5.4.1/armv7-m\libgcc.a(_arm_fixdfsi.o)
                0x00001d74                __aeabi_d2iz
                0x00001d74                __fixdfsi
 .text          0x00001dc4       0x40 c:/program files (x86)/cypress/psoc creator/4.2/psoc creator/import/gnu/arm/5.4.1/bin/../lib/gcc/arm-none-eabi/5.4.1/armv7-m\libgcc.a(_arm_fixunsdfsi.o)
                0x00001dc4                __aeabi_d2uiz
                0x00001dc4                __fixunsdfsi
 .text.__errno  0x00001e04        0xc c:/program files (x86)/cypress/psoc creator/4.2/psoc creator/import/gnu/arm/5.4.1/bin/../lib/gcc/arm-none-eabi/5.4.1/../../../../arm-none-eabi/lib/armv7-m\libg.a(lib_a-errno.o)
                0x00001e04                __errno
 .text.__libc_init_array
                0x00001e10       0x50 c:/program files (x86)/cypress/psoc creator/4.2/psoc creator/import/gnu/arm/5.4.1/bin/../lib/gcc/arm-none-eabi/5.4.1/../../../../arm-none-eabi/lib/armv7-m\libg.a(lib_a-init.o)
                0x00001e10                __libc_init_array
 .text          0x00001e60       0xec c:/program files (x86)/cypress/psoc creator/4.2/psoc creator/import/gnu/arm/5.4.1/bin/../lib/gcc/arm-none-eabi/5.4.1/../../../../arm-none-eabi/lib/armv7-m\libg.a(lib_a-memcpy.o)
                0x00001e60                memcpy
 .text.memset   0x00001f4c       0x9c c:/program files (x86)/cypress/psoc creator/4.2/psoc creator/import/gnu/arm/5.4.1/bin/../lib/gcc/arm-none-eabi/5.4.1/../../../../arm-none-eabi/lib/armv7-m\libg.a(lib_a-memset.o)
                0x00001f4c                memset
 .text.sprintf  0x00001fe8       0x4c c:/program files (x86)/cypress/psoc creator/4.2/psoc creator/import/gnu/arm/5.4.1/bin/../lib/gcc/arm-none-eabi/5.4.1/../../../../arm-none-eabi/lib/armv7-m\libg.a(lib_a-sprintf.o)
                0x00001fe8                sprintf
 .text._svfprintf_r
                0x00002034     0x175c c:/program files (x86)/cypress/psoc creator/4.2/psoc creator/import/gnu/arm/5.4.1/bin/../lib/gcc/arm-none-eabi/5.4.1/../../../../arm-none-eabi/lib/armv7-m\libg.a(lib_a-svfprintf.o)
                0x00002034                _svfprintf_r
 .text.startup.register_fini
                0x00003790       0x14 c:/program files (x86)/cypress/psoc creator/4.2/psoc creator/import/gnu/arm/5.4.1/bin/../lib/gcc/arm-none-eabi/5.4.1/../../../../arm-none-eabi/lib/armv7-m\libg.a(lib_a-__call_atexit.o)
 .text.atexit   0x000037a4        0xc c:/program files (x86)/cypress/psoc creator/4.2/psoc creator/import/gnu/arm/5.4.1/bin/../lib/gcc/arm-none-eabi/5.4.1/../../../../arm-none-eabi/lib/armv7-m\libg.a(lib_a-atexit.o)
                0x000037a4                atexit
 .text.quorem   0x000037b0      0x12c c:/program files (x86)/cypress/psoc creator/4.2/psoc creator/import/gnu/arm/5.4.1/bin/../lib/gcc/arm-none-eabi/5.4.1/../../../../arm-none-eabi/lib/armv7-m\libg.a(lib_a-dtoa.o)
 *fill*         0x000038dc        0x4 
 .text._dtoa_r  0x000038e0      0xe4c c:/program files (x86)/cypress/psoc creator/4.2/psoc creator/import/gnu/arm/5.4.1/bin/../lib/gcc/arm-none-eabi/5.4.1/../../../../arm-none-eabi/lib/armv7-m\libg.a(lib_a-dtoa.o)
                0x000038e0                _dtoa_r
 .text.__libc_fini_array
                0x0000472c       0x28 c:/program files (x86)/cypress/psoc creator/4.2/psoc creator/import/gnu/arm/5.4.1/bin/../lib/gcc/arm-none-eabi/5.4.1/../../../../arm-none-eabi/lib/armv7-m\libg.a(lib_a-fini.o)
                0x0000472c                __libc_fini_array
 .text._localeconv_r
                0x00004754        0x8 c:/program files (x86)/cypress/psoc creator/4.2/psoc creator/import/gnu/arm/5.4.1/bin/../lib/gcc/arm-none-eabi/5.4.1/../../../../arm-none-eabi/lib/armv7-m\libg.a(lib_a-locale.o)
                0x00004754                _localeconv_r
 .text._malloc_r
                0x0000475c      0x558 c:/program files (x86)/cypress/psoc creator/4.2/psoc creator/import/gnu/arm/5.4.1/bin/../lib/gcc/arm-none-eabi/5.4.1/../../../../arm-none-eabi/lib/armv7-m\libg.a(lib_a-mallocr.o)
                0x0000475c                _malloc_r
 .text.memchr   0x00004cb4       0x8c c:/program files (x86)/cypress/psoc creator/4.2/psoc creator/import/gnu/arm/5.4.1/bin/../lib/gcc/arm-none-eabi/5.4.1/../../../../arm-none-eabi/lib/armv7-m\libg.a(lib_a-memchr-stub.o)
                0x00004cb4                memchr
 .text.__malloc_lock
                0x00004d40        0x4 c:/program files (x86)/cypress/psoc creator/4.2/psoc creator/import/gnu/arm/5.4.1/bin/../lib/gcc/arm-none-eabi/5.4.1/../../../../arm-none-eabi/lib/armv7-m\libg.a(lib_a-mlock.o)
                0x00004d40                __malloc_lock
 .text.__malloc_unlock
                0x00004d44        0x4 c:/program files (x86)/cypress/psoc creator/4.2/psoc creator/import/gnu/arm/5.4.1/bin/../lib/gcc/arm-none-eabi/5.4.1/../../../../arm-none-eabi/lib/armv7-m\libg.a(lib_a-mlock.o)
                0x00004d44                __malloc_unlock
 .text._Balloc  0x00004d48       0x50 c:/program files (x86)/cypress/psoc creator/4.2/psoc creator/import/gnu/arm/5.4.1/bin/../lib/gcc/arm-none-eabi/5.4.1/../../../../arm-none-eabi/lib/armv7-m\libg.a(lib_a-mprec.o)
                0x00004d48                _Balloc
 .text._Bfree   0x00004d98       0x14 c:/program files (x86)/cypress/psoc creator/4.2/psoc creator/import/gnu/arm/5.4.1/bin/../lib/gcc/arm-none-eabi/5.4.1/../../../../arm-none-eabi/lib/armv7-m\libg.a(lib_a-mprec.o)
                0x00004d98                _Bfree
 .text.__multadd
                0x00004dac       0x80 c:/program files (x86)/cypress/psoc creator/4.2/psoc creator/import/gnu/arm/5.4.1/bin/../lib/gcc/arm-none-eabi/5.4.1/../../../../arm-none-eabi/lib/armv7-m\libg.a(lib_a-mprec.o)
                0x00004dac                __multadd
 .text.__hi0bits
                0x00004e2c       0x40 c:/program files (x86)/cypress/psoc creator/4.2/psoc creator/import/gnu/arm/5.4.1/bin/../lib/gcc/arm-none-eabi/5.4.1/../../../../arm-none-eabi/lib/armv7-m\libg.a(lib_a-mprec.o)
                0x00004e2c                __hi0bits
 .text.__lo0bits
                0x00004e6c       0x5c c:/program files (x86)/cypress/psoc creator/4.2/psoc creator/import/gnu/arm/5.4.1/bin/../lib/gcc/arm-none-eabi/5.4.1/../../../../arm-none-eabi/lib/armv7-m\libg.a(lib_a-mprec.o)
                0x00004e6c                __lo0bits
 .text.__i2b    0x00004ec8       0x14 c:/program files (x86)/cypress/psoc creator/4.2/psoc creator/import/gnu/arm/5.4.1/bin/../lib/gcc/arm-none-eabi/5.4.1/../../../../arm-none-eabi/lib/armv7-m\libg.a(lib_a-mprec.o)
                0x00004ec8                __i2b
 .text.__multiply
                0x00004edc      0x13c c:/program files (x86)/cypress/psoc creator/4.2/psoc creator/import/gnu/arm/5.4.1/bin/../lib/gcc/arm-none-eabi/5.4.1/../../../../arm-none-eabi/lib/armv7-m\libg.a(lib_a-mprec.o)
                0x00004edc                __multiply
 .text.__pow5mult
                0x00005018       0xa0 c:/program files (x86)/cypress/psoc creator/4.2/psoc creator/import/gnu/arm/5.4.1/bin/../lib/gcc/arm-none-eabi/5.4.1/../../../../arm-none-eabi/lib/armv7-m\libg.a(lib_a-mprec.o)
                0x00005018                __pow5mult
 .text.__lshift
                0x000050b8       0xac c:/program files (x86)/cypress/psoc creator/4.2/psoc creator/import/gnu/arm/5.4.1/bin/../lib/gcc/arm-none-eabi/5.4.1/../../../../arm-none-eabi/lib/armv7-m\libg.a(lib_a-mprec.o)
                0x000050b8                __lshift
 .text.__mcmp   0x00005164       0x40 c:/program files (x86)/cypress/psoc creator/4.2/psoc creator/import/gnu/arm/5.4.1/bin/../lib/gcc/arm-none-eabi/5.4.1/../../../../arm-none-eabi/lib/armv7-m\libg.a(lib_a-mprec.o)
                0x00005164                __mcmp
 .text.__mdiff  0x000051a4      0x128 c:/program files (x86)/cypress/psoc creator/4.2/psoc creator/import/gnu/arm/5.4.1/bin/../lib/gcc/arm-none-eabi/5.4.1/../../../../arm-none-eabi/lib/armv7-m\libg.a(lib_a-mprec.o)
                0x000051a4                __mdiff
 .text.__d2b    0x000052cc       0xa8 c:/program files (x86)/cypress/psoc creator/4.2/psoc creator/import/gnu/arm/5.4.1/bin/../lib/gcc/arm-none-eabi/5.4.1/../../../../arm-none-eabi/lib/armv7-m\libg.a(lib_a-mprec.o)
                0x000052cc                __d2b
 .text._sbrk_r  0x00005374       0x24 c:/program files (x86)/cypress/psoc creator/4.2/psoc creator/import/gnu/arm/5.4.1/bin/../lib/gcc/arm-none-eabi/5.4.1/../../../../arm-none-eabi/lib/armv7-m\libg.a(lib_a-sbrkr.o)
                0x00005374                _sbrk_r
 .text.strlen   0x00005398       0x5c c:/program files (x86)/cypress/psoc creator/4.2/psoc creator/import/gnu/arm/5.4.1/bin/../lib/gcc/arm-none-eabi/5.4.1/../../../../arm-none-eabi/lib/armv7-m\libg.a(lib_a-strlen-stub.o)
                0x00005398                strlen
 .text.__ssprint_r
                0x000053f4      0x100 c:/program files (x86)/cypress/psoc creator/4.2/psoc creator/import/gnu/arm/5.4.1/bin/../lib/gcc/arm-none-eabi/5.4.1/../../../../arm-none-eabi/lib/armv7-m\libg.a(lib_a-svfiprintf.o)
                0x000053f4                __ssprint_r
 .text.__register_exitproc
                0x000054f4       0xa4 c:/program files (x86)/cypress/psoc creator/4.2/psoc creator/import/gnu/arm/5.4.1/bin/../lib/gcc/arm-none-eabi/5.4.1/../../../../arm-none-eabi/lib/armv7-m\libg.a(lib_a-__atexit.o)
                0x000054f4                __register_exitproc
 .text._calloc_r
                0x00005598       0x60 c:/program files (x86)/cypress/psoc creator/4.2/psoc creator/import/gnu/arm/5.4.1/bin/../lib/gcc/arm-none-eabi/5.4.1/../../../../arm-none-eabi/lib/armv7-m\libg.a(lib_a-callocr.o)
                0x00005598                _calloc_r
 .text._malloc_trim_r
                0x000055f8       0x9c c:/program files (x86)/cypress/psoc creator/4.2/psoc creator/import/gnu/arm/5.4.1/bin/../lib/gcc/arm-none-eabi/5.4.1/../../../../arm-none-eabi/lib/armv7-m\libg.a(lib_a-freer.o)
                0x000055f8                _malloc_trim_r
 .text._free_r  0x00005694      0x1d0 c:/program files (x86)/cypress/psoc creator/4.2/psoc creator/import/gnu/arm/5.4.1/bin/../lib/gcc/arm-none-eabi/5.4.1/../../../../arm-none-eabi/lib/armv7-m\libg.a(lib_a-freer.o)
                0x00005694                _free_r
 .text.memmove  0x00005864       0xc8 c:/program files (x86)/cypress/psoc creator/4.2/psoc creator/import/gnu/arm/5.4.1/bin/../lib/gcc/arm-none-eabi/5.4.1/../../../../arm-none-eabi/lib/armv7-m\libg.a(lib_a-memmove.o)
                0x00005864                memmove
 .text._realloc_r
                0x0000592c      0x3d4 c:/program files (x86)/cypress/psoc creator/4.2/psoc creator/import/gnu/arm/5.4.1/bin/../lib/gcc/arm-none-eabi/5.4.1/../../../../arm-none-eabi/lib/armv7-m\libg.a(lib_a-reallocr.o)
                0x0000592c                _realloc_r
 .text          0x00005d00       0x2c c:/program files (x86)/cypress/psoc creator/4.2/psoc creator/import/gnu/arm/5.4.1/bin/../lib/gcc/arm-none-eabi/5.4.1/armv7-m\libgcc.a(_arm_unorddf2.o)
                0x00005d00                __unorddf2
                0x00005d00                __aeabi_dcmpun
 .text          0x00005d2c       0x30 c:/program files (x86)/cypress/psoc creator/4.2/psoc creator/import/gnu/arm/5.4.1/bin/../lib/gcc/arm-none-eabi/5.4.1/armv7-m\libgcc.a(_aeabi_uldivmod.o)
                0x00005d2c                __aeabi_uldivmod
 .text          0x00005d5c      0x2ec c:/program files (x86)/cypress/psoc creator/4.2/psoc creator/import/gnu/arm/5.4.1/bin/../lib/gcc/arm-none-eabi/5.4.1/armv7-m\libgcc.a(_udivmoddi4.o)
                0x00005d5c                __udivmoddi4
 .text          0x00006048        0x4 c:/program files (x86)/cypress/psoc creator/4.2/psoc creator/import/gnu/arm/5.4.1/bin/../lib/gcc/arm-none-eabi/5.4.1/armv7-m\libgcc.a(_dvmd_tls.o)
                0x00006048                __aeabi_idiv0
                0x00006048                __aeabi_ldiv0
 *(.plt)
 *(.gnu.warning)
 *(.glue_7t)
 .glue_7t       0x0000604c        0x0 linker stubs
 *(.glue_7)
 .glue_7        0x0000604c        0x0 linker stubs
 *(.vfp11_veneer)
 .vfp11_veneer  0x0000604c        0x0 linker stubs
 *(.bootloader)
 *(.ARM.extab* .gnu.linkonce.armextab.*)
 *(.gcc_except_table)

.v4_bx          0x0000604c        0x0
 .v4_bx         0x0000604c        0x0 linker stubs

.iplt           0x0000604c        0x0
 .iplt          0x0000604c        0x0 c:/program files (x86)/cypress/psoc creator/4.2/psoc creator/import/gnu/arm/5.4.1/bin/../lib/gcc/arm-none-eabi/5.4.1/armv7-m/crtbegin.o

.eh_frame_hdr
 *(.eh_frame_hdr)

.eh_frame       0x0000604c        0x4
 *(.eh_frame)
 .eh_frame      0x0000604c        0x0 c:/program files (x86)/cypress/psoc creator/4.2/psoc creator/import/gnu/arm/5.4.1/bin/../lib/gcc/arm-none-eabi/5.4.1/armv7-m/crtbegin.o
 .eh_frame      0x0000604c        0x4 c:/program files (x86)/cypress/psoc creator/4.2/psoc creator/import/gnu/arm/5.4.1/bin/../lib/gcc/arm-none-eabi/5.4.1/armv7-m/crtend.o
                [!provide]                PROVIDE (__exidx_start, .)

.ARM.exidx      0x00006050        0x8
 *(.ARM.exidx* .gnu.linkonce.armexidx.*)
 .ARM.exidx     0x00006050        0x8 c:/program files (x86)/cypress/psoc creator/4.2/psoc creator/import/gnu/arm/5.4.1/bin/../lib/gcc/arm-none-eabi/5.4.1/armv7-m\libgcc.a(_udivmoddi4.o)
                0x00006058                __exidx_end = .

.rodata         0x00006058      0x288
 *(.rodata .rodata.* .gnu.linkonce.r.*)
 .rodata.str1.4
                0x00006058       0x80 .\CortexM3\ARM_GCC_541\Debug\main.o
 .rodata        0x000060d8       0x42 .\CortexM3\ARM_GCC_541\Debug\cyfitter_cfg.o
 *fill*         0x0000611a        0x2 
 .rodata.str1.4
                0x0000611c        0x2 c:/program files (x86)/cypress/psoc creator/4.2/psoc creator/import/gnu/arm/5.4.1/bin/../lib/gcc/arm-none-eabi/5.4.1/../../../../arm-none-eabi/lib/armv7-m\libg.a(lib_a-impure.o)
 *fill*         0x0000611e        0x2 
 .rodata._global_impure_ptr
                0x00006120        0x4 c:/program files (x86)/cypress/psoc creator/4.2/psoc creator/import/gnu/arm/5.4.1/bin/../lib/gcc/arm-none-eabi/5.4.1/../../../../arm-none-eabi/lib/armv7-m\libg.a(lib_a-impure.o)
                0x00006120                _global_impure_ptr
 .rodata.blanks.7055
                0x00006124       0x10 c:/program files (x86)/cypress/psoc creator/4.2/psoc creator/import/gnu/arm/5.4.1/bin/../lib/gcc/arm-none-eabi/5.4.1/../../../../arm-none-eabi/lib/armv7-m\libg.a(lib_a-svfprintf.o)
 .rodata.str1.4
                0x00006134       0x42 c:/program files (x86)/cypress/psoc creator/4.2/psoc creator/import/gnu/arm/5.4.1/bin/../lib/gcc/arm-none-eabi/5.4.1/../../../../arm-none-eabi/lib/armv7-m\libg.a(lib_a-svfprintf.o)
 *fill*         0x00006176        0x2 
 .rodata.zeroes.7056
                0x00006178       0x10 c:/program files (x86)/cypress/psoc creator/4.2/psoc creator/import/gnu/arm/5.4.1/bin/../lib/gcc/arm-none-eabi/5.4.1/../../../../arm-none-eabi/lib/armv7-m\libg.a(lib_a-svfprintf.o)
 .rodata.str1.4
                0x00006188       0x10 c:/program files (x86)/cypress/psoc creator/4.2/psoc creator/import/gnu/arm/5.4.1/bin/../lib/gcc/arm-none-eabi/5.4.1/../../../../arm-none-eabi/lib/armv7-m\libg.a(lib_a-dtoa.o)
                                 0x12 (size before relaxing)
 .rodata.str1.4
                0x00006198        0xc c:/program files (x86)/cypress/psoc creator/4.2/psoc creator/import/gnu/arm/5.4.1/bin/../lib/gcc/arm-none-eabi/5.4.1/../../../../arm-none-eabi/lib/armv7-m\libg.a(lib_a-locale.o)
                                 0x12 (size before relaxing)
 *fill*         0x000061a4        0x4 
 .rodata.__mprec_tens
                0x000061a8       0xc8 c:/program files (x86)/cypress/psoc creator/4.2/psoc creator/import/gnu/arm/5.4.1/bin/../lib/gcc/arm-none-eabi/5.4.1/../../../../arm-none-eabi/lib/armv7-m\libg.a(lib_a-mprec.o)
                0x000061a8                __mprec_tens
 .rodata.__mprec_bigtens
                0x00006270       0x28 c:/program files (x86)/cypress/psoc creator/4.2/psoc creator/import/gnu/arm/5.4.1/bin/../lib/gcc/arm-none-eabi/5.4.1/../../../../arm-none-eabi/lib/armv7-m\libg.a(lib_a-mprec.o)
                0x00006270                __mprec_bigtens
 .rodata.p05.5396
                0x00006298        0xc c:/program files (x86)/cypress/psoc creator/4.2/psoc creator/import/gnu/arm/5.4.1/bin/../lib/gcc/arm-none-eabi/5.4.1/../../../../arm-none-eabi/lib/armv7-m\libg.a(lib_a-mprec.o)
                0x000062a4                . = ALIGN (0x4)
 *(.init)
 .init          0x000062a4        0x4 c:/program files (x86)/cypress/psoc creator/4.2/psoc creator/import/gnu/arm/5.4.1/bin/../lib/gcc/arm-none-eabi/5.4.1/armv7-m/crti.o
                0x000062a4                _init
 .init          0x000062a8        0x8 c:/program files (x86)/cypress/psoc creator/4.2/psoc creator/import/gnu/arm/5.4.1/bin/../lib/gcc/arm-none-eabi/5.4.1/armv7-m/crtn.o
                0x000062b0                . = ALIGN (0x4)
                0x000062b0                __preinit_array_start = .
 *(.preinit_array)
                0x000062b0                __preinit_array_end = .
                0x000062b0                . = ALIGN (0x4)
                0x000062b0                __init_array_start = .
 *(SORT(.init_array.*))
 .init_array.00000
                0x000062b0        0x4 c:/program files (x86)/cypress/psoc creator/4.2/psoc creator/import/gnu/arm/5.4.1/bin/../lib/gcc/arm-none-eabi/5.4.1/../../../../arm-none-eabi/lib/armv7-m\libg.a(lib_a-__call_atexit.o)
 *(.init_array)
 .init_array    0x000062b4        0x4 c:/program files (x86)/cypress/psoc creator/4.2/psoc creator/import/gnu/arm/5.4.1/bin/../lib/gcc/arm-none-eabi/5.4.1/armv7-m/crtbegin.o
 .init_array    0x000062b8        0x4 .\CortexM3\ARM_GCC_541\Debug\Cm3Start.o
                0x000062bc                __init_array_end = .
                0x000062bc                . = ALIGN (0x4)
 *(.fini)
 .fini          0x000062bc        0x4 c:/program files (x86)/cypress/psoc creator/4.2/psoc creator/import/gnu/arm/5.4.1/bin/../lib/gcc/arm-none-eabi/5.4.1/armv7-m/crti.o
                0x000062bc                _fini
 .fini          0x000062c0        0x8 c:/program files (x86)/cypress/psoc creator/4.2/psoc creator/import/gnu/arm/5.4.1/bin/../lib/gcc/arm-none-eabi/5.4.1/armv7-m/crtn.o
                0x000062c8                . = ALIGN (0x4)
                0x000062c8                __fini_array_start = .
 *(.fini_array)
 .fini_array    0x000062c8        0x4 c:/program files (x86)/cypress/psoc creator/4.2/psoc creator/import/gnu/arm/5.4.1/bin/../lib/gcc/arm-none-eabi/5.4.1/armv7-m/crtbegin.o
 *(SORT(.fini_array.*))
                0x000062cc                __fini_array_end = .
                0x000062cc                . = ALIGN (0x4)
 *crtbegin.o(.ctors)
 *(EXCLUDE_FILE(*crtend.o) .ctors)
 *(SORT(.ctors.*))
 *crtend.o(.ctors)
                0x000062cc                . = ALIGN (0x4)
 *crtbegin.o(.dtors)
 *(EXCLUDE_FILE(*crtend.o) .dtors)
 *(SORT(.dtors.*))
 *crtend.o(.dtors)
                0x000062cc                . = ALIGN (0x4)
                0x000062cc                __cy_regions = .
                0x000062cc        0x4 LONG 0x62e0 __cy_region_init_ram
                0x000062d0        0x4 LONG 0x1fff80c8 __cy_region_start_data
                0x000062d4        0x4 LONG 0x930 __cy_region_init_size_ram
                0x000062d8        0x4 LONG 0x1b8 __cy_region_zero_size_ram
                0x000062dc                __cy_regions_end = .
                0x000062e0                . = ALIGN (0x8)
 *fill*         0x000062dc        0x4 
                0x000062e0                _etext = .

.cy_checksum_exclude
                0x000062e0        0x0
 *(.cy_checksum_exclude)

.ramvectors     0x1fff8000       0xc0
                0x1fff8000                __cy_region_start_ram = .
 *(.ramvectors)
 .ramvectors    0x1fff8000       0xc0 .\CortexM3\ARM_GCC_541\Debug\Cm3Start.o
                0x1fff8000                CyRamVectors

.noinit         0x1fff80c0        0x1
 *(.noinit)
 .noinit        0x1fff80c0        0x1 .\CortexM3\ARM_GCC_541\Debug\Navigation.a(CyLib.o)
                0x1fff80c0                CyResetStatus

.data           0x1fff80c8      0x930 load address 0x000062e0
                0x1fff80c8                __cy_region_start_data = .
 *(.jcr)
 .jcr           0x1fff80c8        0x0 c:/program files (x86)/cypress/psoc creator/4.2/psoc creator/import/gnu/arm/5.4.1/bin/../lib/gcc/arm-none-eabi/5.4.1/armv7-m/crtbegin.o
 .jcr           0x1fff80c8        0x4 c:/program files (x86)/cypress/psoc creator/4.2/psoc creator/import/gnu/arm/5.4.1/bin/../lib/gcc/arm-none-eabi/5.4.1/armv7-m/crtend.o
 *(.got.plt)
 *(.got)
 *(.shdata)
 *(.data .data.* .gnu.linkonce.d.*)
 *fill*         0x1fff80cc        0x4 
 .data          0x1fff80d0       0x98 .\CortexM3\ARM_GCC_541\Debug\main.o
                0x1fff80d0                COUNTDOWN
                0x1fff80d8                CENTERSERVO
                0x1fff80dc                ENDHSYNC
                0x1fff80e0                oldsetservo
                0x1fff80e8                firstPixelTime
                0x1fff80f0                servoKP
                0x1fff80f8                servoKI
                0x1fff8100                TICKCUTOFF
                0x1fff8108                LENGTH
                0x1fff8110                FREQ
                0x1fff8118                setSpeed
                0x1fff8120                oldError
                0x1fff8128                KP
                0x1fff8130                KI
                0x1fff8138                KD
                0x1fff8140                ON
                0x1fff8144                OEFREQ
                0x1fff8148                VFREQ
                0x1fff814c                LPF
                0x1fff8150                FPS
                0x1fff8154                PICHEIGHT
                0x1fff8158                PICWIDTH
                0x1fff8160                PI
 .data          0x1fff8168        0x4 .\CortexM3\ARM_GCC_541\Debug\Cm3Start.o
 .data          0x1fff816c       0x10 .\CortexM3\ARM_GCC_541\Debug\Navigation.a(CyLib.o)
                0x1fff816c                cydelay_32k_ms
                0x1fff8170                cydelay_freq_khz
                0x1fff8174                cydelay_freq_mhz
                0x1fff8178                cydelay_freq_hz
 *fill*         0x1fff817c        0x4 
 .data.impure_data
                0x1fff8180      0x428 c:/program files (x86)/cypress/psoc creator/4.2/psoc creator/import/gnu/arm/5.4.1/bin/../lib/gcc/arm-none-eabi/5.4.1/../../../../arm-none-eabi/lib/armv7-m\libg.a(lib_a-impure.o)
 .data._impure_ptr
                0x1fff85a8        0x4 c:/program files (x86)/cypress/psoc creator/4.2/psoc creator/import/gnu/arm/5.4.1/bin/../lib/gcc/arm-none-eabi/5.4.1/../../../../arm-none-eabi/lib/armv7-m\libg.a(lib_a-impure.o)
                0x1fff85a8                _impure_ptr
 .data.lconv    0x1fff85ac       0x38 c:/program files (x86)/cypress/psoc creator/4.2/psoc creator/import/gnu/arm/5.4.1/bin/../lib/gcc/arm-none-eabi/5.4.1/../../../../arm-none-eabi/lib/armv7-m\libg.a(lib_a-locale.o)
 .data.__malloc_av_
                0x1fff85e4      0x408 c:/program files (x86)/cypress/psoc creator/4.2/psoc creator/import/gnu/arm/5.4.1/bin/../lib/gcc/arm-none-eabi/5.4.1/../../../../arm-none-eabi/lib/armv7-m\libg.a(lib_a-mallocr.o)
                0x1fff85e4                __malloc_av_
 .data.__malloc_trim_threshold
                0x1fff89ec        0x4 c:/program files (x86)/cypress/psoc creator/4.2/psoc creator/import/gnu/arm/5.4.1/bin/../lib/gcc/arm-none-eabi/5.4.1/../../../../arm-none-eabi/lib/armv7-m\libg.a(lib_a-mallocr.o)
                0x1fff89ec                __malloc_trim_threshold
 .data.__malloc_sbrk_base
                0x1fff89f0        0x4 c:/program files (x86)/cypress/psoc creator/4.2/psoc creator/import/gnu/arm/5.4.1/bin/../lib/gcc/arm-none-eabi/5.4.1/../../../../arm-none-eabi/lib/armv7-m\libg.a(lib_a-mallocr.o)
                0x1fff89f0                __malloc_sbrk_base
                0x1fff89f8                . = ALIGN (0x8)
 *fill*         0x1fff89f4        0x4 
 *(.ram)
                0x1fff89f8                _edata = .

.igot.plt       0x1fff89f8        0x0 load address 0x00006c10
 .igot.plt      0x1fff89f8        0x0 c:/program files (x86)/cypress/psoc creator/4.2/psoc creator/import/gnu/arm/5.4.1/bin/../lib/gcc/arm-none-eabi/5.4.1/armv7-m/crtbegin.o

.bss            0x1fff89f8      0x1b8 load address 0x00006c10
                0x1fff89f8                PROVIDE (__bss_start__, .)
 *(.shbss)
 *(.bss .bss.* .gnu.linkonce.b.*)
 .bss           0x1fff89f8       0x1c c:/program files (x86)/cypress/psoc creator/4.2/psoc creator/import/gnu/arm/5.4.1/bin/../lib/gcc/arm-none-eabi/5.4.1/armv7-m/crtbegin.o
 *fill*         0x1fff8a14        0x4 
 .bss           0x1fff8a18       0x54 .\CortexM3\ARM_GCC_541\Debug\main.o
                0x1fff8a18                hallFlag
                0x1fff8a1c                leftBlackFlag
                0x1fff8a20                rightBlackFlag
                0x1fff8a28                frames
                0x1fff8a30                servoSum
                0x1fff8a38                sum
                0x1fff8a40                oldPixelError
                0x1fff8a48                servoKD
                0x1fff8a50                ticks
                0x1fff8a58                time
                0x1fff8a60                currentTime
                0x1fff8a64                oldTime
                0x1fff8a68                OFF
 .bss           0x1fff8a6c        0x2 .\CortexM3\ARM_GCC_541\Debug\Navigation.a(LCD.o)
                0x1fff8a6c                LCD_enableState
                0x1fff8a6d                LCD_initVar
 .bss           0x1fff8a6e        0x1 .\CortexM3\ARM_GCC_541\Debug\Navigation.a(PWM.o)
                0x1fff8a6e                PWM_initVar
 .bss           0x1fff8a6f        0x1 .\CortexM3\ARM_GCC_541\Debug\Navigation.a(Timer.o)
                0x1fff8a6f                Timer_initVar
 .bss           0x1fff8a70        0x2 .\CortexM3\ARM_GCC_541\Debug\Navigation.a(UART.o)
                0x1fff8a70                UART_initVar
 .bss           0x1fff8a72        0x1 .\CortexM3\ARM_GCC_541\Debug\Navigation.a(VDAC.o)
                0x1fff8a72                VDAC_initVar
 .bss           0x1fff8a73        0x1 .\CortexM3\ARM_GCC_541\Debug\Navigation.a(ServoPWM.o)
                0x1fff8a73                ServoPWM_initVar
 .bss           0x1fff8a74        0x1 .\CortexM3\ARM_GCC_541\Debug\Navigation.a(Comp1.o)
                0x1fff8a74                Comp1_initVar
 .bss           0x1fff8a75        0x1 .\CortexM3\ARM_GCC_541\Debug\Navigation.a(Comp2.o)
                0x1fff8a75                Comp2_initVar
 .bss           0x1fff8a76        0x1 .\CortexM3\ARM_GCC_541\Debug\Navigation.a(VideoTimerL.o)
                0x1fff8a76                VideoTimerL_initVar
 .bss           0x1fff8a77        0x1 .\CortexM3\ARM_GCC_541\Debug\Navigation.a(VideoTimerR.o)
                0x1fff8a77                VideoTimerR_initVar
 .bss.__malloc_max_total_mem
                0x1fff8a78        0x4 c:/program files (x86)/cypress/psoc creator/4.2/psoc creator/import/gnu/arm/5.4.1/bin/../lib/gcc/arm-none-eabi/5.4.1/../../../../arm-none-eabi/lib/armv7-m\libg.a(lib_a-mallocr.o)
                0x1fff8a78                __malloc_max_total_mem
 .bss.__malloc_max_sbrked_mem
                0x1fff8a7c        0x4 c:/program files (x86)/cypress/psoc creator/4.2/psoc creator/import/gnu/arm/5.4.1/bin/../lib/gcc/arm-none-eabi/5.4.1/../../../../arm-none-eabi/lib/armv7-m\libg.a(lib_a-mallocr.o)
                0x1fff8a7c                __malloc_max_sbrked_mem
 .bss.__malloc_top_pad
                0x1fff8a80        0x4 c:/program files (x86)/cypress/psoc creator/4.2/psoc creator/import/gnu/arm/5.4.1/bin/../lib/gcc/arm-none-eabi/5.4.1/../../../../arm-none-eabi/lib/armv7-m\libg.a(lib_a-mallocr.o)
                0x1fff8a80                __malloc_top_pad
 .bss.__malloc_current_mallinfo
                0x1fff8a84       0x28 c:/program files (x86)/cypress/psoc creator/4.2/psoc creator/import/gnu/arm/5.4.1/bin/../lib/gcc/arm-none-eabi/5.4.1/../../../../arm-none-eabi/lib/armv7-m\libg.a(lib_a-mallocr.o)
                0x1fff8a84                __malloc_current_mallinfo
 *(COMMON)
 *fill*         0x1fff8aac        0x4 
 COMMON         0x1fff8ab0       0xfc .\CortexM3\ARM_GCC_541\Debug\main.o
                0x1fff8ab0                servoAvgError
                0x1fff8ab8                setservo
                0x1fff8abc                blackTimeL
                0x1fff8ac0                dutyCycle
                0x1fff8ac8                HFREQ
                0x1fff8ad0                pixelErrorDiff
                0x1fff8ad8                blackTimeR
                0x1fff8adc                uartbuf
                0x1fff8b60                avgError
                0x1fff8b68                errorDiff
                0x1fff8b70                pixelError
                0x1fff8b78                eTime
                0x1fff8b80                lineTime
                0x1fff8b88                error
                0x1fff8b90                speed
                0x1fff8b98                LPS
                0x1fff8b9c                strbuf
 COMMON         0x1fff8bac        0x4 c:/program files (x86)/cypress/psoc creator/4.2/psoc creator/import/gnu/arm/5.4.1/bin/../lib/gcc/arm-none-eabi/5.4.1/../../../../arm-none-eabi/lib/armv7-m\libg.a(lib_a-reent.o)
                0x1fff8bac                errno
                0x1fff8bb0                . = ALIGN (0x8)
 *(.ram.b)
                0x1fff8bb0                _end = .
                0x1fff8bb0                __end = .
                0x1fff8bb0                PROVIDE (end, .)
                0x1fff8bb0                PROVIDE (__bss_end__, .)
                0x000062e0                __cy_region_init_ram = LOADADDR (.data)
                0x00000930                __cy_region_init_size_ram = (_edata - ADDR (.data))
                0x000001b8                __cy_region_zero_size_ram = (_end - _edata)

.heap           0x1fff8bb0     0x1000 load address 0x00006c10
                0x1fff8bb0                . = _end
                0x1fff9bb0                . = (. + 0x1000)
 *fill*         0x1fff8bb0     0x1000 
                0x1fff9bb0                __cy_heap_limit = .

.stack          0x20007800      0x800
                0x20007800                __cy_stack_limit = .
                0x20008000                . = (. + 0x800)
 *fill*         0x20007800      0x800 
                0x00000001                ASSERT ((__cy_stack_limit >= __cy_heap_limit), region RAM overflowed with stack)
                0x00000000                cy_checksum_exclude_size = (CY_APPL_LOADABLE == 0x1)?SIZEOF (.cy_checksum_exclude):0x0
                0x00000001                ASSERT ((cy_checksum_exclude_size <= CY_CHECKSUM_EXCLUDE_SIZE), CY_BOOT: Section .cy_checksum_exclude size exceedes specified limit.)

.cyloadermeta
 *(.cyloadermeta)

.cyloadablemeta
 *(.cyloadablemeta)

.cyconfigecc    0x80000000      0xaa8
 *(.cyconfigecc)
 .cyconfigecc   0x80000000      0xaa8 .\CortexM3\ARM_GCC_541\Debug\cymetadata.o
                0x80000000                cy_meta_configecc

.cycustnvl      0x90000000        0x4
 *(.cycustnvl)
 .cycustnvl     0x90000000        0x4 .\CortexM3\ARM_GCC_541\Debug\cymetadata.o
                0x90000000                cy_meta_custnvl

.cywolatch      0x90100000        0x4
 *(.cywolatch)
 .cywolatch     0x90100000        0x4 .\CortexM3\ARM_GCC_541\Debug\cymetadata.o
                0x90100000                cy_meta_wonvl

.cyeeprom       0x90200000        0x0
 *(.cyeeprom)
                0x00000001                ASSERT ((. <= ((0x90200000 + ee_offset) + ee_size)), .cyeeprom data will not fit in EEPROM)

.cyflashprotect
                0x90400000      0x100
 *(.cyflashprotect)
 .cyflashprotect
                0x90400000      0x100 .\CortexM3\ARM_GCC_541\Debug\cymetadata.o
                0x90400000                cy_meta_flashprotect

.cymeta         0x90500000        0xc
 *(.cymeta)
 .cymeta        0x90500000        0xc .\CortexM3\ARM_GCC_541\Debug\cymetadata.o
                0x90500000                cy_metadata

.rel.dyn        0x00006c10        0x0 load address 0x9050000c
 .rel.iplt      0x00006c10        0x0 c:/program files (x86)/cypress/psoc creator/4.2/psoc creator/import/gnu/arm/5.4.1/bin/../lib/gcc/arm-none-eabi/5.4.1/armv7-m/crtbegin.o

.stab
 *(.stab)

.stabstr
 *(.stabstr)

.debug
 *(.debug)

.line
 *(.line)

.debug_srcinfo
 *(.debug_srcinfo)

.debug_sfnames
 *(.debug_sfnames)

.debug_aranges  0x00000000      0xd90
 *(.debug_aranges)
 .debug_aranges
                0x00000000       0x40 .\CortexM3\ARM_GCC_541\Debug\main.o
 .debug_aranges
                0x00000040       0x58 .\CortexM3\ARM_GCC_541\Debug\cyfitter_cfg.o
 .debug_aranges
                0x00000098       0x18 .\CortexM3\ARM_GCC_541\Debug\cymetadata.o
 .debug_aranges
                0x000000b0       0x48 .\CortexM3\ARM_GCC_541\Debug\Cm3Start.o
 .debug_aranges
                0x000000f8       0x80 .\CortexM3\ARM_GCC_541\Debug\Navigation.a(HE_Interrupt.o)
 .debug_aranges
                0x00000178       0x98 .\CortexM3\ARM_GCC_541\Debug\Navigation.a(LCD.o)
 .debug_aranges
                0x00000210      0x2a0 .\CortexM3\ARM_GCC_541\Debug\Navigation.a(CyLib.o)
 .debug_aranges
                0x000004b0       0x98 .\CortexM3\ARM_GCC_541\Debug\Navigation.a(cyPm.o)
 .debug_aranges
                0x00000548       0x98 .\CortexM3\ARM_GCC_541\Debug\Navigation.a(PWM.o)
 .debug_aranges
                0x000005e0       0x98 .\CortexM3\ARM_GCC_541\Debug\Navigation.a(Timer.o)
 .debug_aranges
                0x00000678       0xf0 .\CortexM3\ARM_GCC_541\Debug\Navigation.a(UART.o)
 .debug_aranges
                0x00000768       0x70 .\CortexM3\ARM_GCC_541\Debug\Navigation.a(UART_IntClock.o)
 .debug_aranges
                0x000007d8       0x58 .\CortexM3\ARM_GCC_541\Debug\Navigation.a(VDAC.o)
 .debug_aranges
                0x00000830       0x98 .\CortexM3\ARM_GCC_541\Debug\Navigation.a(ServoPWM.o)
 .debug_aranges
                0x000008c8       0x80 .\CortexM3\ARM_GCC_541\Debug\Navigation.a(NewFrame.o)
 .debug_aranges
                0x00000948       0x70 .\CortexM3\ARM_GCC_541\Debug\Navigation.a(Comp1.o)
 .debug_aranges
                0x000009b8       0x80 .\CortexM3\ARM_GCC_541\Debug\Navigation.a(LeftBlackEdge.o)
 .debug_aranges
                0x00000a38       0x70 .\CortexM3\ARM_GCC_541\Debug\Navigation.a(Comp2.o)
 .debug_aranges
                0x00000aa8       0x80 .\CortexM3\ARM_GCC_541\Debug\Navigation.a(RightBlackEdge.o)
 .debug_aranges
                0x00000b28       0x98 .\CortexM3\ARM_GCC_541\Debug\Navigation.a(VideoTimerL.o)
 .debug_aranges
                0x00000bc0       0xa8 .\CortexM3\ARM_GCC_541\Debug\Navigation.a(VideoTimerR.o)
 .debug_aranges
                0x00000c68       0x20 .\CortexM3\ARM_GCC_541\Debug\Navigation.a(CyBootAsmGnu.o)
 .debug_aranges
                0x00000c88       0x88 .\CortexM3\ARM_GCC_541\Debug\Navigation.a(CyFlash.o)
 .debug_aranges
                0x00000d10       0x80 .\CortexM3\ARM_GCC_541\Debug\Navigation.a(CySpc.o)

.debug_pubnames
 *(.debug_pubnames)

.debug_info     0x00000000     0x7036
 *(.debug_info .gnu.linkonce.wi.*)
 .debug_info    0x00000000      0x8c5 .\CortexM3\ARM_GCC_541\Debug\main.o
 .debug_info    0x000008c5      0x615 .\CortexM3\ARM_GCC_541\Debug\cyfitter_cfg.o
 .debug_info    0x00000eda      0x139 .\CortexM3\ARM_GCC_541\Debug\cymetadata.o
 .debug_info    0x00001013      0x3bb .\CortexM3\ARM_GCC_541\Debug\Cm3Start.o
 .debug_info    0x000013ce      0x2d2 .\CortexM3\ARM_GCC_541\Debug\Navigation.a(HE_Interrupt.o)
 .debug_info    0x000016a0      0x715 .\CortexM3\ARM_GCC_541\Debug\Navigation.a(LCD.o)
 .debug_info    0x00001db5     0x1374 .\CortexM3\ARM_GCC_541\Debug\Navigation.a(CyLib.o)
 .debug_info    0x00003129      0xa2a .\CortexM3\ARM_GCC_541\Debug\Navigation.a(cyPm.o)
 .debug_info    0x00003b53      0x334 .\CortexM3\ARM_GCC_541\Debug\Navigation.a(PWM.o)
 .debug_info    0x00003e87      0x328 .\CortexM3\ARM_GCC_541\Debug\Navigation.a(Timer.o)
 .debug_info    0x000041af      0x60c .\CortexM3\ARM_GCC_541\Debug\Navigation.a(UART.o)
 .debug_info    0x000047bb      0x283 .\CortexM3\ARM_GCC_541\Debug\Navigation.a(UART_IntClock.o)
 .debug_info    0x00004a3e      0x1df .\CortexM3\ARM_GCC_541\Debug\Navigation.a(VDAC.o)
 .debug_info    0x00004c1d      0x334 .\CortexM3\ARM_GCC_541\Debug\Navigation.a(ServoPWM.o)
 .debug_info    0x00004f51      0x2d2 .\CortexM3\ARM_GCC_541\Debug\Navigation.a(NewFrame.o)
 .debug_info    0x00005223      0x2c8 .\CortexM3\ARM_GCC_541\Debug\Navigation.a(Comp1.o)
 .debug_info    0x000054eb      0x2d2 .\CortexM3\ARM_GCC_541\Debug\Navigation.a(LeftBlackEdge.o)
 .debug_info    0x000057bd      0x2c8 .\CortexM3\ARM_GCC_541\Debug\Navigation.a(Comp2.o)
 .debug_info    0x00005a85      0x2d2 .\CortexM3\ARM_GCC_541\Debug\Navigation.a(RightBlackEdge.o)
 .debug_info    0x00005d57      0x328 .\CortexM3\ARM_GCC_541\Debug\Navigation.a(VideoTimerL.o)
 .debug_info    0x0000607f      0x376 .\CortexM3\ARM_GCC_541\Debug\Navigation.a(VideoTimerR.o)
 .debug_info    0x000063f5       0xa4 .\CortexM3\ARM_GCC_541\Debug\Navigation.a(CyBootAsmGnu.o)
 .debug_info    0x00006499      0x64d .\CortexM3\ARM_GCC_541\Debug\Navigation.a(CyFlash.o)
 .debug_info    0x00006ae6      0x550 .\CortexM3\ARM_GCC_541\Debug\Navigation.a(CySpc.o)

.debug_abbrev   0x00000000     0x20a4
 *(.debug_abbrev)
 .debug_abbrev  0x00000000      0x132 .\CortexM3\ARM_GCC_541\Debug\main.o
 .debug_abbrev  0x00000132      0x20d .\CortexM3\ARM_GCC_541\Debug\cyfitter_cfg.o
 .debug_abbrev  0x0000033f       0x77 .\CortexM3\ARM_GCC_541\Debug\cymetadata.o
 .debug_abbrev  0x000003b6      0x1e8 .\CortexM3\ARM_GCC_541\Debug\Cm3Start.o
 .debug_abbrev  0x0000059e      0x173 .\CortexM3\ARM_GCC_541\Debug\Navigation.a(HE_Interrupt.o)
 .debug_abbrev  0x00000711      0x157 .\CortexM3\ARM_GCC_541\Debug\Navigation.a(LCD.o)
 .debug_abbrev  0x00000868      0x254 .\CortexM3\ARM_GCC_541\Debug\Navigation.a(CyLib.o)
 .debug_abbrev  0x00000abc      0x1ab .\CortexM3\ARM_GCC_541\Debug\Navigation.a(cyPm.o)
 .debug_abbrev  0x00000c67      0x133 .\CortexM3\ARM_GCC_541\Debug\Navigation.a(PWM.o)
 .debug_abbrev  0x00000d9a      0x13a .\CortexM3\ARM_GCC_541\Debug\Navigation.a(Timer.o)
 .debug_abbrev  0x00000ed4      0x175 .\CortexM3\ARM_GCC_541\Debug\Navigation.a(UART.o)
 .debug_abbrev  0x00001049      0x139 .\CortexM3\ARM_GCC_541\Debug\Navigation.a(UART_IntClock.o)
 .debug_abbrev  0x00001182       0xf7 .\CortexM3\ARM_GCC_541\Debug\Navigation.a(VDAC.o)
 .debug_abbrev  0x00001279      0x133 .\CortexM3\ARM_GCC_541\Debug\Navigation.a(ServoPWM.o)
 .debug_abbrev  0x000013ac      0x173 .\CortexM3\ARM_GCC_541\Debug\Navigation.a(NewFrame.o)
 .debug_abbrev  0x0000151f      0x16e .\CortexM3\ARM_GCC_541\Debug\Navigation.a(Comp1.o)
 .debug_abbrev  0x0000168d      0x173 .\CortexM3\ARM_GCC_541\Debug\Navigation.a(LeftBlackEdge.o)
 .debug_abbrev  0x00001800      0x16e .\CortexM3\ARM_GCC_541\Debug\Navigation.a(Comp2.o)
 .debug_abbrev  0x0000196e      0x173 .\CortexM3\ARM_GCC_541\Debug\Navigation.a(RightBlackEdge.o)
 .debug_abbrev  0x00001ae1      0x13a .\CortexM3\ARM_GCC_541\Debug\Navigation.a(VideoTimerL.o)
 .debug_abbrev  0x00001c1b      0x13a .\CortexM3\ARM_GCC_541\Debug\Navigation.a(VideoTimerR.o)
 .debug_abbrev  0x00001d55       0x14 .\CortexM3\ARM_GCC_541\Debug\Navigation.a(CyBootAsmGnu.o)
 .debug_abbrev  0x00001d69      0x1a7 .\CortexM3\ARM_GCC_541\Debug\Navigation.a(CyFlash.o)
 .debug_abbrev  0x00001f10      0x194 .\CortexM3\ARM_GCC_541\Debug\Navigation.a(CySpc.o)

.debug_line     0x00000000     0x2f98
 *(.debug_line)
 .debug_line    0x00000000      0x35b .\CortexM3\ARM_GCC_541\Debug\main.o
 .debug_line    0x0000035b      0x209 .\CortexM3\ARM_GCC_541\Debug\cyfitter_cfg.o
 .debug_line    0x00000564      0x141 .\CortexM3\ARM_GCC_541\Debug\cymetadata.o
 .debug_line    0x000006a5      0x234 .\CortexM3\ARM_GCC_541\Debug\Cm3Start.o
 .debug_line    0x000008d9      0x139 .\CortexM3\ARM_GCC_541\Debug\Navigation.a(HE_Interrupt.o)
 .debug_line    0x00000a12      0x1dc .\CortexM3\ARM_GCC_541\Debug\Navigation.a(LCD.o)
 .debug_line    0x00000bee      0x816 .\CortexM3\ARM_GCC_541\Debug\Navigation.a(CyLib.o)
 .debug_line    0x00001404      0x367 .\CortexM3\ARM_GCC_541\Debug\Navigation.a(cyPm.o)
 .debug_line    0x0000176b      0x183 .\CortexM3\ARM_GCC_541\Debug\Navigation.a(PWM.o)
 .debug_line    0x000018ee      0x182 .\CortexM3\ARM_GCC_541\Debug\Navigation.a(Timer.o)
 .debug_line    0x00001a70      0x2bc .\CortexM3\ARM_GCC_541\Debug\Navigation.a(UART.o)
 .debug_line    0x00001d2c      0x17c .\CortexM3\ARM_GCC_541\Debug\Navigation.a(UART_IntClock.o)
 .debug_line    0x00001ea8       0xe1 .\CortexM3\ARM_GCC_541\Debug\Navigation.a(VDAC.o)
 .debug_line    0x00001f89      0x188 .\CortexM3\ARM_GCC_541\Debug\Navigation.a(ServoPWM.o)
 .debug_line    0x00002111      0x135 .\CortexM3\ARM_GCC_541\Debug\Navigation.a(NewFrame.o)
 .debug_line    0x00002246      0x164 .\CortexM3\ARM_GCC_541\Debug\Navigation.a(Comp1.o)
 .debug_line    0x000023aa      0x13a .\CortexM3\ARM_GCC_541\Debug\Navigation.a(LeftBlackEdge.o)
 .debug_line    0x000024e4      0x164 .\CortexM3\ARM_GCC_541\Debug\Navigation.a(Comp2.o)
 .debug_line    0x00002648      0x13b .\CortexM3\ARM_GCC_541\Debug\Navigation.a(RightBlackEdge.o)
 .debug_line    0x00002783      0x188 .\CortexM3\ARM_GCC_541\Debug\Navigation.a(VideoTimerL.o)
 .debug_line    0x0000290b      0x1ad .\CortexM3\ARM_GCC_541\Debug\Navigation.a(VideoTimerR.o)
 .debug_line    0x00002ab8       0x66 .\CortexM3\ARM_GCC_541\Debug\Navigation.a(CyBootAsmGnu.o)
 .debug_line    0x00002b1e      0x21a .\CortexM3\ARM_GCC_541\Debug\Navigation.a(CyFlash.o)
 .debug_line    0x00002d38      0x260 .\CortexM3\ARM_GCC_541\Debug\Navigation.a(CySpc.o)

.debug_frame    0x00000000     0x2a08
 *(.debug_frame)
 .debug_frame   0x00000000       0xbc .\CortexM3\ARM_GCC_541\Debug\main.o
 .debug_frame   0x000000bc       0xe4 .\CortexM3\ARM_GCC_541\Debug\cyfitter_cfg.o
 .debug_frame   0x000001a0       0xb8 .\CortexM3\ARM_GCC_541\Debug\Cm3Start.o
 .debug_frame   0x00000258      0x104 .\CortexM3\ARM_GCC_541\Debug\Navigation.a(HE_Interrupt.o)
 .debug_frame   0x0000035c      0x1e8 .\CortexM3\ARM_GCC_541\Debug\Navigation.a(LCD.o)
 .debug_frame   0x00000544      0x738 .\CortexM3\ARM_GCC_541\Debug\Navigation.a(CyLib.o)
 .debug_frame   0x00000c7c      0x1f8 .\CortexM3\ARM_GCC_541\Debug\Navigation.a(cyPm.o)
 .debug_frame   0x00000e74      0x134 .\CortexM3\ARM_GCC_541\Debug\Navigation.a(PWM.o)
 .debug_frame   0x00000fa8      0x134 .\CortexM3\ARM_GCC_541\Debug\Navigation.a(Timer.o)
 .debug_frame   0x000010dc      0x250 .\CortexM3\ARM_GCC_541\Debug\Navigation.a(UART.o)
 .debug_frame   0x0000132c       0xe0 .\CortexM3\ARM_GCC_541\Debug\Navigation.a(UART_IntClock.o)
 .debug_frame   0x0000140c       0xb4 .\CortexM3\ARM_GCC_541\Debug\Navigation.a(VDAC.o)
 .debug_frame   0x000014c0      0x134 .\CortexM3\ARM_GCC_541\Debug\Navigation.a(ServoPWM.o)
 .debug_frame   0x000015f4      0x104 .\CortexM3\ARM_GCC_541\Debug\Navigation.a(NewFrame.o)
 .debug_frame   0x000016f8      0x108 .\CortexM3\ARM_GCC_541\Debug\Navigation.a(Comp1.o)
 .debug_frame   0x00001800      0x104 .\CortexM3\ARM_GCC_541\Debug\Navigation.a(LeftBlackEdge.o)
 .debug_frame   0x00001904      0x108 .\CortexM3\ARM_GCC_541\Debug\Navigation.a(Comp2.o)
 .debug_frame   0x00001a0c      0x104 .\CortexM3\ARM_GCC_541\Debug\Navigation.a(RightBlackEdge.o)
 .debug_frame   0x00001b10      0x134 .\CortexM3\ARM_GCC_541\Debug\Navigation.a(VideoTimerL.o)
 .debug_frame   0x00001c44      0x154 .\CortexM3\ARM_GCC_541\Debug\Navigation.a(VideoTimerR.o)
 .debug_frame   0x00001d98      0x194 .\CortexM3\ARM_GCC_541\Debug\Navigation.a(CyFlash.o)
 .debug_frame   0x00001f2c      0x180 .\CortexM3\ARM_GCC_541\Debug\Navigation.a(CySpc.o)
 .debug_frame   0x000020ac       0x20 c:/program files (x86)/cypress/psoc creator/4.2/psoc creator/import/gnu/arm/5.4.1/bin/../lib/gcc/arm-none-eabi/5.4.1/../../../../arm-none-eabi/lib/armv7-m\libg.a(lib_a-errno.o)
 .debug_frame   0x000020cc       0x28 c:/program files (x86)/cypress/psoc creator/4.2/psoc creator/import/gnu/arm/5.4.1/bin/../lib/gcc/arm-none-eabi/5.4.1/../../../../arm-none-eabi/lib/armv7-m\libg.a(lib_a-exit.o)
 .debug_frame   0x000020f4       0x2c c:/program files (x86)/cypress/psoc creator/4.2/psoc creator/import/gnu/arm/5.4.1/bin/../lib/gcc/arm-none-eabi/5.4.1/../../../../arm-none-eabi/lib/armv7-m\libg.a(lib_a-init.o)
 .debug_frame   0x00002120       0x34 c:/program files (x86)/cypress/psoc creator/4.2/psoc creator/import/gnu/arm/5.4.1/bin/../lib/gcc/arm-none-eabi/5.4.1/../../../../arm-none-eabi/lib/armv7-m\libg.a(lib_a-memset.o)
 .debug_frame   0x00002154       0x84 c:/program files (x86)/cypress/psoc creator/4.2/psoc creator/import/gnu/arm/5.4.1/bin/../lib/gcc/arm-none-eabi/5.4.1/../../../../arm-none-eabi/lib/armv7-m\libg.a(lib_a-sprintf.o)
 .debug_frame   0x000021d8       0x44 c:/program files (x86)/cypress/psoc creator/4.2/psoc creator/import/gnu/arm/5.4.1/bin/../lib/gcc/arm-none-eabi/5.4.1/../../../../arm-none-eabi/lib/armv7-m\libg.a(lib_a-svfprintf.o)
 .debug_frame   0x0000221c       0x50 c:/program files (x86)/cypress/psoc creator/4.2/psoc creator/import/gnu/arm/5.4.1/bin/../lib/gcc/arm-none-eabi/5.4.1/../../../../arm-none-eabi/lib/armv7-m\libg.a(lib_a-__call_atexit.o)
 .debug_frame   0x0000226c       0x20 c:/program files (x86)/cypress/psoc creator/4.2/psoc creator/import/gnu/arm/5.4.1/bin/../lib/gcc/arm-none-eabi/5.4.1/../../../../arm-none-eabi/lib/armv7-m\libg.a(lib_a-atexit.o)
 .debug_frame   0x0000228c       0x84 c:/program files (x86)/cypress/psoc creator/4.2/psoc creator/import/gnu/arm/5.4.1/bin/../lib/gcc/arm-none-eabi/5.4.1/../../../../arm-none-eabi/lib/armv7-m\libg.a(lib_a-dtoa.o)
 .debug_frame   0x00002310       0x34 c:/program files (x86)/cypress/psoc creator/4.2/psoc creator/import/gnu/arm/5.4.1/bin/../lib/gcc/arm-none-eabi/5.4.1/../../../../arm-none-eabi/lib/armv7-m\libg.a(lib_a-fini.o)
 .debug_frame   0x00002344       0x9c c:/program files (x86)/cypress/psoc creator/4.2/psoc creator/import/gnu/arm/5.4.1/bin/../lib/gcc/arm-none-eabi/5.4.1/../../../../arm-none-eabi/lib/armv7-m\libg.a(lib_a-locale.o)
 .debug_frame   0x000023e0       0x54 c:/program files (x86)/cypress/psoc creator/4.2/psoc creator/import/gnu/arm/5.4.1/bin/../lib/gcc/arm-none-eabi/5.4.1/../../../../arm-none-eabi/lib/armv7-m\libg.a(lib_a-mallocr.o)
 .debug_frame   0x00002434       0x34 c:/program files (x86)/cypress/psoc creator/4.2/psoc creator/import/gnu/arm/5.4.1/bin/../lib/gcc/arm-none-eabi/5.4.1/../../../../arm-none-eabi/lib/armv7-m\libg.a(lib_a-memchr-stub.o)
 .debug_frame   0x00002468       0x30 c:/program files (x86)/cypress/psoc creator/4.2/psoc creator/import/gnu/arm/5.4.1/bin/../lib/gcc/arm-none-eabi/5.4.1/../../../../arm-none-eabi/lib/armv7-m\libg.a(lib_a-mlock.o)
 .debug_frame   0x00002498      0x264 c:/program files (x86)/cypress/psoc creator/4.2/psoc creator/import/gnu/arm/5.4.1/bin/../lib/gcc/arm-none-eabi/5.4.1/../../../../arm-none-eabi/lib/armv7-m\libg.a(lib_a-mprec.o)
 .debug_frame   0x000026fc       0x2c c:/program files (x86)/cypress/psoc creator/4.2/psoc creator/import/gnu/arm/5.4.1/bin/../lib/gcc/arm-none-eabi/5.4.1/../../../../arm-none-eabi/lib/armv7-m\libg.a(lib_a-sbrkr.o)
 .debug_frame   0x00002728       0x34 c:/program files (x86)/cypress/psoc creator/4.2/psoc creator/import/gnu/arm/5.4.1/bin/../lib/gcc/arm-none-eabi/5.4.1/../../../../arm-none-eabi/lib/armv7-m\libg.a(lib_a-strcmp.o)
 .debug_frame   0x0000275c       0x20 c:/program files (x86)/cypress/psoc creator/4.2/psoc creator/import/gnu/arm/5.4.1/bin/../lib/gcc/arm-none-eabi/5.4.1/../../../../arm-none-eabi/lib/armv7-m\libg.a(lib_a-strlen-stub.o)
 .debug_frame   0x0000277c       0x78 c:/program files (x86)/cypress/psoc creator/4.2/psoc creator/import/gnu/arm/5.4.1/bin/../lib/gcc/arm-none-eabi/5.4.1/../../../../arm-none-eabi/lib/armv7-m\libg.a(lib_a-svfiprintf.o)
 .debug_frame   0x000027f4       0x34 c:/program files (x86)/cypress/psoc creator/4.2/psoc creator/import/gnu/arm/5.4.1/bin/../lib/gcc/arm-none-eabi/5.4.1/../../../../arm-none-eabi/lib/armv7-m\libg.a(lib_a-__atexit.o)
 .debug_frame   0x00002828       0x28 c:/program files (x86)/cypress/psoc creator/4.2/psoc creator/import/gnu/arm/5.4.1/bin/../lib/gcc/arm-none-eabi/5.4.1/../../../../arm-none-eabi/lib/armv7-m\libg.a(lib_a-callocr.o)
 .debug_frame   0x00002850       0x74 c:/program files (x86)/cypress/psoc creator/4.2/psoc creator/import/gnu/arm/5.4.1/bin/../lib/gcc/arm-none-eabi/5.4.1/../../../../arm-none-eabi/lib/armv7-m\libg.a(lib_a-freer.o)
 .debug_frame   0x000028c4       0x30 c:/program files (x86)/cypress/psoc creator/4.2/psoc creator/import/gnu/arm/5.4.1/bin/../lib/gcc/arm-none-eabi/5.4.1/../../../../arm-none-eabi/lib/armv7-m\libg.a(lib_a-memmove.o)
 .debug_frame   0x000028f4       0x58 c:/program files (x86)/cypress/psoc creator/4.2/psoc creator/import/gnu/arm/5.4.1/bin/../lib/gcc/arm-none-eabi/5.4.1/../../../../arm-none-eabi/lib/armv7-m\libg.a(lib_a-reallocr.o)
 .debug_frame   0x0000294c       0x58 c:/program files (x86)/cypress/psoc creator/4.2/psoc creator/import/gnu/arm/5.4.1/bin/../lib/gcc/arm-none-eabi/5.4.1/../../../../arm-none-eabi/lib/armv7-m\libg.a(lib_a-reent.o)
 .debug_frame   0x000029a4       0x2c c:/program files (x86)/cypress/psoc creator/4.2/psoc creator/import/gnu/arm/5.4.1/bin/../lib/gcc/arm-none-eabi/5.4.1/armv7-m\libgcc.a(_aeabi_uldivmod.o)
 .debug_frame   0x000029d0       0x38 c:/program files (x86)/cypress/psoc creator/4.2/psoc creator/import/gnu/arm/5.4.1/bin/../lib/gcc/arm-none-eabi/5.4.1/armv7-m\libgcc.a(_udivmoddi4.o)

.debug_str      0x00000000     0x2938
 *(.debug_str)
 .debug_str     0x00000000      0x55e .\CortexM3\ARM_GCC_541\Debug\main.o
                                0x5d5 (size before relaxing)
 .debug_str     0x0000055e      0x1bc .\CortexM3\ARM_GCC_541\Debug\cyfitter_cfg.o
                                0x35e (size before relaxing)
 .debug_str     0x0000071a       0x7f .\CortexM3\ARM_GCC_541\Debug\cymetadata.o
                                0x1f8 (size before relaxing)
 .debug_str     0x00000799      0x13e .\CortexM3\ARM_GCC_541\Debug\Cm3Start.o
                                0x31e (size before relaxing)
 .debug_str     0x000008d7      0x136 .\CortexM3\ARM_GCC_541\Debug\Navigation.a(HE_Interrupt.o)
                                0x31c (size before relaxing)
 .debug_str     0x00000a0d      0x15e .\CortexM3\ARM_GCC_541\Debug\Navigation.a(LCD.o)
                                0x33f (size before relaxing)
 .debug_str     0x00000b6b      0x806 .\CortexM3\ARM_GCC_541\Debug\Navigation.a(CyLib.o)
                                0xa5b (size before relaxing)
 .debug_str     0x00001371      0x365 .\CortexM3\ARM_GCC_541\Debug\Navigation.a(cyPm.o)
                                0x747 (size before relaxing)
 .debug_str     0x000016d6       0x56 .\CortexM3\ARM_GCC_541\Debug\Navigation.a(PWM.o)
                                0x33f (size before relaxing)
 .debug_str     0x0000172c      0x146 .\CortexM3\ARM_GCC_541\Debug\Navigation.a(Timer.o)
                                0x376 (size before relaxing)
 .debug_str     0x00001872      0x278 .\CortexM3\ARM_GCC_541\Debug\Navigation.a(UART.o)
                                0x489 (size before relaxing)
 .debug_str     0x00001aea      0x183 .\CortexM3\ARM_GCC_541\Debug\Navigation.a(UART_IntClock.o)
                                0x34a (size before relaxing)
 .debug_str     0x00001c6d       0x5e .\CortexM3\ARM_GCC_541\Debug\Navigation.a(VDAC.o)
                                0x229 (size before relaxing)
 .debug_str     0x00001ccb      0x179 .\CortexM3\ARM_GCC_541\Debug\Navigation.a(ServoPWM.o)
                                0x39e (size before relaxing)
 .debug_str     0x00001e44       0xee .\CortexM3\ARM_GCC_541\Debug\Navigation.a(NewFrame.o)
                                0x2e4 (size before relaxing)
 .debug_str     0x00001f32      0x105 .\CortexM3\ARM_GCC_541\Debug\Navigation.a(Comp1.o)
                                0x2df (size before relaxing)
 .debug_str     0x00002037      0x12a .\CortexM3\ARM_GCC_541\Debug\Navigation.a(LeftBlackEdge.o)
                                0x32a (size before relaxing)
 .debug_str     0x00002161       0xc6 .\CortexM3\ARM_GCC_541\Debug\Navigation.a(Comp2.o)
                                0x2df (size before relaxing)
 .debug_str     0x00002227      0x136 .\CortexM3\ARM_GCC_541\Debug\Navigation.a(RightBlackEdge.o)
                                0x338 (size before relaxing)
 .debug_str     0x0000235d      0x197 .\CortexM3\ARM_GCC_541\Debug\Navigation.a(VideoTimerL.o)
                                0x3e8 (size before relaxing)
 .debug_str     0x000024f4      0x1dd .\CortexM3\ARM_GCC_541\Debug\Navigation.a(VideoTimerR.o)
                                0x42e (size before relaxing)
 .debug_str     0x000026d1      0x1bb .\CortexM3\ARM_GCC_541\Debug\Navigation.a(CyFlash.o)
                                0x3d4 (size before relaxing)
 .debug_str     0x0000288c       0xac .\CortexM3\ARM_GCC_541\Debug\Navigation.a(CySpc.o)
                                0x34c (size before relaxing)

.debug_loc      0x00000000     0x261a
 *(.debug_loc)
 .debug_loc     0x00000000      0x25a .\CortexM3\ARM_GCC_541\Debug\cyfitter_cfg.o
 .debug_loc     0x0000025a      0x144 .\CortexM3\ARM_GCC_541\Debug\Cm3Start.o
 .debug_loc     0x0000039e       0x56 .\CortexM3\ARM_GCC_541\Debug\Navigation.a(HE_Interrupt.o)
 .debug_loc     0x000003f4      0x3c6 .\CortexM3\ARM_GCC_541\Debug\Navigation.a(LCD.o)
 .debug_loc     0x000007ba      0xa11 .\CortexM3\ARM_GCC_541\Debug\Navigation.a(CyLib.o)
 .debug_loc     0x000011cb      0x1e4 .\CortexM3\ARM_GCC_541\Debug\Navigation.a(cyPm.o)
 .debug_loc     0x000013af       0x26 .\CortexM3\ARM_GCC_541\Debug\Navigation.a(PWM.o)
 .debug_loc     0x000013d5       0x31 .\CortexM3\ARM_GCC_541\Debug\Navigation.a(Timer.o)
 .debug_loc     0x00001406      0x258 .\CortexM3\ARM_GCC_541\Debug\Navigation.a(UART.o)
 .debug_loc     0x0000165e      0x128 .\CortexM3\ARM_GCC_541\Debug\Navigation.a(UART_IntClock.o)
 .debug_loc     0x00001786       0x79 .\CortexM3\ARM_GCC_541\Debug\Navigation.a(VDAC.o)
 .debug_loc     0x000017ff       0x26 .\CortexM3\ARM_GCC_541\Debug\Navigation.a(ServoPWM.o)
 .debug_loc     0x00001825       0x56 .\CortexM3\ARM_GCC_541\Debug\Navigation.a(NewFrame.o)
 .debug_loc     0x0000187b       0xed .\CortexM3\ARM_GCC_541\Debug\Navigation.a(Comp1.o)
 .debug_loc     0x00001968       0x56 .\CortexM3\ARM_GCC_541\Debug\Navigation.a(LeftBlackEdge.o)
 .debug_loc     0x000019be       0xed .\CortexM3\ARM_GCC_541\Debug\Navigation.a(Comp2.o)
 .debug_loc     0x00001aab       0x56 .\CortexM3\ARM_GCC_541\Debug\Navigation.a(RightBlackEdge.o)
 .debug_loc     0x00001b01       0x31 .\CortexM3\ARM_GCC_541\Debug\Navigation.a(VideoTimerL.o)
 .debug_loc     0x00001b32       0x31 .\CortexM3\ARM_GCC_541\Debug\Navigation.a(VideoTimerR.o)
 .debug_loc     0x00001b63      0x3b2 .\CortexM3\ARM_GCC_541\Debug\Navigation.a(CyFlash.o)
 .debug_loc     0x00001f15      0x705 .\CortexM3\ARM_GCC_541\Debug\Navigation.a(CySpc.o)

.debug_macinfo
 *(.debug_macinfo)

.debug_ranges   0x00000000      0xbf8
 *(.debug_ranges)
 .debug_ranges  0x00000000       0x30 .\CortexM3\ARM_GCC_541\Debug\main.o
 .debug_ranges  0x00000030       0x48 .\CortexM3\ARM_GCC_541\Debug\cyfitter_cfg.o
 .debug_ranges  0x00000078       0x38 .\CortexM3\ARM_GCC_541\Debug\Cm3Start.o
 .debug_ranges  0x000000b0       0x70 .\CortexM3\ARM_GCC_541\Debug\Navigation.a(HE_Interrupt.o)
 .debug_ranges  0x00000120       0x88 .\CortexM3\ARM_GCC_541\Debug\Navigation.a(LCD.o)
 .debug_ranges  0x000001a8      0x290 .\CortexM3\ARM_GCC_541\Debug\Navigation.a(CyLib.o)
 .debug_ranges  0x00000438       0x88 .\CortexM3\ARM_GCC_541\Debug\Navigation.a(cyPm.o)
 .debug_ranges  0x000004c0       0x88 .\CortexM3\ARM_GCC_541\Debug\Navigation.a(PWM.o)
 .debug_ranges  0x00000548       0x88 .\CortexM3\ARM_GCC_541\Debug\Navigation.a(Timer.o)
 .debug_ranges  0x000005d0       0xe0 .\CortexM3\ARM_GCC_541\Debug\Navigation.a(UART.o)
 .debug_ranges  0x000006b0       0x60 .\CortexM3\ARM_GCC_541\Debug\Navigation.a(UART_IntClock.o)
 .debug_ranges  0x00000710       0x48 .\CortexM3\ARM_GCC_541\Debug\Navigation.a(VDAC.o)
 .debug_ranges  0x00000758       0x88 .\CortexM3\ARM_GCC_541\Debug\Navigation.a(ServoPWM.o)
 .debug_ranges  0x000007e0       0x70 .\CortexM3\ARM_GCC_541\Debug\Navigation.a(NewFrame.o)
 .debug_ranges  0x00000850       0x60 .\CortexM3\ARM_GCC_541\Debug\Navigation.a(Comp1.o)
 .debug_ranges  0x000008b0       0x70 .\CortexM3\ARM_GCC_541\Debug\Navigation.a(LeftBlackEdge.o)
 .debug_ranges  0x00000920       0x60 .\CortexM3\ARM_GCC_541\Debug\Navigation.a(Comp2.o)
 .debug_ranges  0x00000980       0x70 .\CortexM3\ARM_GCC_541\Debug\Navigation.a(RightBlackEdge.o)
 .debug_ranges  0x000009f0       0x88 .\CortexM3\ARM_GCC_541\Debug\Navigation.a(VideoTimerL.o)
 .debug_ranges  0x00000a78       0x98 .\CortexM3\ARM_GCC_541\Debug\Navigation.a(VideoTimerR.o)
 .debug_ranges  0x00000b10       0x78 .\CortexM3\ARM_GCC_541\Debug\Navigation.a(CyFlash.o)
 .debug_ranges  0x00000b88       0x70 .\CortexM3\ARM_GCC_541\Debug\Navigation.a(CySpc.o)

.comment        0x00000000       0x6e
 .comment       0x00000000       0x6e .\CortexM3\ARM_GCC_541\Debug\main.o
                                 0x6f (size before relaxing)
 .comment       0x0000006e       0x6f .\CortexM3\ARM_GCC_541\Debug\cyfitter_cfg.o
 .comment       0x0000006e       0x6f .\CortexM3\ARM_GCC_541\Debug\cymetadata.o
 .comment       0x0000006e       0x6f .\CortexM3\ARM_GCC_541\Debug\Cm3Start.o
 .comment       0x0000006e       0x6f .\CortexM3\ARM_GCC_541\Debug\Navigation.a(HE_Interrupt.o)
 .comment       0x0000006e       0x6f .\CortexM3\ARM_GCC_541\Debug\Navigation.a(LCD.o)
 .comment       0x0000006e       0x6f .\CortexM3\ARM_GCC_541\Debug\Navigation.a(CyLib.o)
 .comment       0x0000006e       0x6f .\CortexM3\ARM_GCC_541\Debug\Navigation.a(cyPm.o)
 .comment       0x0000006e       0x6f .\CortexM3\ARM_GCC_541\Debug\Navigation.a(PWM.o)
 .comment       0x0000006e       0x6f .\CortexM3\ARM_GCC_541\Debug\Navigation.a(Timer.o)
 .comment       0x0000006e       0x6f .\CortexM3\ARM_GCC_541\Debug\Navigation.a(UART.o)
 .comment       0x0000006e       0x6f .\CortexM3\ARM_GCC_541\Debug\Navigation.a(UART_IntClock.o)
 .comment       0x0000006e       0x6f .\CortexM3\ARM_GCC_541\Debug\Navigation.a(VDAC.o)
 .comment       0x0000006e       0x6f .\CortexM3\ARM_GCC_541\Debug\Navigation.a(ServoPWM.o)
 .comment       0x0000006e       0x6f .\CortexM3\ARM_GCC_541\Debug\Navigation.a(NewFrame.o)
 .comment       0x0000006e       0x6f .\CortexM3\ARM_GCC_541\Debug\Navigation.a(Comp1.o)
 .comment       0x0000006e       0x6f .\CortexM3\ARM_GCC_541\Debug\Navigation.a(LeftBlackEdge.o)
 .comment       0x0000006e       0x6f .\CortexM3\ARM_GCC_541\Debug\Navigation.a(Comp2.o)
 .comment       0x0000006e       0x6f .\CortexM3\ARM_GCC_541\Debug\Navigation.a(RightBlackEdge.o)
 .comment       0x0000006e       0x6f .\CortexM3\ARM_GCC_541\Debug\Navigation.a(VideoTimerL.o)
 .comment       0x0000006e       0x6f .\CortexM3\ARM_GCC_541\Debug\Navigation.a(VideoTimerR.o)
 .comment       0x0000006e       0x6f .\CortexM3\ARM_GCC_541\Debug\Navigation.a(CyFlash.o)
 .comment       0x0000006e       0x6f .\CortexM3\ARM_GCC_541\Debug\Navigation.a(CySpc.o)

.debug_weaknames
 *(.debug_weaknames)

.debug_funcnames
 *(.debug_funcnames)

.debug_typenames
 *(.debug_typenames)

.debug_varnames
 *(.debug_varnames)

.note.gnu.arm.ident
 *(.note.gnu.arm.ident)

.ARM.attributes
                0x00000000       0x29
 *(.ARM.attributes)
 .ARM.attributes
                0x00000000       0x1d c:/program files (x86)/cypress/psoc creator/4.2/psoc creator/import/gnu/arm/5.4.1/bin/../lib/gcc/arm-none-eabi/5.4.1/armv7-m/crti.o
 .ARM.attributes
                0x0000001d       0x2d c:/program files (x86)/cypress/psoc creator/4.2/psoc creator/import/gnu/arm/5.4.1/bin/../lib/gcc/arm-none-eabi/5.4.1/armv7-m/crtbegin.o
 .ARM.attributes
                0x0000004a       0x1b c:/program files (x86)/cypress/psoc creator/4.2/psoc creator/import/gnu/arm/5.4.1/bin/../lib/gcc/arm-none-eabi/5.4.1/../../../../arm-none-eabi/lib/armv7-m/crt0.o
 .ARM.attributes
                0x00000065       0x33 .\CortexM3\ARM_GCC_541\Debug\main.o
 .ARM.attributes
                0x00000098       0x33 .\CortexM3\ARM_GCC_541\Debug\cyfitter_cfg.o
 .ARM.attributes
                0x000000cb       0x33 .\CortexM3\ARM_GCC_541\Debug\cymetadata.o
 .ARM.attributes
                0x000000fe       0x33 .\CortexM3\ARM_GCC_541\Debug\Cm3Start.o
 .ARM.attributes
                0x00000131       0x33 .\CortexM3\ARM_GCC_541\Debug\Navigation.a(HE_Interrupt.o)
 .ARM.attributes
                0x00000164       0x33 .\CortexM3\ARM_GCC_541\Debug\Navigation.a(LCD.o)
 .ARM.attributes
                0x00000197       0x33 .\CortexM3\ARM_GCC_541\Debug\Navigation.a(CyLib.o)
 .ARM.attributes
                0x000001ca       0x33 .\CortexM3\ARM_GCC_541\Debug\Navigation.a(cyPm.o)
 .ARM.attributes
                0x000001fd       0x33 .\CortexM3\ARM_GCC_541\Debug\Navigation.a(PWM.o)
 .ARM.attributes
                0x00000230       0x33 .\CortexM3\ARM_GCC_541\Debug\Navigation.a(Timer.o)
 .ARM.attributes
                0x00000263       0x33 .\CortexM3\ARM_GCC_541\Debug\Navigation.a(UART.o)
 .ARM.attributes
                0x00000296       0x33 .\CortexM3\ARM_GCC_541\Debug\Navigation.a(UART_IntClock.o)
 .ARM.attributes
                0x000002c9       0x33 .\CortexM3\ARM_GCC_541\Debug\Navigation.a(VDAC.o)
 .ARM.attributes
                0x000002fc       0x33 .\CortexM3\ARM_GCC_541\Debug\Navigation.a(ServoPWM.o)
 .ARM.attributes
                0x0000032f       0x33 .\CortexM3\ARM_GCC_541\Debug\Navigation.a(NewFrame.o)
 .ARM.attributes
                0x00000362       0x33 .\CortexM3\ARM_GCC_541\Debug\Navigation.a(Comp1.o)
 .ARM.attributes
                0x00000395       0x33 .\CortexM3\ARM_GCC_541\Debug\Navigation.a(LeftBlackEdge.o)
 .ARM.attributes
                0x000003c8       0x33 .\CortexM3\ARM_GCC_541\Debug\Navigation.a(Comp2.o)
 .ARM.attributes
                0x000003fb       0x33 .\CortexM3\ARM_GCC_541\Debug\Navigation.a(RightBlackEdge.o)
 .ARM.attributes
                0x0000042e       0x33 .\CortexM3\ARM_GCC_541\Debug\Navigation.a(VideoTimerL.o)
 .ARM.attributes
                0x00000461       0x33 .\CortexM3\ARM_GCC_541\Debug\Navigation.a(VideoTimerR.o)
 .ARM.attributes
                0x00000494       0x21 .\CortexM3\ARM_GCC_541\Debug\Navigation.a(CyBootAsmGnu.o)
 .ARM.attributes
                0x000004b5       0x33 .\CortexM3\ARM_GCC_541\Debug\Navigation.a(CyFlash.o)
 .ARM.attributes
                0x000004e8       0x33 .\CortexM3\ARM_GCC_541\Debug\Navigation.a(CySpc.o)
 .ARM.attributes
                0x0000051b       0x1d c:/program files (x86)/cypress/psoc creator/4.2/psoc creator/import/gnu/arm/5.4.1/bin/../lib/gcc/arm-none-eabi/5.4.1/armv7-m\libgcc.a(_arm_addsubdf3.o)
 .ARM.attributes
                0x00000538       0x1d c:/program files (x86)/cypress/psoc creator/4.2/psoc creator/import/gnu/arm/5.4.1/bin/../lib/gcc/arm-none-eabi/5.4.1/armv7-m\libgcc.a(_arm_muldivdf3.o)
 .ARM.attributes
                0x00000555       0x1d c:/program files (x86)/cypress/psoc creator/4.2/psoc creator/import/gnu/arm/5.4.1/bin/../lib/gcc/arm-none-eabi/5.4.1/armv7-m\libgcc.a(_arm_cmpdf2.o)
 .ARM.attributes
                0x00000572       0x1d c:/program files (x86)/cypress/psoc creator/4.2/psoc creator/import/gnu/arm/5.4.1/bin/../lib/gcc/arm-none-eabi/5.4.1/armv7-m\libgcc.a(_arm_fixdfsi.o)
 .ARM.attributes
                0x0000058f       0x1d c:/program files (x86)/cypress/psoc creator/4.2/psoc creator/import/gnu/arm/5.4.1/bin/../lib/gcc/arm-none-eabi/5.4.1/armv7-m\libgcc.a(_arm_fixunsdfsi.o)
 .ARM.attributes
                0x000005ac       0x2d c:/program files (x86)/cypress/psoc creator/4.2/psoc creator/import/gnu/arm/5.4.1/bin/../lib/gcc/arm-none-eabi/5.4.1/../../../../arm-none-eabi/lib/armv7-m\libg.a(lib_a-errno.o)
 .ARM.attributes
                0x000005d9       0x2d c:/program files (x86)/cypress/psoc creator/4.2/psoc creator/import/gnu/arm/5.4.1/bin/../lib/gcc/arm-none-eabi/5.4.1/../../../../arm-none-eabi/lib/armv7-m\libg.a(lib_a-exit.o)
 .ARM.attributes
                0x00000606       0x2d c:/program files (x86)/cypress/psoc creator/4.2/psoc creator/import/gnu/arm/5.4.1/bin/../lib/gcc/arm-none-eabi/5.4.1/../../../../arm-none-eabi/lib/armv7-m\libg.a(lib_a-impure.o)
 .ARM.attributes
                0x00000633       0x2d c:/program files (x86)/cypress/psoc creator/4.2/psoc creator/import/gnu/arm/5.4.1/bin/../lib/gcc/arm-none-eabi/5.4.1/../../../../arm-none-eabi/lib/armv7-m\libg.a(lib_a-init.o)
 .ARM.attributes
                0x00000660       0x1b c:/program files (x86)/cypress/psoc creator/4.2/psoc creator/import/gnu/arm/5.4.1/bin/../lib/gcc/arm-none-eabi/5.4.1/../../../../arm-none-eabi/lib/armv7-m\libg.a(lib_a-memcpy.o)
 .ARM.attributes
                0x0000067b       0x2d c:/program files (x86)/cypress/psoc creator/4.2/psoc creator/import/gnu/arm/5.4.1/bin/../lib/gcc/arm-none-eabi/5.4.1/../../../../arm-none-eabi/lib/armv7-m\libg.a(lib_a-memset.o)
 .ARM.attributes
                0x000006a8       0x2d c:/program files (x86)/cypress/psoc creator/4.2/psoc creator/import/gnu/arm/5.4.1/bin/../lib/gcc/arm-none-eabi/5.4.1/../../../../arm-none-eabi/lib/armv7-m\libg.a(lib_a-sprintf.o)
 .ARM.attributes
                0x000006d5       0x2d c:/program files (x86)/cypress/psoc creator/4.2/psoc creator/import/gnu/arm/5.4.1/bin/../lib/gcc/arm-none-eabi/5.4.1/../../../../arm-none-eabi/lib/armv7-m\libg.a(lib_a-svfprintf.o)
 .ARM.attributes