Archive member included to satisfy reference by file (symbol)

.\CortexM3\ARM_GCC_541\Debug\Navigation.a(HE_Interrupt.o)
                              .\CortexM3\ARM_GCC_541\Debug\main.o (HE_Interrupt_SetVector)
.\CortexM3\ARM_GCC_541\Debug\Navigation.a(LCD.o)
                              .\CortexM3\ARM_GCC_541\Debug\main.o (LCD_PrintString)
.\CortexM3\ARM_GCC_541\Debug\Navigation.a(CyLib.o)
                              .\CortexM3\ARM_GCC_541\Debug\Cm3Start.o (CyHalt)
.\CortexM3\ARM_GCC_541\Debug\Navigation.a(cyPm.o)
                              .\CortexM3\ARM_GCC_541\Debug\Navigation.a(CyLib.o) (CyPmReadStatus)
.\CortexM3\ARM_GCC_541\Debug\Navigation.a(PWM.o)
                              .\CortexM3\ARM_GCC_541\Debug\main.o (PWM_WriteCompare)
.\CortexM3\ARM_GCC_541\Debug\Navigation.a(Timer.o)
                              .\CortexM3\ARM_GCC_541\Debug\main.o (Timer_ReadStatusRegister)
.\CortexM3\ARM_GCC_541\Debug\Navigation.a(UART.o)
                              .\CortexM3\ARM_GCC_541\Debug\main.o (UART_Start)
.\CortexM3\ARM_GCC_541\Debug\Navigation.a(UART_IntClock.o)
                              .\CortexM3\ARM_GCC_541\Debug\Navigation.a(UART.o) (UART_IntClock_Start)
.\CortexM3\ARM_GCC_541\Debug\Navigation.a(Comp.o)
                              .\CortexM3\ARM_GCC_541\Debug\main.o (Comp_SetSpeed)
.\CortexM3\ARM_GCC_541\Debug\Navigation.a(VideoTimer.o)
                              .\CortexM3\ARM_GCC_541\Debug\main.o (VideoTimer_ReadStatusRegister)
.\CortexM3\ARM_GCC_541\Debug\Navigation.a(Black.o)
                              .\CortexM3\ARM_GCC_541\Debug\main.o (Black_SetVector)
.\CortexM3\ARM_GCC_541\Debug\Navigation.a(VDAC.o)
                              .\CortexM3\ARM_GCC_541\Debug\main.o (VDAC_SetSpeed)
.\CortexM3\ARM_GCC_541\Debug\Navigation.a(ServoPWM.o)
                              .\CortexM3\ARM_GCC_541\Debug\main.o (ServoPWM_WriteCompare)
.\CortexM3\ARM_GCC_541\Debug\Navigation.a(NewFrame.o)
                              .\CortexM3\ARM_GCC_541\Debug\main.o (NewFrame_SetVector)
.\CortexM3\ARM_GCC_541\Debug\Navigation.a(CyBootAsmGnu.o)
                              .\CortexM3\ARM_GCC_541\Debug\cyfitter_cfg.o (CyDelayCycles)
.\CortexM3\ARM_GCC_541\Debug\Navigation.a(CyFlash.o)
                              .\CortexM3\ARM_GCC_541\Debug\Navigation.a(cyPm.o) (CyFlash_SetWaitCycles)
.\CortexM3\ARM_GCC_541\Debug\Navigation.a(CySpc.o)
                              .\CortexM3\ARM_GCC_541\Debug\Navigation.a(CyFlash.o) (CySpcStart)
c:/program files (x86)/cypress/psoc creator/4.2/psoc creator/import/gnu/arm/5.4.1/bin/../lib/gcc/arm-none-eabi/5.4.1/armv7-m\libgcc.a(_arm_addsubdf3.o)
                              .\CortexM3\ARM_GCC_541\Debug\main.o (__aeabi_dsub)
c:/program files (x86)/cypress/psoc creator/4.2/psoc creator/import/gnu/arm/5.4.1/bin/../lib/gcc/arm-none-eabi/5.4.1/armv7-m\libgcc.a(_arm_muldivdf3.o)
                              .\CortexM3\ARM_GCC_541\Debug\main.o (__aeabi_dmul)
c:/program files (x86)/cypress/psoc creator/4.2/psoc creator/import/gnu/arm/5.4.1/bin/../lib/gcc/arm-none-eabi/5.4.1/armv7-m\libgcc.a(_arm_cmpdf2.o)
                              .\CortexM3\ARM_GCC_541\Debug\main.o (__aeabi_dcmplt)
c:/program files (x86)/cypress/psoc creator/4.2/psoc creator/import/gnu/arm/5.4.1/bin/../lib/gcc/arm-none-eabi/5.4.1/armv7-m\libgcc.a(_arm_fixdfsi.o)
                              .\CortexM3\ARM_GCC_541\Debug\main.o (__aeabi_d2iz)
c:/program files (x86)/cypress/psoc creator/4.2/psoc creator/import/gnu/arm/5.4.1/bin/../lib/gcc/arm-none-eabi/5.4.1/armv7-m\libgcc.a(_arm_fixunsdfsi.o)
                              .\CortexM3\ARM_GCC_541\Debug\main.o (__aeabi_d2uiz)
c:/program files (x86)/cypress/psoc creator/4.2/psoc creator/import/gnu/arm/5.4.1/bin/../lib/gcc/arm-none-eabi/5.4.1/../../../../arm-none-eabi/lib/armv7-m\libg.a(lib_a-errno.o)
                              .\CortexM3\ARM_GCC_541\Debug\Cm3Start.o (__errno)
c:/program files (x86)/cypress/psoc creator/4.2/psoc creator/import/gnu/arm/5.4.1/bin/../lib/gcc/arm-none-eabi/5.4.1/../../../../arm-none-eabi/lib/armv7-m\libg.a(lib_a-exit.o)
                              c:/program files (x86)/cypress/psoc creator/4.2/psoc creator/import/gnu/arm/5.4.1/bin/../lib/gcc/arm-none-eabi/5.4.1/../../../../arm-none-eabi/lib/armv7-m/crt0.o (exit)
c:/program files (x86)/cypress/psoc creator/4.2/psoc creator/import/gnu/arm/5.4.1/bin/../lib/gcc/arm-none-eabi/5.4.1/../../../../arm-none-eabi/lib/armv7-m\libg.a(lib_a-impure.o)
                              c:/program files (x86)/cypress/psoc creator/4.2/psoc creator/import/gnu/arm/5.4.1/bin/../lib/gcc/arm-none-eabi/5.4.1/../../../../arm-none-eabi/lib/armv7-m\libg.a(lib_a-exit.o) (_global_impure_ptr)
c:/program files (x86)/cypress/psoc creator/4.2/psoc creator/import/gnu/arm/5.4.1/bin/../lib/gcc/arm-none-eabi/5.4.1/../../../../arm-none-eabi/lib/armv7-m\libg.a(lib_a-init.o)
[...]
Memory Configuration

Name             Origin             Length             Attributes
rom              0x00000000         0x00040000         xr
ram              0x1fff8000         0x00010000         xrw
*default*        0x00000000         0xffffffff

Linker script and memory map

LOAD c:/program files (x86)/cypress/psoc creator/4.2/psoc creator/import/gnu/arm/5.4.1/bin/../lib/gcc/arm-none-eabi/5.4.1/armv7-m/crti.o
LOAD c:/program files (x86)/cypress/psoc creator/4.2/psoc creator/import/gnu/arm/5.4.1/bin/../lib/gcc/arm-none-eabi/5.4.1/armv7-m/crtbegin.o
LOAD c:/program files (x86)/cypress/psoc creator/4.2/psoc creator/import/gnu/arm/5.4.1/bin/../lib/gcc/arm-none-eabi/5.4.1/../../../../arm-none-eabi/lib/armv7-m/crt0.o
START GROUP
LOAD .\CortexM3\ARM_GCC_541\Debug\main.o
LOAD .\CortexM3\ARM_GCC_541\Debug\cyfitter_cfg.o
LOAD .\CortexM3\ARM_GCC_541\Debug\cymetadata.o
LOAD .\CortexM3\ARM_GCC_541\Debug\Cm3Start.o
LOAD .\CortexM3\ARM_GCC_541\Debug\Navigation.a
LOAD C:\Program Files (x86)\Cypress\PSoC Creator\4.2\PSoC Creator\psoc\content\cycomponentlibrary\CyComponentLibrary.cylib\CortexM3\ARM_GCC_541\Debug\CyComponentLibrary.a
END GROUP
START GROUP
LOAD c:/program files (x86)/cypress/psoc creator/4.2/psoc creator/import/gnu/arm/5.4.1/bin/../lib/gcc/arm-none-eabi/5.4.1/armv7-m\libgcc.a
LOAD c:/program files (x86)/cypress/psoc creator/4.2/psoc creator/import/gnu/arm/5.4.1/bin/../lib/gcc/arm-none-eabi/5.4.1/../../../../arm-none-eabi/lib/armv7-m\libg.a
LOAD c:/program files (x86)/cypress/psoc creator/4.2/psoc creator/import/gnu/arm/5.4.1/bin/../lib/gcc/arm-none-eabi/5.4.1/../../../../arm-none-eabi/lib/armv7-m\libc.a
END GROUP
LOAD c:/program files (x86)/cypress/psoc creator/4.2/psoc creator/import/gnu/arm/5.4.1/bin/../lib/gcc/arm-none-eabi/5.4.1/armv7-m/crtend.o
LOAD c:/program files (x86)/cypress/psoc creator/4.2/psoc creator/import/gnu/arm/5.4.1/bin/../lib/gcc/arm-none-eabi/5.4.1/armv7-m/crtn.o
START GROUP
LOAD c:/program files (x86)/cypress/psoc creator/4.2/psoc creator/import/gnu/arm/5.4.1/bin/../lib/gcc/arm-none-eabi/5.4.1/armv7-m\libgcc.a
LOAD c:/program files (x86)/cypress/psoc creator/4.2/psoc creator/import/gnu/arm/5.4.1/bin/../lib/gcc/arm-none-eabi/5.4.1/../../../../arm-none-eabi/lib/armv7-m\libc.a
LOAD c:/program files (x86)/cypress/psoc creator/4.2/psoc creator/import/gnu/arm/5.4.1/bin/../lib/gcc/arm-none-eabi/5.4.1/../../../../arm-none-eabi/lib/armv7-m\libnosys.a
END GROUP
                0x00000000                CY_APPL_ORIGIN = 0x0
                0x00000100                CY_FLASH_ROW_SIZE = 0x100
                0x00000020                CY_ECC_ROW_SIZE = 0x20
                0x00000000                CY_EE_IN_BTLDR = 0x0
                0x00000000                CY_APPL_LOADABLE = 0x0
                0x00000800                CY_EE_SIZE = 0x800
                0x00000001                CY_APPL_NUM = 0x1
                0x00000001                CY_APPL_MAX = 0x1
                0x00000040                CY_METADATA_SIZE = 0x40
                0x00000000                CY_APPL_LOADABLE = 0x0
                0x00000000                CY_CHECKSUM_EXCLUDE_SIZE = ALIGN (0x0, CY_FLASH_ROW_SIZE)
                [!provide]                PROVIDE (__cy_heap_start, _end)
                0x00000001                PROVIDE (__cy_region_num, ((__cy_regions_end - __cy_regions) / 0x10))
                0x20008000                PROVIDE (__cy_stack, (ORIGIN (ram) + LENGTH (ram)))
                [!provide]                PROVIDE (__cy_heap_end, (__cy_stack - 0x800))

.cybootloader   0x00000000        0x0
 *(.cybootloader)
                0x00000000                appl1_start = CY_APPL_ORIGIN?CY_APPL_ORIGIN:ALIGN (CY_FLASH_ROW_SIZE)
                0x0001ff00                appl2_start = (appl1_start + ALIGN ((((LENGTH (rom) - appl1_start) - (0x2 * CY_FLASH_ROW_SIZE)) / 0x2), CY_FLASH_ROW_SIZE))
                0x00000000                appl_start = (CY_APPL_NUM == 0x1)?appl1_start:appl2_start
                0x00000000                ecc_offset = ((appl_start / CY_FLASH_ROW_SIZE) * CY_ECC_ROW_SIZE)
                0x00000000                ee_offset = (CY_APPL_LOADABLE && ! (CY_EE_IN_BTLDR))?((CY_EE_SIZE / CY_APPL_MAX) * (CY_APPL_NUM - 0x1)):0x0
                0x00000800                ee_size = (CY_APPL_LOADABLE && ! (CY_EE_IN_BTLDR))?(CY_EE_SIZE / CY_APPL_MAX):CY_EE_SIZE
                [!provide]                PROVIDE (CY_ECC_OFFSET, ecc_offset)

.text           0x00000000     0x5d3c
 CREATE_OBJECT_SYMBOLS
                0x00000000                PROVIDE (__cy_interrupt_vector, RomVectors)
 *(.romvectors)
 .romvectors    0x00000000       0x10 .\CortexM3\ARM_GCC_541\Debug\Cm3Start.o
                0x00000000                RomVectors
                0x00000001                ASSERT ((. != __cy_interrupt_vector), No interrupt vector)
                0x00000001                ASSERT (CY_APPL_ORIGIN?(SIZEOF (.cybootloader) <= CY_APPL_ORIGIN):0x1, Wrong image location)
                0x00000010                PROVIDE (__cy_reset, Reset)
 *(.text.Reset)
 .text.Reset    0x00000010       0x18 .\CortexM3\ARM_GCC_541\Debug\Cm3Start.o
                0x00000010                Reset
                0x00000001                ASSERT ((. != __cy_reset), No reset code)
 *(.dma_init)
                0x00000001                ASSERT ((((appl_start + .) <= 0x10000) || 0x1), DMA Init must be within the first 64k of flash)
 *(.text .text.* .gnu.linkonce.t.*)
 .text          0x00000028       0x5c c:/program files (x86)/cypress/psoc creator/4.2/psoc creator/import/gnu/arm/5.4.1/bin/../lib/gcc/arm-none-eabi/5.4.1/armv7-m/crtbegin.o
 .text.inter3   0x00000084        0xc .\CortexM3\ARM_GCC_541\Debug\main.o
                0x00000084                inter3
 .text.inter1   0x00000090       0x14 .\CortexM3\ARM_GCC_541\Debug\main.o
                0x00000090                inter1
 .text.inter2   0x000000a4        0x8 .\CortexM3\ARM_GCC_541\Debug\main.o
                0x000000a4                inter2
 *fill*         0x000000ac        0x4 
 .text.main     0x000000b0      0x3a4 .\CortexM3\ARM_GCC_541\Debug\main.o
                0x000000b0                main
 .text.CyClockStartupError
                0x00000454        0x4 .\CortexM3\ARM_GCC_541\Debug\cyfitter_cfg.o
 .text.cfg_write_bytes32
                0x00000458       0x34 .\CortexM3\ARM_GCC_541\Debug\cyfitter_cfg.o
 .text.AnalogSetDefault
                0x0000048c       0x54 .\CortexM3\ARM_GCC_541\Debug\cyfitter_cfg.o
 .text.CYMEMZERO
                0x000004e0        0xc .\CortexM3\ARM_GCC_541\Debug\cyfitter_cfg.o
 .text.ClockSetup
                0x000004ec       0xdc .\CortexM3\ARM_GCC_541\Debug\cyfitter_cfg.o
 .text.CYCONFIGCPY
                0x000005c8        0x8 .\CortexM3\ARM_GCC_541\Debug\cyfitter_cfg.o
 .text.cyfitter_cfg
                0x000005d0      0x160 .\CortexM3\ARM_GCC_541\Debug\cyfitter_cfg.o
                0x000005d0                cyfitter_cfg
 .text.IntDefaultHandler
                0x00000730       0x10 .\CortexM3\ARM_GCC_541\Debug\Cm3Start.o
                0x00000730                IntDefaultHandler
 .text._sbrk    0x00000740       0x30 .\CortexM3\ARM_GCC_541\Debug\Cm3Start.o
                0x00000740                _sbrk
 .text.Start_c  0x00000770       0x4c .\CortexM3\ARM_GCC_541\Debug\Cm3Start.o
                0x00000770                Start_c
 .text.initialize_psoc
                0x000007bc       0x68 .\CortexM3\ARM_GCC_541\Debug\Cm3Start.o
                0x000007bc                initialize_psoc
 .text.HE_Interrupt_Interrupt
                0x00000824        0x4 .\CortexM3\ARM_GCC_541\Debug\Navigation.a(HE_Interrupt.o)
                0x00000824                HE_Interrupt_Interrupt
 .text.HE_Interrupt_SetVector
                0x00000828        0xc .\CortexM3\ARM_GCC_541\Debug\Navigation.a(HE_Interrupt.o)
                0x00000828                HE_Interrupt_SetVector
 .text.HE_Interrupt_SetPriority
                0x00000834       0x10 .\CortexM3\ARM_GCC_541\Debug\Navigation.a(HE_Interrupt.o)
                0x00000834                HE_Interrupt_SetPriority
 .text.HE_Interrupt_Enable
                0x00000844        0xc .\CortexM3\ARM_GCC_541\Debug\Navigation.a(HE_Interrupt.o)
                0x00000844                HE_Interrupt_Enable
 .text.HE_Interrupt_Disable
                0x00000850        0xc .\CortexM3\ARM_GCC_541\Debug\Navigation.a(HE_Interrupt.o)
                0x00000850                HE_Interrupt_Disable
 .text.HE_Interrupt_Start
                0x0000085c       0x1c .\CortexM3\ARM_GCC_541\Debug\Navigation.a(HE_Interrupt.o)
                0x0000085c                HE_Interrupt_Start
 .text.LCD_WrCntrlNib
                0x00000878       0x34 .\CortexM3\ARM_GCC_541\Debug\Navigation.a(LCD.o)
 .text.LCD_WrDatNib
                0x000008ac       0x44 .\CortexM3\ARM_GCC_541\Debug\Navigation.a(LCD.o)
 .text.LCD_IsReady
                0x000008f0       0xe4 .\CortexM3\ARM_GCC_541\Debug\Navigation.a(LCD.o)
                0x000008f0                LCD_IsReady
 .text.LCD_WriteData
                0x000009d4       0x18 .\CortexM3\ARM_GCC_541\Debug\Navigation.a(LCD.o)
                0x000009d4                LCD_WriteData
 .text.LCD_PrintString
                0x000009ec       0x1c .\CortexM3\ARM_GCC_541\Debug\Navigation.a(LCD.o)
                0x000009ec                LCD_PrintString
 .text.LCD_WriteControl
                0x00000a08       0x18 .\CortexM3\ARM_GCC_541\Debug\Navigation.a(LCD.o)
                0x00000a08                LCD_WriteControl
 .text.LCD_Init
                0x00000a20       0x6c .\CortexM3\ARM_GCC_541\Debug\Navigation.a(LCD.o)
                0x00000a20                LCD_Init
 .text.LCD_Enable
                0x00000a8c       0x14 .\CortexM3\ARM_GCC_541\Debug\Navigation.a(LCD.o)
                0x00000a8c                LCD_Enable
 .text.LCD_Start
                0x00000aa0       0x1c .\CortexM3\ARM_GCC_541\Debug\Navigation.a(LCD.o)
                0x00000aa0                LCD_Start
 .text.LCD_Position
                0x00000abc       0x3c .\CortexM3\ARM_GCC_541\Debug\Navigation.a(LCD.o)
                0x00000abc                LCD_Position
 .text.CyDelay  0x00000af8       0x2c .\CortexM3\ARM_GCC_541\Debug\Navigation.a(CyLib.o)
                0x00000af8                CyDelay
 .text.CyDelayUs
                0x00000b24       0x14 .\CortexM3\ARM_GCC_541\Debug\Navigation.a(CyLib.o)
                0x00000b24                CyDelayUs
 .text.PWM_Enable
                0x00000b38       0x10 .\CortexM3\ARM_GCC_541\Debug\Navigation.a(PWM.o)
                0x00000b38                PWM_Enable
 .text.PWM_WriteCounter
                0x00000b48        0xc .\CortexM3\ARM_GCC_541\Debug\Navigation.a(PWM.o)
                0x00000b48                PWM_WriteCounter
 .text.PWM_WritePeriod
                0x00000b54        0xc .\CortexM3\ARM_GCC_541\Debug\Navigation.a(PWM.o)
                0x00000b54                PWM_WritePeriod
 .text.PWM_WriteCompare
                0x00000b60        0xc .\CortexM3\ARM_GCC_541\Debug\Navigation.a(PWM.o)
                0x00000b60                PWM_WriteCompare
 .text.PWM_SetInterruptMode
                0x00000b6c        0xc .\CortexM3\ARM_GCC_541\Debug\Navigation.a(PWM.o)
                0x00000b6c                PWM_SetInterruptMode
 .text.PWM_ReadStatusRegister
                0x00000b78        0xc .\CortexM3\ARM_GCC_541\Debug\Navigation.a(PWM.o)
                0x00000b78                PWM_ReadStatusRegister
 .text.PWM_ReadCapture
                0x00000b84        0xc .\CortexM3\ARM_GCC_541\Debug\Navigation.a(PWM.o)
                0x00000b84                PWM_ReadCapture
 .text.PWM_ClearFIFO
                0x00000b90       0x14 .\CortexM3\ARM_GCC_541\Debug\Navigation.a(PWM.o)
                0x00000b90                PWM_ClearFIFO
 .text.PWM_Init
                0x00000ba4       0x50 .\CortexM3\ARM_GCC_541\Debug\Navigation.a(PWM.o)
                0x00000ba4                PWM_Init
 .text.PWM_Start
                0x00000bf4       0x1c .\CortexM3\ARM_GCC_541\Debug\Navigation.a(PWM.o)
                0x00000bf4                PWM_Start
 .text.Timer_Enable
                0x00000c10       0x10 .\CortexM3\ARM_GCC_541\Debug\Navigation.a(Timer.o)
                0x00000c10                Timer_Enable
 .text.Timer_SetInterruptMode
                0x00000c20        0xc .\CortexM3\ARM_GCC_541\Debug\Navigation.a(Timer.o)
                0x00000c20                Timer_SetInterruptMode
 .text.Timer_ReadStatusRegister
                0x00000c2c        0xc .\CortexM3\ARM_GCC_541\Debug\Navigation.a(Timer.o)
                0x00000c2c                Timer_ReadStatusRegister
 .text.Timer_WritePeriod
                0x00000c38        0xc .\CortexM3\ARM_GCC_541\Debug\Navigation.a(Timer.o)
                0x00000c38                Timer_WritePeriod
 .text.Timer_ReadCapture
                0x00000c44        0xc .\CortexM3\ARM_GCC_541\Debug\Navigation.a(Timer.o)
                0x00000c44                Timer_ReadCapture
 .text.Timer_WriteCounter
                0x00000c50        0xc .\CortexM3\ARM_GCC_541\Debug\Navigation.a(Timer.o)
                0x00000c50                Timer_WriteCounter
 .text.Timer_SetInterruptCount
                0x00000c5c       0x1c .\CortexM3\ARM_GCC_541\Debug\Navigation.a(Timer.o)
                0x00000c5c                Timer_SetInterruptCount
 .text.Timer_ClearFIFO
                0x00000c78       0x14 .\CortexM3\ARM_GCC_541\Debug\Navigation.a(Timer.o)
                0x00000c78                Timer_ClearFIFO
 .text.Timer_Init
                0x00000c8c       0x3c .\CortexM3\ARM_GCC_541\Debug\Navigation.a(Timer.o)
                0x00000c8c                Timer_Init
 .text.Timer_Start
                0x00000cc8       0x1c .\CortexM3\ARM_GCC_541\Debug\Navigation.a(Timer.o)
                0x00000cc8                Timer_Start
 .text.UART_Init
                0x00000ce4       0x24 .\CortexM3\ARM_GCC_541\Debug\Navigation.a(UART.o)
                0x00000ce4                UART_Init
 .text.UART_Enable
                0x00000d08       0x38 .\CortexM3\ARM_GCC_541\Debug\Navigation.a(UART.o)
                0x00000d08                UART_Enable
 .text.UART_Start
                0x00000d40       0x1c .\CortexM3\ARM_GCC_541\Debug\Navigation.a(UART.o)
                0x00000d40                UART_Start
 .text.UART_PutChar
                0x00000d5c       0x18 .\CortexM3\ARM_GCC_541\Debug\Navigation.a(UART.o)
                0x00000d5c                UART_PutChar
 .text.UART_PutString
                0x00000d74       0x24 .\CortexM3\ARM_GCC_541\Debug\Navigation.a(UART.o)
                0x00000d74                UART_PutString
 .text.UART_IntClock_Start
                0x00000d98       0x1c .\CortexM3\ARM_GCC_541\Debug\Navigation.a(UART_IntClock.o)
                0x00000d98                UART_IntClock_Start
 .text.Comp_Enable
                0x00000db4       0x1c .\CortexM3\ARM_GCC_541\Debug\Navigation.a(Comp.o)
                0x00000db4                Comp_Enable
 .text.Comp_SetSpeed
                0x00000dd0       0x58 .\CortexM3\ARM_GCC_541\Debug\Navigation.a(Comp.o)
                0x00000dd0                Comp_SetSpeed
 .text.Comp_Init
                0x00000e28       0x3c .\CortexM3\ARM_GCC_541\Debug\Navigation.a(Comp.o)
                0x00000e28                Comp_Init
 .text.Comp_Start
                0x00000e64       0x1c .\CortexM3\ARM_GCC_541\Debug\Navigation.a(Comp.o)
                0x00000e64                Comp_Start
 .text.VideoTimer_Enable
                0x00000e80       0x10 .\CortexM3\ARM_GCC_541\Debug\Navigation.a(VideoTimer.o)
                0x00000e80                VideoTimer_Enable
 .text.VideoTimer_SetInterruptMode
                0x00000e90        0xc .\CortexM3\ARM_GCC_541\Debug\Navigation.a(VideoTimer.o)
                0x00000e90                VideoTimer_SetInterruptMode
 .text.VideoTimer_ReadStatusRegister
                0x00000e9c        0xc .\CortexM3\ARM_GCC_541\Debug\Navigation.a(VideoTimer.o)
                0x00000e9c                VideoTimer_ReadStatusRegister
 .text.VideoTimer_WritePeriod
                0x00000ea8        0xc .\CortexM3\ARM_GCC_541\Debug\Navigation.a(VideoTimer.o)
                0x00000ea8                VideoTimer_WritePeriod
 .text.VideoTimer_ReadCapture
                0x00000eb4        0xc .\CortexM3\ARM_GCC_541\Debug\Navigation.a(VideoTimer.o)
                0x00000eb4                VideoTimer_ReadCapture
 .text.VideoTimer_WriteCounter
                0x00000ec0        0xc .\CortexM3\ARM_GCC_541\Debug\Navigation.a(VideoTimer.o)
                0x00000ec0                VideoTimer_WriteCounter
 .text.VideoTimer_SetInterruptCount
                0x00000ecc       0x1c .\CortexM3\ARM_GCC_541\Debug\Navigation.a(VideoTimer.o)
                0x00000ecc                VideoTimer_SetInterruptCount
 .text.VideoTimer_ClearFIFO
                0x00000ee8       0x14 .\CortexM3\ARM_GCC_541\Debug\Navigation.a(VideoTimer.o)
                0x00000ee8                VideoTimer_ClearFIFO
 .text.VideoTimer_Init
                0x00000efc       0x3c .\CortexM3\ARM_GCC_541\Debug\Navigation.a(VideoTimer.o)
                0x00000efc                VideoTimer_Init
 .text.VideoTimer_Start
                0x00000f38       0x1c .\CortexM3\ARM_GCC_541\Debug\Navigation.a(VideoTimer.o)
                0x00000f38                VideoTimer_Start
 .text.Black_Interrupt
                0x00000f54        0x4 .\CortexM3\ARM_GCC_541\Debug\Navigation.a(Black.o)
                0x00000f54                Black_Interrupt
 .text.Black_SetVector
                0x00000f58        0xc .\CortexM3\ARM_GCC_541\Debug\Navigation.a(Black.o)
                0x00000f58                Black_SetVector
 .text.Black_SetPriority
                0x00000f64       0x10 .\CortexM3\ARM_GCC_541\Debug\Navigation.a(Black.o)
                0x00000f64                Black_SetPriority
 .text.Black_Enable
                0x00000f74        0xc .\CortexM3\ARM_GCC_541\Debug\Navigation.a(Black.o)
                0x00000f74                Black_Enable
 .text.Black_Disable
                0x00000f80        0xc .\CortexM3\ARM_GCC_541\Debug\Navigation.a(Black.o)
                0x00000f80                Black_Disable
 .text.Black_Start
                0x00000f8c       0x1c .\CortexM3\ARM_GCC_541\Debug\Navigation.a(Black.o)
                0x00000f8c                Black_Start
 .text.VDAC_Enable
                0x00000fa8       0x1c .\CortexM3\ARM_GCC_541\Debug\Navigation.a(VDAC.o)
                0x00000fa8                VDAC_Enable
 .text.VDAC_SetSpeed
                0x00000fc4       0x1c .\CortexM3\ARM_GCC_541\Debug\Navigation.a(VDAC.o)
                0x00000fc4                VDAC_SetSpeed
 .text.VDAC_SetValue
                0x00000fe0        0xc .\CortexM3\ARM_GCC_541\Debug\Navigation.a(VDAC.o)
                0x00000fe0                VDAC_SetValue
 .text.VDAC_DacTrim
                0x00000fec       0x24 .\CortexM3\ARM_GCC_541\Debug\Navigation.a(VDAC.o)
                0x00000fec                VDAC_DacTrim
 .text.VDAC_SetRange
                0x00001010       0x20 .\CortexM3\ARM_GCC_541\Debug\Navigation.a(VDAC.o)
                0x00001010                VDAC_SetRange
 .text.VDAC_Init
                0x00001030       0x20 .\CortexM3\ARM_GCC_541\Debug\Navigation.a(VDAC.o)
                0x00001030                VDAC_Init
 .text.VDAC_Start
                0x00001050       0x24 .\CortexM3\ARM_GCC_541\Debug\Navigation.a(VDAC.o)
                0x00001050                VDAC_Start
 .text.ServoPWM_Enable
                0x00001074       0x10 .\CortexM3\ARM_GCC_541\Debug\Navigation.a(ServoPWM.o)
                0x00001074                ServoPWM_Enable
 .text.ServoPWM_WriteCounter
                0x00001084        0xc .\CortexM3\ARM_GCC_541\Debug\Navigation.a(ServoPWM.o)
                0x00001084                ServoPWM_WriteCounter
 .text.ServoPWM_WritePeriod
                0x00001090        0xc .\CortexM3\ARM_GCC_541\Debug\Navigation.a(ServoPWM.o)
                0x00001090                ServoPWM_WritePeriod
 .text.ServoPWM_WriteCompare
                0x0000109c        0xc .\CortexM3\ARM_GCC_541\Debug\Navigation.a(ServoPWM.o)
                0x0000109c                ServoPWM_WriteCompare
 .text.ServoPWM_SetInterruptMode
                0x000010a8        0xc .\CortexM3\ARM_GCC_541\Debug\Navigation.a(ServoPWM.o)
                0x000010a8                ServoPWM_SetInterruptMode
 .text.ServoPWM_ReadStatusRegister
                0x000010b4        0xc .\CortexM3\ARM_GCC_541\Debug\Navigation.a(ServoPWM.o)
                0x000010b4                ServoPWM_ReadStatusRegister
 .text.ServoPWM_ReadCapture
                0x000010c0        0xc .\CortexM3\ARM_GCC_541\Debug\Navigation.a(ServoPWM.o)
                0x000010c0                ServoPWM_ReadCapture
 .text.ServoPWM_ClearFIFO
                0x000010cc       0x14 .\CortexM3\ARM_GCC_541\Debug\Navigation.a(ServoPWM.o)
                0x000010cc                ServoPWM_ClearFIFO
 .text.ServoPWM_Init
                0x000010e0       0x50 .\CortexM3\ARM_GCC_541\Debug\Navigation.a(ServoPWM.o)
                0x000010e0                ServoPWM_Init
 .text.ServoPWM_Start
                0x00001130       0x1c .\CortexM3\ARM_GCC_541\Debug\Navigation.a(ServoPWM.o)
                0x00001130                ServoPWM_Start
 .text.NewFrame_Interrupt
                0x0000114c        0x4 .\CortexM3\ARM_GCC_541\Debug\Navigation.a(NewFrame.o)
                0x0000114c                NewFrame_Interrupt
 .text.NewFrame_SetVector
                0x00001150        0xc .\CortexM3\ARM_GCC_541\Debug\Navigation.a(NewFrame.o)
                0x00001150                NewFrame_SetVector
 .text.NewFrame_SetPriority
                0x0000115c       0x10 .\CortexM3\ARM_GCC_541\Debug\Navigation.a(NewFrame.o)
                0x0000115c                NewFrame_SetPriority
 .text.NewFrame_Enable
                0x0000116c        0xc .\CortexM3\ARM_GCC_541\Debug\Navigation.a(NewFrame.o)
                0x0000116c                NewFrame_Enable
 .text.NewFrame_Disable
                0x00001178        0xc .\CortexM3\ARM_GCC_541\Debug\Navigation.a(NewFrame.o)
                0x00001178                NewFrame_Disable
 .text.NewFrame_Start
                0x00001184       0x1c .\CortexM3\ARM_GCC_541\Debug\Navigation.a(NewFrame.o)
                0x00001184                NewFrame_Start
 .text          0x000011a0       0x20 .\CortexM3\ARM_GCC_541\Debug\Navigation.a(CyBootAsmGnu.o)
                0x000011a0                CyDelayCycles
                0x000011b0                CyEnterCriticalSection
                0x000011b8                CyExitCriticalSection
 .text          0x000011c0      0x370 c:/program files (x86)/cypress/psoc creator/4.2/psoc creator/import/gnu/arm/5.4.1/bin/../lib/gcc/arm-none-eabi/5.4.1/armv7-m\libgcc.a(_arm_addsubdf3.o)
                0x000011c0                __aeabi_drsub
                0x000011c8                __aeabi_dsub
                0x000011c8                __subdf3
                0x000011cc                __aeabi_dadd
                0x000011cc                __adddf3
                0x00001444                __floatunsidf
                0x00001444                __aeabi_ui2d
                0x00001464                __floatsidf
                0x00001464                __aeabi_i2d
                0x00001488                __aeabi_f2d
                0x00001488                __extendsfdf2
                0x000014c4                __floatundidf
                0x000014c4                __aeabi_ul2d
                0x000014d4                __floatdidf
                0x000014d4                __aeabi_l2d
 .text          0x00001530      0x424 c:/program files (x86)/cypress/psoc creator/4.2/psoc creator/import/gnu/arm/5.4.1/bin/../lib/gcc/arm-none-eabi/5.4.1/armv7-m\libgcc.a(_arm_muldivdf3.o)
                0x00001530                __aeabi_dmul
                0x00001530                __muldf3
                0x00001784                __divdf3
                0x00001784                __aeabi_ddiv
 .text          0x00001954      0x110 c:/program files (x86)/cypress/psoc creator/4.2/psoc creator/import/gnu/arm/5.4.1/bin/../lib/gcc/arm-none-eabi/5.4.1/armv7-m\libgcc.a(_arm_cmpdf2.o)
                0x00001954                __gtdf2
                0x00001954                __gedf2
                0x0000195c                __ltdf2
                0x0000195c                __ledf2
                0x00001964                __nedf2
                0x00001964                __eqdf2
                0x00001964                __cmpdf2
                0x000019e0                __aeabi_cdrcmple
                0x000019f0                __aeabi_cdcmpeq
                0x000019f0                __aeabi_cdcmple
                0x00001a00                __aeabi_dcmpeq
                0x00001a14                __aeabi_dcmplt
                0x00001a28                __aeabi_dcmple
                0x00001a3c                __aeabi_dcmpge
                0x00001a50                __aeabi_dcmpgt
 .text          0x00001a64       0x50 c:/program files (x86)/cypress/psoc creator/4.2/psoc creator/import/gnu/arm/5.4.1/bin/../lib/gcc/arm-none-eabi/5.4.1/armv7-m\libgcc.a(_arm_fixdfsi.o)
                0x00001a64                __aeabi_d2iz
                0x00001a64                __fixdfsi
 .text          0x00001ab4       0x40 c:/program files (x86)/cypress/psoc creator/4.2/psoc creator/import/gnu/arm/5.4.1/bin/../lib/gcc/arm-none-eabi/5.4.1/armv7-m\libgcc.a(_arm_fixunsdfsi.o)
                0x00001ab4                __aeabi_d2uiz
                0x00001ab4                __fixunsdfsi
 .text.__errno  0x00001af4        0xc c:/program files (x86)/cypress/psoc creator/4.2/psoc creator/import/gnu/arm/5.4.1/bin/../lib/gcc/arm-none-eabi/5.4.1/../../../../arm-none-eabi/lib/armv7-m\libg.a(lib_a-errno.o)
                0x00001af4                __errno
 .text.__libc_init_array
                0x00001b00       0x50 c:/program files (x86)/cypress/psoc creator/4.2/psoc creator/import/gnu/arm/5.4.1/bin/../lib/gcc/arm-none-eabi/5.4.1/../../../../arm-none-eabi/lib/armv7-m\libg.a(lib_a-init.o)
                0x00001b00                __libc_init_array
 .text          0x00001b50       0xec c:/program files (x86)/cypress/psoc creator/4.2/psoc creator/import/gnu/arm/5.4.1/bin/../lib/gcc/arm-none-eabi/5.4.1/../../../../arm-none-eabi/lib/armv7-m\libg.a(lib_a-memcpy.o)
                0x00001b50                memcpy
 .text.memset   0x00001c3c       0x9c c:/program files (x86)/cypress/psoc creator/4.2/psoc creator/import/gnu/arm/5.4.1/bin/../lib/gcc/arm-none-eabi/5.4.1/../../../../arm-none-eabi/lib/armv7-m\libg.a(lib_a-memset.o)
                0x00001c3c                memset
 .text.sprintf  0x00001cd8       0x4c c:/program files (x86)/cypress/psoc creator/4.2/psoc creator/import/gnu/arm/5.4.1/bin/../lib/gcc/arm-none-eabi/5.4.1/../../../../arm-none-eabi/lib/armv7-m\libg.a(lib_a-sprintf.o)
                0x00001cd8                sprintf
 .text._svfprintf_r
                0x00001d24     0x175c c:/program files (x86)/cypress/psoc creator/4.2/psoc creator/import/gnu/arm/5.4.1/bin/../lib/gcc/arm-none-eabi/5.4.1/../../../../arm-none-eabi/lib/armv7-m\libg.a(lib_a-svfprintf.o)
                0x00001d24                _svfprintf_r
 .text.startup.register_fini
                0x00003480       0x14 c:/program files (x86)/cypress/psoc creator/4.2/psoc creator/import/gnu/arm/5.4.1/bin/../lib/gcc/arm-none-eabi/5.4.1/../../../../arm-none-eabi/lib/armv7-m\libg.a(lib_a-__call_atexit.o)
 .text.atexit   0x00003494        0xc c:/program files (x86)/cypress/psoc creator/4.2/psoc creator/import/gnu/arm/5.4.1/bin/../lib/gcc/arm-none-eabi/5.4.1/../../../../arm-none-eabi/lib/armv7-m\libg.a(lib_a-atexit.o)
                0x00003494                atexit
 .text.quorem   0x000034a0      0x12c c:/program files (x86)/cypress/psoc creator/4.2/psoc creator/import/gnu/arm/5.4.1/bin/../lib/gcc/arm-none-eabi/5.4.1/../../../../arm-none-eabi/lib/armv7-m\libg.a(lib_a-dtoa.o)
 *fill*         0x000035cc        0x4 
 .text._dtoa_r  0x000035d0      0xe4c c:/program files (x86)/cypress/psoc creator/4.2/psoc creator/import/gnu/arm/5.4.1/bin/../lib/gcc/arm-none-eabi/5.4.1/../../../../arm-none-eabi/lib/armv7-m\libg.a(lib_a-dtoa.o)
                0x000035d0                _dtoa_r
 .text.__libc_fini_array
                0x0000441c       0x28 c:/program files (x86)/cypress/psoc creator/4.2/psoc creator/import/gnu/arm/5.4.1/bin/../lib/gcc/arm-none-eabi/5.4.1/../../../../arm-none-eabi/lib/armv7-m\libg.a(lib_a-fini.o)
                0x0000441c                __libc_fini_array
 .text._localeconv_r
                0x00004444        0x8 c:/program files (x86)/cypress/psoc creator/4.2/psoc creator/import/gnu/arm/5.4.1/bin/../lib/gcc/arm-none-eabi/5.4.1/../../../../arm-none-eabi/lib/armv7-m\libg.a(lib_a-locale.o)
                0x00004444                _localeconv_r
 .text._malloc_r
                0x0000444c      0x558 c:/program files (x86)/cypress/psoc creator/4.2/psoc creator/import/gnu/arm/5.4.1/bin/../lib/gcc/arm-none-eabi/5.4.1/../../../../arm-none-eabi/lib/armv7-m\libg.a(lib_a-mallocr.o)
                0x0000444c                _malloc_r
 .text.memchr   0x000049a4       0x8c c:/program files (x86)/cypress/psoc creator/4.2/psoc creator/import/gnu/arm/5.4.1/bin/../lib/gcc/arm-none-eabi/5.4.1/../../../../arm-none-eabi/lib/armv7-m\libg.a(lib_a-memchr-stub.o)
                0x000049a4                memchr
 .text.__malloc_lock
                0x00004a30        0x4 c:/program files (x86)/cypress/psoc creator/4.2/psoc creator/import/gnu/arm/5.4.1/bin/../lib/gcc/arm-none-eabi/5.4.1/../../../../arm-none-eabi/lib/armv7-m\libg.a(lib_a-mlock.o)
                0x00004a30                __malloc_lock
 .text.__malloc_unlock
                0x00004a34        0x4 c:/program files (x86)/cypress/psoc creator/4.2/psoc creator/import/gnu/arm/5.4.1/bin/../lib/gcc/arm-none-eabi/5.4.1/../../../../arm-none-eabi/lib/armv7-m\libg.a(lib_a-mlock.o)
                0x00004a34                __malloc_unlock
 .text._Balloc  0x00004a38       0x50 c:/program files (x86)/cypress/psoc creator/4.2/psoc creator/import/gnu/arm/5.4.1/bin/../lib/gcc/arm-none-eabi/5.4.1/../../../../arm-none-eabi/lib/armv7-m\libg.a(lib_a-mprec.o)
                0x00004a38                _Balloc
 .text._Bfree   0x00004a88       0x14 c:/program files (x86)/cypress/psoc creator/4.2/psoc creator/import/gnu/arm/5.4.1/bin/../lib/gcc/arm-none-eabi/5.4.1/../../../../arm-none-eabi/lib/armv7-m\libg.a(lib_a-mprec.o)
                0x00004a88                _Bfree
 .text.__multadd
                0x00004a9c       0x80 c:/program files (x86)/cypress/psoc creator/4.2/psoc creator/import/gnu/arm/5.4.1/bin/../lib/gcc/arm-none-eabi/5.4.1/../../../../arm-none-eabi/lib/armv7-m\libg.a(lib_a-mprec.o)
                0x00004a9c                __multadd
 .text.__hi0bits
                0x00004b1c       0x40 c:/program files (x86)/cypress/psoc creator/4.2/psoc creator/import/gnu/arm/5.4.1/bin/../lib/gcc/arm-none-eabi/5.4.1/../../../../arm-none-eabi/lib/armv7-m\libg.a(lib_a-mprec.o)
                0x00004b1c                __hi0bits
 .text.__lo0bits
                0x00004b5c       0x5c c:/program files (x86)/cypress/psoc creator/4.2/psoc creator/import/gnu/arm/5.4.1/bin/../lib/gcc/arm-none-eabi/5.4.1/../../../../arm-none-eabi/lib/armv7-m\libg.a(lib_a-mprec.o)
                0x00004b5c                __lo0bits
 .text.__i2b    0x00004bb8       0x14 c:/program files (x86)/cypress/psoc creator/4.2/psoc creator/import/gnu/arm/5.4.1/bin/../lib/gcc/arm-none-eabi/5.4.1/../../../../arm-none-eabi/lib/armv7-m\libg.a(lib_a-mprec.o)
                0x00004bb8                __i2b
 .text.__multiply
                0x00004bcc      0x13c c:/program files (x86)/cypress/psoc creator/4.2/psoc creator/import/gnu/arm/5.4.1/bin/../lib/gcc/arm-none-eabi/5.4.1/../../../../arm-none-eabi/lib/armv7-m\libg.a(lib_a-mprec.o)
                0x00004bcc                __multiply
 .text.__pow5mult
                0x00004d08       0xa0 c:/program files (x86)/cypress/psoc creator/4.2/psoc creator/import/gnu/arm/5.4.1/bin/../lib/gcc/arm-none-eabi/5.4.1/../../../../arm-none-eabi/lib/armv7-m\libg.a(lib_a-mprec.o)
                0x00004d08                __pow5mult
 .text.__lshift
                0x00004da8       0xac c:/program files (x86)/cypress/psoc creator/4.2/psoc creator/import/gnu/arm/5.4.1/bin/../lib/gcc/arm-none-eabi/5.4.1/../../../../arm-none-eabi/lib/armv7-m\libg.a(lib_a-mprec.o)
                0x00004da8                __lshift
 .text.__mcmp   0x00004e54       0x40 c:/program files (x86)/cypress/psoc creator/4.2/psoc creator/import/gnu/arm/5.4.1/bin/../lib/gcc/arm-none-eabi/5.4.1/../../../../arm-none-eabi/lib/armv7-m\libg.a(lib_a-mprec.o)
                0x00004e54                __mcmp
 .text.__mdiff  0x00004e94      0x128 c:/program files (x86)/cypress/psoc creator/4.2/psoc creator/import/gnu/arm/5.4.1/bin/../lib/gcc/arm-none-eabi/5.4.1/../../../../arm-none-eabi/lib/armv7-m\libg.a(lib_a-mprec.o)
                0x00004e94                __mdiff
 .text.__d2b    0x00004fbc       0xa8 c:/program files (x86)/cypress/psoc creator/4.2/psoc creator/import/gnu/arm/5.4.1/bin/../lib/gcc/arm-none-eabi/5.4.1/../../../../arm-none-eabi/lib/armv7-m\libg.a(lib_a-mprec.o)
                0x00004fbc                __d2b
 .text._sbrk_r  0x00005064       0x24 c:/program files (x86)/cypress/psoc creator/4.2/psoc creator/import/gnu/arm/5.4.1/bin/../lib/gcc/arm-none-eabi/5.4.1/../../../../arm-none-eabi/lib/armv7-m\libg.a(lib_a-sbrkr.o)
                0x00005064                _sbrk_r
 .text.strlen   0x00005088       0x5c c:/program files (x86)/cypress/psoc creator/4.2/psoc creator/import/gnu/arm/5.4.1/bin/../lib/gcc/arm-none-eabi/5.4.1/../../../../arm-none-eabi/lib/armv7-m\libg.a(lib_a-strlen-stub.o)
                0x00005088                strlen
 .text.__ssprint_r
                0x000050e4      0x100 c:/program files (x86)/cypress/psoc creator/4.2/psoc creator/import/gnu/arm/5.4.1/bin/../lib/gcc/arm-none-eabi/5.4.1/../../../../arm-none-eabi/lib/armv7-m\libg.a(lib_a-svfiprintf.o)
                0x000050e4                __ssprint_r
 .text.__register_exitproc
                0x000051e4       0xa4 c:/program files (x86)/cypress/psoc creator/4.2/psoc creator/import/gnu/arm/5.4.1/bin/../lib/gcc/arm-none-eabi/5.4.1/../../../../arm-none-eabi/lib/armv7-m\libg.a(lib_a-__atexit.o)
                0x000051e4                __register_exitproc
 .text._calloc_r
                0x00005288       0x60 c:/program files (x86)/cypress/psoc creator/4.2/psoc creator/import/gnu/arm/5.4.1/bin/../lib/gcc/arm-none-eabi/5.4.1/../../../../arm-none-eabi/lib/armv7-m\libg.a(lib_a-callocr.o)
                0x00005288                _calloc_r
 .text._malloc_trim_r
                0x000052e8       0x9c c:/program files (x86)/cypress/psoc creator/4.2/psoc creator/import/gnu/arm/5.4.1/bin/../lib/gcc/arm-none-eabi/5.4.1/../../../../arm-none-eabi/lib/armv7-m\libg.a(lib_a-freer.o)
                0x000052e8                _malloc_trim_r
 .text._free_r  0x00005384      0x1d0 c:/program files (x86)/cypress/psoc creator/4.2/psoc creator/import/gnu/arm/5.4.1/bin/../lib/gcc/arm-none-eabi/5.4.1/../../../../arm-none-eabi/lib/armv7-m\libg.a(lib_a-freer.o)
                0x00005384                _free_r
 .text.memmove  0x00005554       0xc8 c:/program files (x86)/cypress/psoc creator/4.2/psoc creator/import/gnu/arm/5.4.1/bin/../lib/gcc/arm-none-eabi/5.4.1/../../../../arm-none-eabi/lib/armv7-m\libg.a(lib_a-memmove.o)
                0x00005554                memmove
 .text._realloc_r
                0x0000561c      0x3d4 c:/program files (x86)/cypress/psoc creator/4.2/psoc creator/import/gnu/arm/5.4.1/bin/../lib/gcc/arm-none-eabi/5.4.1/../../../../arm-none-eabi/lib/armv7-m\libg.a(lib_a-reallocr.o)
                0x0000561c                _realloc_r
 .text          0x000059f0       0x2c c:/program files (x86)/cypress/psoc creator/4.2/psoc creator/import/gnu/arm/5.4.1/bin/../lib/gcc/arm-none-eabi/5.4.1/armv7-m\libgcc.a(_arm_unorddf2.o)
                0x000059f0                __unorddf2
                0x000059f0                __aeabi_dcmpun
 .text          0x00005a1c       0x30 c:/program files (x86)/cypress/psoc creator/4.2/psoc creator/import/gnu/arm/5.4.1/bin/../lib/gcc/arm-none-eabi/5.4.1/armv7-m\libgcc.a(_aeabi_uldivmod.o)
                0x00005a1c                __aeabi_uldivmod
 .text          0x00005a4c      0x2ec c:/program files (x86)/cypress/psoc creator/4.2/psoc creator/import/gnu/arm/5.4.1/bin/../lib/gcc/arm-none-eabi/5.4.1/armv7-m\libgcc.a(_udivmoddi4.o)
                0x00005a4c                __udivmoddi4
 .text          0x00005d38        0x4 c:/program files (x86)/cypress/psoc creator/4.2/psoc creator/import/gnu/arm/5.4.1/bin/../lib/gcc/arm-none-eabi/5.4.1/armv7-m\libgcc.a(_dvmd_tls.o)
                0x00005d38                __aeabi_idiv0
                0x00005d38                __aeabi_ldiv0
 *(.plt)
 *(.gnu.warning)
 *(.glue_7t)
 .glue_7t       0x00005d3c        0x0 linker stubs
 *(.glue_7)
 .glue_7        0x00005d3c        0x0 linker stubs
 *(.vfp11_veneer)
 .vfp11_veneer  0x00005d3c        0x0 linker stubs
 *(.bootloader)
 *(.ARM.extab* .gnu.linkonce.armextab.*)
 *(.gcc_except_table)

.v4_bx          0x00005d3c        0x0
 .v4_bx         0x00005d3c        0x0 linker stubs

.iplt           0x00005d3c        0x0
 .iplt          0x00005d3c        0x0 c:/program files (x86)/cypress/psoc creator/4.2/psoc creator/import/gnu/arm/5.4.1/bin/../lib/gcc/arm-none-eabi/5.4.1/armv7-m/crtbegin.o

.eh_frame_hdr
 *(.eh_frame_hdr)

.eh_frame       0x00005d3c        0x4
 *(.eh_frame)
 .eh_frame      0x00005d3c        0x0 c:/program files (x86)/cypress/psoc creator/4.2/psoc creator/import/gnu/arm/5.4.1/bin/../lib/gcc/arm-none-eabi/5.4.1/armv7-m/crtbegin.o
 .eh_frame      0x00005d3c        0x4 c:/program files (x86)/cypress/psoc creator/4.2/psoc creator/import/gnu/arm/5.4.1/bin/../lib/gcc/arm-none-eabi/5.4.1/armv7-m/crtend.o
                [!provide]                PROVIDE (__exidx_start, .)

.ARM.exidx      0x00005d40        0x8
 *(.ARM.exidx* .gnu.linkonce.armexidx.*)
 .ARM.exidx     0x00005d40        0x8 c:/program files (x86)/cypress/psoc creator/4.2/psoc creator/import/gnu/arm/5.4.1/bin/../lib/gcc/arm-none-eabi/5.4.1/armv7-m\libgcc.a(_udivmoddi4.o)
                0x00005d48                __exidx_end = .

.rodata         0x00005d48      0x298
 *(.rodata .rodata.* .gnu.linkonce.r.*)
 .rodata.str1.4
                0x00005d48       0x90 .\CortexM3\ARM_GCC_541\Debug\main.o
 .rodata        0x00005dd8       0x42 .\CortexM3\ARM_GCC_541\Debug\cyfitter_cfg.o
 *fill*         0x00005e1a        0x2 
 .rodata.str1.4
                0x00005e1c        0x2 c:/program files (x86)/cypress/psoc creator/4.2/psoc creator/import/gnu/arm/5.4.1/bin/../lib/gcc/arm-none-eabi/5.4.1/../../../../arm-none-eabi/lib/armv7-m\libg.a(lib_a-impure.o)
 *fill*         0x00005e1e        0x2 
 .rodata._global_impure_ptr
                0x00005e20        0x4 c:/program files (x86)/cypress/psoc creator/4.2/psoc creator/import/gnu/arm/5.4.1/bin/../lib/gcc/arm-none-eabi/5.4.1/../../../../arm-none-eabi/lib/armv7-m\libg.a(lib_a-impure.o)
                0x00005e20                _global_impure_ptr
 .rodata.blanks.7055
                0x00005e24       0x10 c:/program files (x86)/cypress/psoc creator/4.2/psoc creator/import/gnu/arm/5.4.1/bin/../lib/gcc/arm-none-eabi/5.4.1/../../../../arm-none-eabi/lib/armv7-m\libg.a(lib_a-svfprintf.o)
 .rodata.str1.4
                0x00005e34       0x42 c:/program files (x86)/cypress/psoc creator/4.2/psoc creator/import/gnu/arm/5.4.1/bin/../lib/gcc/arm-none-eabi/5.4.1/../../../../arm-none-eabi/lib/armv7-m\libg.a(lib_a-svfprintf.o)
 *fill*         0x00005e76        0x2 
 .rodata.zeroes.7056
                0x00005e78       0x10 c:/program files (x86)/cypress/psoc creator/4.2/psoc creator/import/gnu/arm/5.4.1/bin/../lib/gcc/arm-none-eabi/5.4.1/../../../../arm-none-eabi/lib/armv7-m\libg.a(lib_a-svfprintf.o)
 .rodata.str1.4
                0x00005e88       0x10 c:/program files (x86)/cypress/psoc creator/4.2/psoc creator/import/gnu/arm/5.4.1/bin/../lib/gcc/arm-none-eabi/5.4.1/../../../../arm-none-eabi/lib/armv7-m\libg.a(lib_a-dtoa.o)
                                 0x12 (size before relaxing)
 .rodata.str1.4
                0x00005e98        0xc c:/program files (x86)/cypress/psoc creator/4.2/psoc creator/import/gnu/arm/5.4.1/bin/../lib/gcc/arm-none-eabi/5.4.1/../../../../arm-none-eabi/lib/armv7-m\libg.a(lib_a-locale.o)
                                 0x12 (size before relaxing)
 *fill*         0x00005ea4        0x4 
 .rodata.__mprec_tens
                0x00005ea8       0xc8 c:/program files (x86)/cypress/psoc creator/4.2/psoc creator/import/gnu/arm/5.4.1/bin/../lib/gcc/arm-none-eabi/5.4.1/../../../../arm-none-eabi/lib/armv7-m\libg.a(lib_a-mprec.o)
                0x00005ea8                __mprec_tens
 .rodata.__mprec_bigtens
                0x00005f70       0x28 c:/program files (x86)/cypress/psoc creator/4.2/psoc creator/import/gnu/arm/5.4.1/bin/../lib/gcc/arm-none-eabi/5.4.1/../../../../arm-none-eabi/lib/armv7-m\libg.a(lib_a-mprec.o)
                0x00005f70                __mprec_bigtens
 .rodata.p05.5396
                0x00005f98        0xc c:/program files (x86)/cypress/psoc creator/4.2/psoc creator/import/gnu/arm/5.4.1/bin/../lib/gcc/arm-none-eabi/5.4.1/../../../../arm-none-eabi/lib/armv7-m\libg.a(lib_a-mprec.o)
                0x00005fa4                . = ALIGN (0x4)
 *(.init)
 .init          0x00005fa4        0x4 c:/program files (x86)/cypress/psoc creator/4.2/psoc creator/import/gnu/arm/5.4.1/bin/../lib/gcc/arm-none-eabi/5.4.1/armv7-m/crti.o
                0x00005fa4                _init
 .init          0x00005fa8        0x8 c:/program files (x86)/cypress/psoc creator/4.2/psoc creator/import/gnu/arm/5.4.1/bin/../lib/gcc/arm-none-eabi/5.4.1/armv7-m/crtn.o
                0x00005fb0                . = ALIGN (0x4)
                0x00005fb0                __preinit_array_start = .
 *(.preinit_array)
                0x00005fb0                __preinit_array_end = .
                0x00005fb0                . = ALIGN (0x4)
                0x00005fb0                __init_array_start = .
 *(SORT(.init_array.*))
 .init_array.00000
                0x00005fb0        0x4 c:/program files (x86)/cypress/psoc creator/4.2/psoc creator/import/gnu/arm/5.4.1/bin/../lib/gcc/arm-none-eabi/5.4.1/../../../../arm-none-eabi/lib/armv7-m\libg.a(lib_a-__call_atexit.o)
 *(.init_array)
 .init_array    0x00005fb4        0x4 c:/program files (x86)/cypress/psoc creator/4.2/psoc creator/import/gnu/arm/5.4.1/bin/../lib/gcc/arm-none-eabi/5.4.1/armv7-m/crtbegin.o
 .init_array    0x00005fb8        0x4 .\CortexM3\ARM_GCC_541\Debug\Cm3Start.o
                0x00005fbc                __init_array_end = .
                0x00005fbc                . = ALIGN (0x4)
 *(.fini)
 .fini          0x00005fbc        0x4 c:/program files (x86)/cypress/psoc creator/4.2/psoc creator/import/gnu/arm/5.4.1/bin/../lib/gcc/arm-none-eabi/5.4.1/armv7-m/crti.o
                0x00005fbc                _fini
 .fini          0x00005fc0        0x8 c:/program files (x86)/cypress/psoc creator/4.2/psoc creator/import/gnu/arm/5.4.1/bin/../lib/gcc/arm-none-eabi/5.4.1/armv7-m/crtn.o
                0x00005fc8                . = ALIGN (0x4)
                0x00005fc8                __fini_array_start = .
 *(.fini_array)
 .fini_array    0x00005fc8        0x4 c:/program files (x86)/cypress/psoc creator/4.2/psoc creator/import/gnu/arm/5.4.1/bin/../lib/gcc/arm-none-eabi/5.4.1/armv7-m/crtbegin.o
 *(SORT(.fini_array.*))
                0x00005fcc                __fini_array_end = .
                0x00005fcc                . = ALIGN (0x4)
 *crtbegin.o(.ctors)
 *(EXCLUDE_FILE(*crtend.o) .ctors)
 *(SORT(.ctors.*))
 *crtend.o(.ctors)
                0x00005fcc                . = ALIGN (0x4)
 *crtbegin.o(.dtors)
 *(EXCLUDE_FILE(*crtend.o) .dtors)
 *(SORT(.dtors.*))
 *crtend.o(.dtors)
                0x00005fcc                . = ALIGN (0x4)
                0x00005fcc                __cy_regions = .
                0x00005fcc        0x4 LONG 0x5fe0 __cy_region_init_ram
                0x00005fd0        0x4 LONG 0x1fff80c8 __cy_region_start_data
                0x00005fd4        0x4 LONG 0x928 __cy_region_init_size_ram
                0x00005fd8        0x4 LONG 0x188 __cy_region_zero_size_ram
                0x00005fdc                __cy_regions_end = .
                0x00005fe0                . = ALIGN (0x8)
 *fill*         0x00005fdc        0x4 
                0x00005fe0                _etext = .

.cy_checksum_exclude
                0x00005fe0        0x0
 *(.cy_checksum_exclude)

.ramvectors     0x1fff8000       0xc0
                0x1fff8000                __cy_region_start_ram = .
 *(.ramvectors)
 .ramvectors    0x1fff8000       0xc0 .\CortexM3\ARM_GCC_541\Debug\Cm3Start.o
                0x1fff8000                CyRamVectors

.noinit         0x1fff80c0        0x1
 *(.noinit)
 .noinit        0x1fff80c0        0x1 .\CortexM3\ARM_GCC_541\Debug\Navigation.a(CyLib.o)
                0x1fff80c0                CyResetStatus

.data           0x1fff80c8      0x928 load address 0x00005fe0
                0x1fff80c8                __cy_region_start_data = .
 *(.jcr)
 .jcr           0x1fff80c8        0x0 c:/program files (x86)/cypress/psoc creator/4.2/psoc creator/import/gnu/arm/5.4.1/bin/../lib/gcc/arm-none-eabi/5.4.1/armv7-m/crtbegin.o
 .jcr           0x1fff80c8        0x4 c:/program files (x86)/cypress/psoc creator/4.2/psoc creator/import/gnu/arm/5.4.1/bin/../lib/gcc/arm-none-eabi/5.4.1/armv7-m/crtend.o
 *(.got.plt)
 *(.got)
 *(.shdata)
 *(.data .data.* .gnu.linkonce.d.*)
 *fill*         0x1fff80cc        0x4 
 .data          0x1fff80d0       0x90 .\CortexM3\ARM_GCC_541\Debug\main.o
                0x1fff80d0                CENTERSERVO
                0x1fff80d8                COUNTDOWN
                0x1fff80e0                oldsetservo
                0x1fff80e8                firstPixelTime
                0x1fff80f0                TICKCUTOFF
                0x1fff80f8                LENGTH
                0x1fff8100                FREQ
                0x1fff8108                setSpeed
                0x1fff8110                oldError
                0x1fff8118                KP
                0x1fff8120                KI
                0x1fff8128                KD
                0x1fff8130                ON
                0x1fff8138                servoKP
                0x1fff8140                OEFREQ
                0x1fff8144                VFREQ
                0x1fff8148                LPF
                0x1fff814c                FPS
                0x1fff8150                PICHEIGHT
                0x1fff8154                PICWIDTH
                0x1fff8158                PI
 .data          0x1fff8160        0x4 .\CortexM3\ARM_GCC_541\Debug\Cm3Start.o
 .data          0x1fff8164       0x10 .\CortexM3\ARM_GCC_541\Debug\Navigation.a(CyLib.o)
                0x1fff8164                cydelay_32k_ms
                0x1fff8168                cydelay_freq_khz
                0x1fff816c                cydelay_freq_mhz
                0x1fff8170                cydelay_freq_hz
 *fill*         0x1fff8174        0x4 
 .data.impure_data
                0x1fff8178      0x428 c:/program files (x86)/cypress/psoc creator/4.2/psoc creator/import/gnu/arm/5.4.1/bin/../lib/gcc/arm-none-eabi/5.4.1/../../../../arm-none-eabi/lib/armv7-m\libg.a(lib_a-impure.o)
 .data._impure_ptr
                0x1fff85a0        0x4 c:/program files (x86)/cypress/psoc creator/4.2/psoc creator/import/gnu/arm/5.4.1/bin/../lib/gcc/arm-none-eabi/5.4.1/../../../../arm-none-eabi/lib/armv7-m\libg.a(lib_a-impure.o)
                0x1fff85a0                _impure_ptr
 .data.lconv    0x1fff85a4       0x38 c:/program files (x86)/cypress/psoc creator/4.2/psoc creator/import/gnu/arm/5.4.1/bin/../lib/gcc/arm-none-eabi/5.4.1/../../../../arm-none-eabi/lib/armv7-m\libg.a(lib_a-locale.o)
 .data.__malloc_av_
                0x1fff85dc      0x408 c:/program files (x86)/cypress/psoc creator/4.2/psoc creator/import/gnu/arm/5.4.1/bin/../lib/gcc/arm-none-eabi/5.4.1/../../../../arm-none-eabi/lib/armv7-m\libg.a(lib_a-mallocr.o)
                0x1fff85dc                __malloc_av_
 .data.__malloc_trim_threshold
                0x1fff89e4        0x4 c:/program files (x86)/cypress/psoc creator/4.2/psoc creator/import/gnu/arm/5.4.1/bin/../lib/gcc/arm-none-eabi/5.4.1/../../../../arm-none-eabi/lib/armv7-m\libg.a(lib_a-mallocr.o)
                0x1fff89e4                __malloc_trim_threshold
 .data.__malloc_sbrk_base
                0x1fff89e8        0x4 c:/program files (x86)/cypress/psoc creator/4.2/psoc creator/import/gnu/arm/5.4.1/bin/../lib/gcc/arm-none-eabi/5.4.1/../../../../arm-none-eabi/lib/armv7-m\libg.a(lib_a-mallocr.o)
                0x1fff89e8                __malloc_sbrk_base
                0x1fff89f0                . = ALIGN (0x8)
 *fill*         0x1fff89ec        0x4 
 *(.ram)
                0x1fff89f0                _edata = .

.igot.plt       0x1fff89f0        0x0 load address 0x00006908
 .igot.plt      0x1fff89f0        0x0 c:/program files (x86)/cypress/psoc creator/4.2/psoc creator/import/gnu/arm/5.4.1/bin/../lib/gcc/arm-none-eabi/5.4.1/armv7-m/crtbegin.o

.bss            0x1fff89f0      0x188 load address 0x00006908
                0x1fff89f0                PROVIDE (__bss_start__, .)
 *(.shbss)
 *(.bss .bss.* .gnu.linkonce.b.*)
 .bss           0x1fff89f0       0x1c c:/program files (x86)/cypress/psoc creator/4.2/psoc creator/import/gnu/arm/5.4.1/bin/../lib/gcc/arm-none-eabi/5.4.1/armv7-m/crtbegin.o
 *fill*         0x1fff8a0c        0x4 
 .bss           0x1fff8a10       0x2c .\CortexM3\ARM_GCC_541\Debug\main.o
                0x1fff8a10                blackFlag
                0x1fff8a14                hallFlag
                0x1fff8a18                ticks
                0x1fff8a20                time
                0x1fff8a28                currentTime
                0x1fff8a2c                oldTime
                0x1fff8a30                sum
                0x1fff8a38                OFF
 .bss           0x1fff8a3c        0x2 .\CortexM3\ARM_GCC_541\Debug\Navigation.a(LCD.o)
                0x1fff8a3c                LCD_enableState
                0x1fff8a3d                LCD_initVar
 .bss           0x1fff8a3e        0x1 .\CortexM3\ARM_GCC_541\Debug\Navigation.a(PWM.o)
                0x1fff8a3e                PWM_initVar
 .bss           0x1fff8a3f        0x1 .\CortexM3\ARM_GCC_541\Debug\Navigation.a(Timer.o)
                0x1fff8a3f                Timer_initVar
 .bss           0x1fff8a40        0x2 .\CortexM3\ARM_GCC_541\Debug\Navigation.a(UART.o)
                0x1fff8a40                UART_initVar
 .bss           0x1fff8a42        0x1 .\CortexM3\ARM_GCC_541\Debug\Navigation.a(Comp.o)
                0x1fff8a42                Comp_initVar
 .bss           0x1fff8a43        0x1 .\CortexM3\ARM_GCC_541\Debug\Navigation.a(VideoTimer.o)
                0x1fff8a43                VideoTimer_initVar
 .bss           0x1fff8a44        0x1 .\CortexM3\ARM_GCC_541\Debug\Navigation.a(VDAC.o)
                0x1fff8a44                VDAC_initVar
 .bss           0x1fff8a45        0x1 .\CortexM3\ARM_GCC_541\Debug\Navigation.a(ServoPWM.o)
                0x1fff8a45                ServoPWM_initVar
 *fill*         0x1fff8a46        0x2 
 .bss.__malloc_max_total_mem
                0x1fff8a48        0x4 c:/program files (x86)/cypress/psoc creator/4.2/psoc creator/import/gnu/arm/5.4.1/bin/../lib/gcc/arm-none-eabi/5.4.1/../../../../arm-none-eabi/lib/armv7-m\libg.a(lib_a-mallocr.o)
                0x1fff8a48                __malloc_max_total_mem
 .bss.__malloc_max_sbrked_mem
                0x1fff8a4c        0x4 c:/program files (x86)/cypress/psoc creator/4.2/psoc creator/import/gnu/arm/5.4.1/bin/../lib/gcc/arm-none-eabi/5.4.1/../../../../arm-none-eabi/lib/armv7-m\libg.a(lib_a-mallocr.o)
                0x1fff8a4c                __malloc_max_sbrked_mem
 .bss.__malloc_top_pad
                0x1fff8a50        0x4 c:/program files (x86)/cypress/psoc creator/4.2/psoc creator/import/gnu/arm/5.4.1/bin/../lib/gcc/arm-none-eabi/5.4.1/../../../../arm-none-eabi/lib/armv7-m\libg.a(lib_a-mallocr.o)
                0x1fff8a50                __malloc_top_pad
 .bss.__malloc_current_mallinfo
                0x1fff8a54       0x28 c:/program files (x86)/cypress/psoc creator/4.2/psoc creator/import/gnu/arm/5.4.1/bin/../lib/gcc/arm-none-eabi/5.4.1/../../../../arm-none-eabi/lib/armv7-m\libg.a(lib_a-mallocr.o)
                0x1fff8a54                __malloc_current_mallinfo
 *(COMMON)
 *fill*         0x1fff8a7c        0x4 
 COMMON         0x1fff8a80       0xf4 .\CortexM3\ARM_GCC_541\Debug\main.o
                0x1fff8a80                setservo
                0x1fff8a88                dutyCycle
                0x1fff8a90                HFREQ
                0x1fff8a98                uartbuf
                0x1fff8b18                avgError
                0x1fff8b20                errorDiff
                0x1fff8b28                servoKI
                0x1fff8b30                pixelError
                0x1fff8b38                eTime
                0x1fff8b40                lineTime
                0x1fff8b48                error
                0x1fff8b50                servoKD
                0x1fff8b58                speed
                0x1fff8b60                LPS
                0x1fff8b64                strbuf
 COMMON         0x1fff8b74        0x4 c:/program files (x86)/cypress/psoc creator/4.2/psoc creator/import/gnu/arm/5.4.1/bin/../lib/gcc/arm-none-eabi/5.4.1/../../../../arm-none-eabi/lib/armv7-m\libg.a(lib_a-reent.o)
                0x1fff8b74                errno
                0x1fff8b78                . = ALIGN (0x8)
 *(.ram.b)
                0x1fff8b78                _end = .
                0x1fff8b78                __end = .
                0x1fff8b78                PROVIDE (end, .)
                0x1fff8b78                PROVIDE (__bss_end__, .)
                0x00005fe0                __cy_region_init_ram = LOADADDR (.data)
                0x00000928                __cy_region_init_size_ram = (_edata - ADDR (.data))
                0x00000188                __cy_region_zero_size_ram = (_end - _edata)

.heap           0x1fff8b78     0x1000 load address 0x00006908
                0x1fff8b78                . = _end
                0x1fff9b78                . = (. + 0x1000)
 *fill*         0x1fff8b78     0x1000 
                0x1fff9b78                __cy_heap_limit = .

.stack          0x20007800      0x800
                0x20007800                __cy_stack_limit = .
                0x20008000                . = (. + 0x800)
 *fill*         0x20007800      0x800 
                0x00000001                ASSERT ((__cy_stack_limit >= __cy_heap_limit), region RAM overflowed with stack)
                0x00000000                cy_checksum_exclude_size = (CY_APPL_LOADABLE == 0x1)?SIZEOF (.cy_checksum_exclude):0x0
                0x00000001                ASSERT ((cy_checksum_exclude_size <= CY_CHECKSUM_EXCLUDE_SIZE), CY_BOOT: Section .cy_checksum_exclude size exceedes specified limit.)

.cyloadermeta
 *(.cyloadermeta)

.cyloadablemeta
 *(.cyloadablemeta)

.cyconfigecc    0x80000000      0x858
 *(.cyconfigecc)
 .cyconfigecc   0x80000000      0x858 .\CortexM3\ARM_GCC_541\Debug\cymetadata.o
                0x80000000                cy_meta_configecc

.cycustnvl      0x90000000        0x4
 *(.cycustnvl)
 .cycustnvl     0x90000000        0x4 .\CortexM3\ARM_GCC_541\Debug\cymetadata.o
                0x90000000                cy_meta_custnvl

.cywolatch      0x90100000        0x4
 *(.cywolatch)
 .cywolatch     0x90100000        0x4 .\CortexM3\ARM_GCC_541\Debug\cymetadata.o
                0x90100000                cy_meta_wonvl

.cyeeprom       0x90200000        0x0
 *(.cyeeprom)
                0x00000001                ASSERT ((. <= ((0x90200000 + ee_offset) + ee_size)), .cyeeprom data will not fit in EEPROM)

.cyflashprotect
                0x90400000      0x100
 *(.cyflashprotect)
 .cyflashprotect
                0x90400000      0x100 .\CortexM3\ARM_GCC_541\Debug\cymetadata.o
                0x90400000                cy_meta_flashprotect

.cymeta         0x90500000        0xc
 *(.cymeta)
 .cymeta        0x90500000        0xc .\CortexM3\ARM_GCC_541\Debug\cymetadata.o
                0x90500000                cy_metadata

.rel.dyn        0x00006908        0x0 load address 0x9050000c
 .rel.iplt      0x00006908        0x0 c:/program files (x86)/cypress/psoc creator/4.2/psoc creator/import/gnu/arm/5.4.1/bin/../lib/gcc/arm-none-eabi/5.4.1/armv7-m/crtbegin.o

.stab
 *(.stab)

.stabstr
 *(.stabstr)

.debug
 *(.debug)

.line
 *(.line)

.debug_srcinfo
 *(.debug_srcinfo)

.debug_sfnames
 *(.debug_sfnames)

.debug_aranges  0x00000000      0xbf0
 *(.debug_aranges)
 .debug_aranges
                0x00000000       0x38 .\CortexM3\ARM_GCC_541\Debug\main.o
 .debug_aranges
                0x00000038       0x58 .\CortexM3\ARM_GCC_541\Debug\cyfitter_cfg.o
 .debug_aranges
                0x00000090       0x18 .\CortexM3\ARM_GCC_541\Debug\cymetadata.o
 .debug_aranges
                0x000000a8       0x48 .\CortexM3\ARM_GCC_541\Debug\Cm3Start.o
 .debug_aranges
                0x000000f0       0x80 .\CortexM3\ARM_GCC_541\Debug\Navigation.a(HE_Interrupt.o)
 .debug_aranges
                0x00000170       0x98 .\CortexM3\ARM_GCC_541\Debug\Navigation.a(LCD.o)
 .debug_aranges
                0x00000208      0x2a0 .\CortexM3\ARM_GCC_541\Debug\Navigation.a(CyLib.o)
 .debug_aranges
                0x000004a8       0x98 .\CortexM3\ARM_GCC_541\Debug\Navigation.a(cyPm.o)
 .debug_aranges
                0x00000540       0x98 .\CortexM3\ARM_GCC_541\Debug\Navigation.a(PWM.o)
 .debug_aranges
                0x000005d8       0x98 .\CortexM3\ARM_GCC_541\Debug\Navigation.a(Timer.o)
 .debug_aranges
                0x00000670       0xf0 .\CortexM3\ARM_GCC_541\Debug\Navigation.a(UART.o)
 .debug_aranges
                0x00000760       0x70 .\CortexM3\ARM_GCC_541\Debug\Navigation.a(UART_IntClock.o)
 .debug_aranges
                0x000007d0       0x70 .\CortexM3\ARM_GCC_541\Debug\Navigation.a(Comp.o)
 .debug_aranges
                0x00000840       0x98 .\CortexM3\ARM_GCC_541\Debug\Navigation.a(VideoTimer.o)
 .debug_aranges
                0x000008d8       0x80 .\CortexM3\ARM_GCC_541\Debug\Navigation.a(Black.o)
 .debug_aranges
                0x00000958       0x58 .\CortexM3\ARM_GCC_541\Debug\Navigation.a(VDAC.o)
 .debug_aranges
                0x000009b0       0x98 .\CortexM3\ARM_GCC_541\Debug\Navigation.a(ServoPWM.o)
 .debug_aranges
                0x00000a48       0x80 .\CortexM3\ARM_GCC_541\Debug\Navigation.a(NewFrame.o)
 .debug_aranges
                0x00000ac8       0x20 .\CortexM3\ARM_GCC_541\Debug\Navigation.a(CyBootAsmGnu.o)
 .debug_aranges
                0x00000ae8       0x88 .\CortexM3\ARM_GCC_541\Debug\Navigation.a(CyFlash.o)
 .debug_aranges
                0x00000b70       0x80 .\CortexM3\ARM_GCC_541\Debug\Navigation.a(CySpc.o)

.debug_pubnames
 *(.debug_pubnames)

.debug_info     0x00000000     0x6636
 *(.debug_info .gnu.linkonce.wi.*)
 .debug_info    0x00000000      0x7e9 .\CortexM3\ARM_GCC_541\Debug\main.o
 .debug_info    0x000007e9      0x615 .\CortexM3\ARM_GCC_541\Debug\cyfitter_cfg.o
 .debug_info    0x00000dfe      0x139 .\CortexM3\ARM_GCC_541\Debug\cymetadata.o
 .debug_info    0x00000f37      0x3bb .\CortexM3\ARM_GCC_541\Debug\Cm3Start.o
 .debug_info    0x000012f2      0x2d2 .\CortexM3\ARM_GCC_541\Debug\Navigation.a(HE_Interrupt.o)
 .debug_info    0x000015c4      0x715 .\CortexM3\ARM_GCC_541\Debug\Navigation.a(LCD.o)
 .debug_info    0x00001cd9     0x1374 .\CortexM3\ARM_GCC_541\Debug\Navigation.a(CyLib.o)
 .debug_info    0x0000304d      0xa2a .\CortexM3\ARM_GCC_541\Debug\Navigation.a(cyPm.o)
 .debug_info    0x00003a77      0x334 .\CortexM3\ARM_GCC_541\Debug\Navigation.a(PWM.o)
 .debug_info    0x00003dab      0x328 .\CortexM3\ARM_GCC_541\Debug\Navigation.a(Timer.o)
 .debug_info    0x000040d3      0x60c .\CortexM3\ARM_GCC_541\Debug\Navigation.a(UART.o)
 .debug_info    0x000046df      0x283 .\CortexM3\ARM_GCC_541\Debug\Navigation.a(UART_IntClock.o)
 .debug_info    0x00004962      0x2c8 .\CortexM3\ARM_GCC_541\Debug\Navigation.a(Comp.o)
 .debug_info    0x00004c2a      0x328 .\CortexM3\ARM_GCC_541\Debug\Navigation.a(VideoTimer.o)
 .debug_info    0x00004f52      0x2d2 .\CortexM3\ARM_GCC_541\Debug\Navigation.a(Black.o)
 .debug_info    0x00005224      0x1df .\CortexM3\ARM_GCC_541\Debug\Navigation.a(VDAC.o)
 .debug_info    0x00005403      0x334 .\CortexM3\ARM_GCC_541\Debug\Navigation.a(ServoPWM.o)
 .debug_info    0x00005737      0x2d2 .\CortexM3\ARM_GCC_541\Debug\Navigation.a(NewFrame.o)
 .debug_info    0x00005a09       0x90 .\CortexM3\ARM_GCC_541\Debug\Navigation.a(CyBootAsmGnu.o)
 .debug_info    0x00005a99      0x64d .\CortexM3\ARM_GCC_541\Debug\Navigation.a(CyFlash.o)
 .debug_info    0x000060e6      0x550 .\CortexM3\ARM_GCC_541\Debug\Navigation.a(CySpc.o)

.debug_abbrev   0x00000000     0x1c96
 *(.debug_abbrev)
 .debug_abbrev  0x00000000      0x13f .\CortexM3\ARM_GCC_541\Debug\main.o
 .debug_abbrev  0x0000013f      0x20d .\CortexM3\ARM_GCC_541\Debug\cyfitter_cfg.o
 .debug_abbrev  0x0000034c       0x77 .\CortexM3\ARM_GCC_541\Debug\cymetadata.o
 .debug_abbrev  0x000003c3      0x1e8 .\CortexM3\ARM_GCC_541\Debug\Cm3Start.o
 .debug_abbrev  0x000005ab      0x173 .\CortexM3\ARM_GCC_541\Debug\Navigation.a(HE_Interrupt.o)
 .debug_abbrev  0x0000071e      0x157 .\CortexM3\ARM_GCC_541\Debug\Navigation.a(LCD.o)
 .debug_abbrev  0x00000875      0x254 .\CortexM3\ARM_GCC_541\Debug\Navigation.a(CyLib.o)
 .debug_abbrev  0x00000ac9      0x1ab .\CortexM3\ARM_GCC_541\Debug\Navigation.a(cyPm.o)
 .debug_abbrev  0x00000c74      0x133 .\CortexM3\ARM_GCC_541\Debug\Navigation.a(PWM.o)
 .debug_abbrev  0x00000da7      0x13a .\CortexM3\ARM_GCC_541\Debug\Navigation.a(Timer.o)
 .debug_abbrev  0x00000ee1      0x175 .\CortexM3\ARM_GCC_541\Debug\Navigation.a(UART.o)
 .debug_abbrev  0x00001056      0x139 .\CortexM3\ARM_GCC_541\Debug\Navigation.a(UART_IntClock.o)
 .debug_abbrev  0x0000118f      0x16e .\CortexM3\ARM_GCC_541\Debug\Navigation.a(Comp.o)
 .debug_abbrev  0x000012fd      0x13a .\CortexM3\ARM_GCC_541\Debug\Navigation.a(VideoTimer.o)
 .debug_abbrev  0x00001437      0x173 .\CortexM3\ARM_GCC_541\Debug\Navigation.a(Black.o)
 .debug_abbrev  0x000015aa       0xf7 .\CortexM3\ARM_GCC_541\Debug\Navigation.a(VDAC.o)
 .debug_abbrev  0x000016a1      0x133 .\CortexM3\ARM_GCC_541\Debug\Navigation.a(ServoPWM.o)
 .debug_abbrev  0x000017d4      0x173 .\CortexM3\ARM_GCC_541\Debug\Navigation.a(NewFrame.o)
 .debug_abbrev  0x00001947       0x14 .\CortexM3\ARM_GCC_541\Debug\Navigation.a(CyBootAsmGnu.o)
 .debug_abbrev  0x0000195b      0x1a7 .\CortexM3\ARM_GCC_541\Debug\Navigation.a(CyFlash.o)
 .debug_abbrev  0x00001b02      0x194 .\CortexM3\ARM_GCC_541\Debug\Navigation.a(CySpc.o)

.debug_line     0x00000000     0x2ade
 *(.debug_line)
 .debug_line    0x00000000      0x2fc .\CortexM3\ARM_GCC_541\Debug\main.o
 .debug_line    0x000002fc      0x204 .\CortexM3\ARM_GCC_541\Debug\cyfitter_cfg.o
 .debug_line    0x00000500      0x141 .\CortexM3\ARM_GCC_541\Debug\cymetadata.o
 .debug_line    0x00000641      0x234 .\CortexM3\ARM_GCC_541\Debug\Cm3Start.o
 .debug_line    0x00000875      0x139 .\CortexM3\ARM_GCC_541\Debug\Navigation.a(HE_Interrupt.o)
 .debug_line    0x000009ae      0x1dc .\CortexM3\ARM_GCC_541\Debug\Navigation.a(LCD.o)
 .debug_line    0x00000b8a      0x816 .\CortexM3\ARM_GCC_541\Debug\Navigation.a(CyLib.o)
 .debug_line    0x000013a0      0x367 .\CortexM3\ARM_GCC_541\Debug\Navigation.a(cyPm.o)
 .debug_line    0x00001707      0x183 .\CortexM3\ARM_GCC_541\Debug\Navigation.a(PWM.o)
 .debug_line    0x0000188a      0x182 .\CortexM3\ARM_GCC_541\Debug\Navigation.a(Timer.o)
 .debug_line    0x00001a0c      0x2bc .\CortexM3\ARM_GCC_541\Debug\Navigation.a(UART.o)
 .debug_line    0x00001cc8      0x17c .\CortexM3\ARM_GCC_541\Debug\Navigation.a(UART_IntClock.o)
 .debug_line    0x00001e44      0x163 .\CortexM3\ARM_GCC_541\Debug\Navigation.a(Comp.o)
 .debug_line    0x00001fa7      0x187 .\CortexM3\ARM_GCC_541\Debug\Navigation.a(VideoTimer.o)
 .debug_line    0x0000212e      0x132 .\CortexM3\ARM_GCC_541\Debug\Navigation.a(Black.o)
 .debug_line    0x00002260       0xe1 .\CortexM3\ARM_GCC_541\Debug\Navigation.a(VDAC.o)
 .debug_line    0x00002341      0x188 .\CortexM3\ARM_GCC_541\Debug\Navigation.a(ServoPWM.o)
 .debug_line    0x000024c9      0x135 .\CortexM3\ARM_GCC_541\Debug\Navigation.a(NewFrame.o)
 .debug_line    0x000025fe       0x66 .\CortexM3\ARM_GCC_541\Debug\Navigation.a(CyBootAsmGnu.o)
 .debug_line    0x00002664      0x21a .\CortexM3\ARM_GCC_541\Debug\Navigation.a(CyFlash.o)
 .debug_line    0x0000287e      0x260 .\CortexM3\ARM_GCC_541\Debug\Navigation.a(CySpc.o)

.debug_frame    0x00000000     0x2674
 *(.debug_frame)
 .debug_frame   0x00000000       0x88 .\CortexM3\ARM_GCC_541\Debug\main.o
 .debug_frame   0x00000088       0xe4 .\CortexM3\ARM_GCC_541\Debug\cyfitter_cfg.o
 .debug_frame   0x0000016c       0xb8 .\CortexM3\ARM_GCC_541\Debug\Cm3Start.o
 .debug_frame   0x00000224      0x104 .\CortexM3\ARM_GCC_541\Debug\Navigation.a(HE_Interrupt.o)
 .debug_frame   0x00000328      0x1e8 .\CortexM3\ARM_GCC_541\Debug\Navigation.a(LCD.o)
 .debug_frame   0x00000510      0x738 .\CortexM3\ARM_GCC_541\Debug\Navigation.a(CyLib.o)
 .debug_frame   0x00000c48      0x1f8 .\CortexM3\ARM_GCC_541\Debug\Navigation.a(cyPm.o)
 .debug_frame   0x00000e40      0x134 .\CortexM3\ARM_GCC_541\Debug\Navigation.a(PWM.o)
 .debug_frame   0x00000f74      0x134 .\CortexM3\ARM_GCC_541\Debug\Navigation.a(Timer.o)
 .debug_frame   0x000010a8      0x250 .\CortexM3\ARM_GCC_541\Debug\Navigation.a(UART.o)
 .debug_frame   0x000012f8       0xe0 .\CortexM3\ARM_GCC_541\Debug\Navigation.a(UART_IntClock.o)
 .debug_frame   0x000013d8      0x108 .\CortexM3\ARM_GCC_541\Debug\Navigation.a(Comp.o)
 .debug_frame   0x000014e0      0x134 .\CortexM3\ARM_GCC_541\Debug\Navigation.a(VideoTimer.o)
 .debug_frame   0x00001614      0x104 .\CortexM3\ARM_GCC_541\Debug\Navigation.a(Black.o)
 .debug_frame   0x00001718       0xb4 .\CortexM3\ARM_GCC_541\Debug\Navigation.a(VDAC.o)
 .debug_frame   0x000017cc      0x134 .\CortexM3\ARM_GCC_541\Debug\Navigation.a(ServoPWM.o)
 .debug_frame   0x00001900      0x104 .\CortexM3\ARM_GCC_541\Debug\Navigation.a(NewFrame.o)
 .debug_frame   0x00001a04      0x194 .\CortexM3\ARM_GCC_541\Debug\Navigation.a(CyFlash.o)
 .debug_frame   0x00001b98      0x180 .\CortexM3\ARM_GCC_541\Debug\Navigation.a(CySpc.o)
 .debug_frame   0x00001d18       0x20 c:/program files (x86)/cypress/psoc creator/4.2/psoc creator/import/gnu/arm/5.4.1/bin/../lib/gcc/arm-none-eabi/5.4.1/../../../../arm-none-eabi/lib/armv7-m\libg.a(lib_a-errno.o)
 .debug_frame   0x00001d38       0x28 c:/program files (x86)/cypress/psoc creator/4.2/psoc creator/import/gnu/arm/5.4.1/bin/../lib/gcc/arm-none-eabi/5.4.1/../../../../arm-none-eabi/lib/armv7-m\libg.a(lib_a-exit.o)
 .debug_frame   0x00001d60       0x2c c:/program files (x86)/cypress/psoc creator/4.2/psoc creator/import/gnu/arm/5.4.1/bin/../lib/gcc/arm-none-eabi/5.4.1/../../../../arm-none-eabi/lib/armv7-m\libg.a(lib_a-init.o)
 .debug_frame   0x00001d8c       0x34 c:/program files (x86)/cypress/psoc creator/4.2/psoc creator/import/gnu/arm/5.4.1/bin/../lib/gcc/arm-none-eabi/5.4.1/../../../../arm-none-eabi/lib/armv7-m\libg.a(lib_a-memset.o)
 .debug_frame   0x00001dc0       0x84 c:/program files (x86)/cypress/psoc creator/4.2/psoc creator/import/gnu/arm/5.4.1/bin/../lib/gcc/arm-none-eabi/5.4.1/../../../../arm-none-eabi/lib/armv7-m\libg.a(lib_a-sprintf.o)
 .debug_frame   0x00001e44       0x44 c:/program files (x86)/cypress/psoc creator/4.2/psoc creator/import/gnu/arm/5.4.1/bin/../lib/gcc/arm-none-eabi/5.4.1/../../../../arm-none-eabi/lib/armv7-m\libg.a(lib_a-svfprintf.o)
 .debug_frame   0x00001e88       0x50 c:/program files (x86)/cypress/psoc creator/4.2/psoc creator/import/gnu/arm/5.4.1/bin/../lib/gcc/arm-none-eabi/5.4.1/../../../../arm-none-eabi/lib/armv7-m\libg.a(lib_a-__call_atexit.o)
 .debug_frame   0x00001ed8       0x20 c:/program files (x86)/cypress/psoc creator/4.2/psoc creator/import/gnu/arm/5.4.1/bin/../lib/gcc/arm-none-eabi/5.4.1/../../../../arm-none-eabi/lib/armv7-m\libg.a(lib_a-atexit.o)
 .debug_frame   0x00001ef8       0x84 c:/program files (x86)/cypress/psoc creator/4.2/psoc creator/import/gnu/arm/5.4.1/bin/../lib/gcc/arm-none-eabi/5.4.1/../../../../arm-none-eabi/lib/armv7-m\libg.a(lib_a-dtoa.o)
 .debug_frame   0x00001f7c       0x34 c:/program files (x86)/cypress/psoc creator/4.2/psoc creator/import/gnu/arm/5.4.1/bin/../lib/gcc/arm-none-eabi/5.4.1/../../../../arm-none-eabi/lib/armv7-m\libg.a(lib_a-fini.o)
 .debug_frame   0x00001fb0       0x9c c:/program files (x86)/cypress/psoc creator/4.2/psoc creator/import/gnu/arm/5.4.1/bin/../lib/gcc/arm-none-eabi/5.4.1/../../../../arm-none-eabi/lib/armv7-m\libg.a(lib_a-locale.o)
 .debug_frame   0x0000204c       0x54 c:/program files (x86)/cypress/psoc creator/4.2/psoc creator/import/gnu/arm/5.4.1/bin/../lib/gcc/arm-none-eabi/5.4.1/../../../../arm-none-eabi/lib/armv7-m\libg.a(lib_a-mallocr.o)
 .debug_frame   0x000020a0       0x34 c:/program files (x86)/cypress/psoc creator/4.2/psoc creator/import/gnu/arm/5.4.1/bin/../lib/gcc/arm-none-eabi/5.4.1/../../../../arm-none-eabi/lib/armv7-m\libg.a(lib_a-memchr-stub.o)
 .debug_frame   0x000020d4       0x30 c:/program files (x86)/cypress/psoc creator/4.2/psoc creator/import/gnu/arm/5.4.1/bin/../lib/gcc/arm-none-eabi/5.4.1/../../../../arm-none-eabi/lib/armv7-m\libg.a(lib_a-mlock.o)
 .debug_frame   0x00002104      0x264 c:/program files (x86)/cypress/psoc creator/4.2/psoc creator/import/gnu/arm/5.4.1/bin/../lib/gcc/arm-none-eabi/5.4.1/../../../../arm-none-eabi/lib/armv7-m\libg.a(lib_a-mprec.o)
 .debug_frame   0x00002368       0x2c c:/program files (x86)/cypress/psoc creator/4.2/psoc creator/import/gnu/arm/5.4.1/bin/../lib/gcc/arm-none-eabi/5.4.1/../../../../arm-none-eabi/lib/armv7-m\libg.a(lib_a-sbrkr.o)
 .debug_frame   0x00002394       0x34 c:/program files (x86)/cypress/psoc creator/4.2/psoc creator/import/gnu/arm/5.4.1/bin/../lib/gcc/arm-none-eabi/5.4.1/../../../../arm-none-eabi/lib/armv7-m\libg.a(lib_a-strcmp.o)
 .debug_frame   0x000023c8       0x20 c:/program files (x86)/cypress/psoc creator/4.2/psoc creator/import/gnu/arm/5.4.1/bin/../lib/gcc/arm-none-eabi/5.4.1/../../../../arm-none-eabi/lib/armv7-m\libg.a(lib_a-strlen-stub.o)
 .debug_frame   0x000023e8       0x78 c:/program files (x86)/cypress/psoc creator/4.2/psoc creator/import/gnu/arm/5.4.1/bin/../lib/gcc/arm-none-eabi/5.4.1/../../../../arm-none-eabi/lib/armv7-m\libg.a(lib_a-svfiprintf.o)
 .debug_frame   0x00002460       0x34 c:/program files (x86)/cypress/psoc creator/4.2/psoc creator/import/gnu/arm/5.4.1/bin/../lib/gcc/arm-none-eabi/5.4.1/../../../../arm-none-eabi/lib/armv7-m\libg.a(lib_a-__atexit.o)
 .debug_frame   0x00002494       0x28 c:/program files (x86)/cypress/psoc creator/4.2/psoc creator/import/gnu/arm/5.4.1/bin/../lib/gcc/arm-none-eabi/5.4.1/../../../../arm-none-eabi/lib/armv7-m\libg.a(lib_a-callocr.o)
 .debug_frame   0x000024bc       0x74 c:/program files (x86)/cypress/psoc creator/4.2/psoc creator/import/gnu/arm/5.4.1/bin/../lib/gcc/arm-none-eabi/5.4.1/../../../../arm-none-eabi/lib/armv7-m\libg.a(lib_a-freer.o)
 .debug_frame   0x00002530       0x30 c:/program files (x86)/cypress/psoc creator/4.2/psoc creator/import/gnu/arm/5.4.1/bin/../lib/gcc/arm-none-eabi/5.4.1/../../../../arm-none-eabi/lib/armv7-m\libg.a(lib_a-memmove.o)
 .debug_frame   0x00002560       0x58 c:/program files (x86)/cypress/psoc creator/4.2/psoc creator/import/gnu/arm/5.4.1/bin/../lib/gcc/arm-none-eabi/5.4.1/../../../../arm-none-eabi/lib/armv7-m\libg.a(lib_a-reallocr.o)
 .debug_frame   0x000025b8       0x58 c:/program files (x86)/cypress/psoc creator/4.2/psoc creator/import/gnu/arm/5.4.1/bin/../lib/gcc/arm-none-eabi/5.4.1/../../../../arm-none-eabi/lib/armv7-m\libg.a(lib_a-reent.o)
 .debug_frame   0x00002610       0x2c c:/program files (x86)/cypress/psoc creator/4.2/psoc creator/import/gnu/arm/5.4.1/bin/../lib/gcc/arm-none-eabi/5.4.1/armv7-m\libgcc.a(_aeabi_uldivmod.o)
 .debug_frame   0x0000263c       0x38 c:/program files (x86)/cypress/psoc creator/4.2/psoc creator/import/gnu/arm/5.4.1/bin/../lib/gcc/arm-none-eabi/5.4.1/armv7-m\libgcc.a(_udivmoddi4.o)

.debug_str      0x00000000     0x2270
 *(.debug_str)
 .debug_str     0x00000000      0x40f .\CortexM3\ARM_GCC_541\Debug\main.o
                                0x4bd (size before relaxing)
 .debug_str     0x0000040f      0x1bc .\CortexM3\ARM_GCC_541\Debug\cyfitter_cfg.o
                                0x34a (size before relaxing)
 .debug_str     0x000005cb       0x7f .\CortexM3\ARM_GCC_541\Debug\cymetadata.o
                                0x1e4 (size before relaxing)
 .debug_str     0x0000064a      0x13e .\CortexM3\ARM_GCC_541\Debug\Cm3Start.o
                                0x30a (size before relaxing)
 .debug_str     0x00000788      0x136 .\CortexM3\ARM_GCC_541\Debug\Navigation.a(HE_Interrupt.o)
                                0x308 (size before relaxing)
 .debug_str     0x000008be      0x151 .\CortexM3\ARM_GCC_541\Debug\Navigation.a(LCD.o)
                                0x32b (size before relaxing)
 .debug_str     0x00000a0f      0x806 .\CortexM3\ARM_GCC_541\Debug\Navigation.a(CyLib.o)
                                0xa47 (size before relaxing)
 .debug_str     0x00001215      0x365 .\CortexM3\ARM_GCC_541\Debug\Navigation.a(cyPm.o)
                                0x733 (size before relaxing)
 .debug_str     0x0000157a       0x56 .\CortexM3\ARM_GCC_541\Debug\Navigation.a(PWM.o)
                                0x32b (size before relaxing)
 .debug_str     0x000015d0       0x2e .\CortexM3\ARM_GCC_541\Debug\Navigation.a(Timer.o)
                                0x362 (size before relaxing)
 .debug_str     0x000015fe      0x278 .\CortexM3\ARM_GCC_541\Debug\Navigation.a(UART.o)
                                0x475 (size before relaxing)
 .debug_str     0x00001876      0x183 .\CortexM3\ARM_GCC_541\Debug\Navigation.a(UART_IntClock.o)
                                0x336 (size before relaxing)
 .debug_str     0x000019f9       0xfa .\CortexM3\ARM_GCC_541\Debug\Navigation.a(Comp.o)
                                0x2be (size before relaxing)
 .debug_str     0x00001af3      0x187 .\CortexM3\ARM_GCC_541\Debug\Navigation.a(VideoTimer.o)
                                0x3c1 (size before relaxing)
 .debug_str     0x00001c7a       0xca .\CortexM3\ARM_GCC_541\Debug\Navigation.a(Black.o)
                                0x2a6 (size before relaxing)
 .debug_str     0x00001d44       0x5e .\CortexM3\ARM_GCC_541\Debug\Navigation.a(VDAC.o)
                                0x215 (size before relaxing)
 .debug_str     0x00001da2      0x179 .\CortexM3\ARM_GCC_541\Debug\Navigation.a(ServoPWM.o)
                                0x38a (size before relaxing)
 .debug_str     0x00001f1b       0xee .\CortexM3\ARM_GCC_541\Debug\Navigation.a(NewFrame.o)
                                0x2d0 (size before relaxing)
 .debug_str     0x00002009      0x1bb .\CortexM3\ARM_GCC_541\Debug\Navigation.a(CyFlash.o)
                                0x3c0 (size before relaxing)
 .debug_str     0x000021c4       0xac .\CortexM3\ARM_GCC_541\Debug\Navigation.a(CySpc.o)
                                0x338 (size before relaxing)

.debug_loc      0x00000000     0x24c4
 *(.debug_loc)
 .debug_loc     0x00000000       0x1e .\CortexM3\ARM_GCC_541\Debug\main.o
 .debug_loc     0x0000001e      0x25a .\CortexM3\ARM_GCC_541\Debug\cyfitter_cfg.o
 .debug_loc     0x00000278      0x144 .\CortexM3\ARM_GCC_541\Debug\Cm3Start.o
 .debug_loc     0x000003bc       0x56 .\CortexM3\ARM_GCC_541\Debug\Navigation.a(HE_Interrupt.o)
 .debug_loc     0x00000412      0x3c6 .\CortexM3\ARM_GCC_541\Debug\Navigation.a(LCD.o)
 .debug_loc     0x000007d8      0xa11 .\CortexM3\ARM_GCC_541\Debug\Navigation.a(CyLib.o)
 .debug_loc     0x000011e9      0x1e4 .\CortexM3\ARM_GCC_541\Debug\Navigation.a(cyPm.o)
 .debug_loc     0x000013cd       0x26 .\CortexM3\ARM_GCC_541\Debug\Navigation.a(PWM.o)
 .debug_loc     0x000013f3       0x31 .\CortexM3\ARM_GCC_541\Debug\Navigation.a(Timer.o)
 .debug_loc     0x00001424      0x258 .\CortexM3\ARM_GCC_541\Debug\Navigation.a(UART.o)
 .debug_loc     0x0000167c      0x128 .\CortexM3\ARM_GCC_541\Debug\Navigation.a(UART_IntClock.o)
 .debug_loc     0x000017a4       0xed .\CortexM3\ARM_GCC_541\Debug\Navigation.a(Comp.o)
 .debug_loc     0x00001891       0x31 .\CortexM3\ARM_GCC_541\Debug\Navigation.a(VideoTimer.o)
 .debug_loc     0x000018c2       0x56 .\CortexM3\ARM_GCC_541\Debug\Navigation.a(Black.o)
 .debug_loc     0x00001918       0x79 .\CortexM3\ARM_GCC_541\Debug\Navigation.a(VDAC.o)
 .debug_loc     0x00001991       0x26 .\CortexM3\ARM_GCC_541\Debug\Navigation.a(ServoPWM.o)
 .debug_loc     0x000019b7       0x56 .\CortexM3\ARM_GCC_541\Debug\Navigation.a(NewFrame.o)
 .debug_loc     0x00001a0d      0x3b2 .\CortexM3\ARM_GCC_541\Debug\Navigation.a(CyFlash.o)
 .debug_loc     0x00001dbf      0x705 .\CortexM3\ARM_GCC_541\Debug\Navigation.a(CySpc.o)

.debug_macinfo
 *(.debug_macinfo)

.debug_ranges   0x00000000      0xa88
 *(.debug_ranges)
 .debug_ranges  0x00000000       0x28 .\CortexM3\ARM_GCC_541\Debug\main.o
 .debug_ranges  0x00000028       0x48 .\CortexM3\ARM_GCC_541\Debug\cyfitter_cfg.o
 .debug_ranges  0x00000070       0x38 .\CortexM3\ARM_GCC_541\Debug\Cm3Start.o
 .debug_ranges  0x000000a8       0x70 .\CortexM3\ARM_GCC_541\Debug\Navigation.a(HE_Interrupt.o)
 .debug_ranges  0x00000118       0x88 .\CortexM3\ARM_GCC_541\Debug\Navigation.a(LCD.o)
 .debug_ranges  0x000001a0      0x290 .\CortexM3\ARM_GCC_541\Debug\Navigation.a(CyLib.o)
 .debug_ranges  0x00000430       0x88 .\CortexM3\ARM_GCC_541\Debug\Navigation.a(cyPm.o)
 .debug_ranges  0x000004b8       0x88 .\CortexM3\ARM_GCC_541\Debug\Navigation.a(PWM.o)
 .debug_ranges  0x00000540       0x88 .\CortexM3\ARM_GCC_541\Debug\Navigation.a(Timer.o)
 .debug_ranges  0x000005c8       0xe0 .\CortexM3\ARM_GCC_541\Debug\Navigation.a(UART.o)
 .debug_ranges  0x000006a8       0x60 .\CortexM3\ARM_GCC_541\Debug\Navigation.a(UART_IntClock.o)
 .debug_ranges  0x00000708       0x60 .\CortexM3\ARM_GCC_541\Debug\Navigation.a(Comp.o)
 .debug_ranges  0x00000768       0x88 .\CortexM3\ARM_GCC_541\Debug\Navigation.a(VideoTimer.o)
 .debug_ranges  0x000007f0       0x70 .\CortexM3\ARM_GCC_541\Debug\Navigation.a(Black.o)
 .debug_ranges  0x00000860       0x48 .\CortexM3\ARM_GCC_541\Debug\Navigation.a(VDAC.o)
 .debug_ranges  0x000008a8       0x88 .\CortexM3\ARM_GCC_541\Debug\Navigation.a(ServoPWM.o)
 .debug_ranges  0x00000930       0x70 .\CortexM3\ARM_GCC_541\Debug\Navigation.a(NewFrame.o)
 .debug_ranges  0x000009a0       0x78 .\CortexM3\ARM_GCC_541\Debug\Navigation.a(CyFlash.o)
 .debug_ranges  0x00000a18       0x70 .\CortexM3\ARM_GCC_541\Debug\Navigation.a(CySpc.o)

.comment        0x00000000       0x6e
 .comment       0x00000000       0x6e .\CortexM3\ARM_GCC_541\Debug\main.o
                                 0x6f (size before relaxing)
 .comment       0x0000006e       0x6f .\CortexM3\ARM_GCC_541\Debug\cyfitter_cfg.o
 .comment       0x0000006e       0x6f .\CortexM3\ARM_GCC_541\Debug\cymetadata.o
 .comment       0x0000006e       0x6f .\CortexM3\ARM_GCC_541\Debug\Cm3Start.o
 .comment       0x0000006e       0x6f .\CortexM3\ARM_GCC_541\Debug\Navigation.a(HE_Interrupt.o)
 .comment       0x0000006e       0x6f .\CortexM3\ARM_GCC_541\Debug\Navigation.a(LCD.o)
 .comment       0x0000006e       0x6f .\CortexM3\ARM_GCC_541\Debug\Navigation.a(CyLib.o)
 .comment       0x0000006e       0x6f .\CortexM3\ARM_GCC_541\Debug\Navigation.a(cyPm.o)
 .comment       0x0000006e       0x6f .\CortexM3\ARM_GCC_541\Debug\Navigation.a(PWM.o)
 .comment       0x0000006e       0x6f .\CortexM3\ARM_GCC_541\Debug\Navigation.a(Timer.o)
 .comment       0x0000006e       0x6f .\CortexM3\ARM_GCC_541\Debug\Navigation.a(UART.o)
 .comment       0x0000006e       0x6f .\CortexM3\ARM_GCC_541\Debug\Navigation.a(UART_IntClock.o)
 .comment       0x0000006e       0x6f .\CortexM3\ARM_GCC_541\Debug\Navigation.a(Comp.o)
 .comment       0x0000006e       0x6f .\CortexM3\ARM_GCC_541\Debug\Navigation.a(VideoTimer.o)
 .comment       0x0000006e       0x6f .\CortexM3\ARM_GCC_541\Debug\Navigation.a(Black.o)
 .comment       0x0000006e       0x6f .\CortexM3\ARM_GCC_541\Debug\Navigation.a(VDAC.o)
 .comment       0x0000006e       0x6f .\CortexM3\ARM_GCC_541\Debug\Navigation.a(ServoPWM.o)
 .comment       0x0000006e       0x6f .\CortexM3\ARM_GCC_541\Debug\Navigation.a(NewFrame.o)
 .comment       0x0000006e       0x6f .\CortexM3\ARM_GCC_541\Debug\Navigation.a(CyFlash.o)
 .comment       0x0000006e       0x6f .\CortexM3\ARM_GCC_541\Debug\Navigation.a(CySpc.o)

.debug_weaknames
 *(.debug_weaknames)

.debug_funcnames
 *(.debug_funcnames)

.debug_typenames
 *(.debug_typenames)

.debug_varnames
 *(.debug_varnames)

.note.gnu.arm.ident
 *(.note.gnu.arm.ident)

.ARM.attributes
                0x00000000       0x29
 *(.ARM.attributes)
 .ARM.attributes
                0x00000000       0x1d c:/program files (x86)/cypress/psoc creator/4.2/psoc creator/import/gnu/arm/5.4.1/bin/../lib/gcc/arm-none-eabi/5.4.1/armv7-m/crti.o
 .ARM.attributes
                0x0000001d       0x2d c:/program files (x86)/cypress/psoc creator/4.2/psoc creator/import/gnu/arm/5.4.1/bin/../lib/gcc/arm-none-eabi/5.4.1/armv7-m/crtbegin.o
 .ARM.attributes
                0x0000004a       0x1b c:/program files (x86)/cypress/psoc creator/4.2/psoc creator/import/gnu/arm/5.4.1/bin/../lib/gcc/arm-none-eabi/5.4.1/../../../../arm-none-eabi/lib/armv7-m/crt0.o
 .ARM.attributes
                0x00000065       0x33 .\CortexM3\ARM_GCC_541\Debug\main.o
 .ARM.attributes
                0x00000098       0x33 .\CortexM3\ARM_GCC_541\Debug\cyfitter_cfg.o
 .ARM.attributes
                0x000000cb       0x33 .\CortexM3\ARM_GCC_541\Debug\cymetadata.o
 .ARM.attributes
                0x000000fe       0x33 .\CortexM3\ARM_GCC_541\Debug\Cm3Start.o
 .ARM.attributes
                0x00000131       0x33 .\CortexM3\ARM_GCC_541\Debug\Navigation.a(HE_Interrupt.o)
 .ARM.attributes
                0x00000164       0x33 .\CortexM3\ARM_GCC_541\Debug\Navigation.a(LCD.o)
 .ARM.attributes
                0x00000197       0x33 .\CortexM3\ARM_GCC_541\Debug\Navigation.a(CyLib.o)
 .ARM.attributes
                0x000001ca       0x33 .\CortexM3\ARM_GCC_541\Debug\Navigation.a(cyPm.o)
 .ARM.attributes
                0x000001fd       0x33 .\CortexM3\ARM_GCC_541\Debug\Navigation.a(PWM.o)
 .ARM.attributes
                0x00000230       0x33 .\CortexM3\ARM_GCC_541\Debug\Navigation.a(Timer.o)
 .ARM.attributes
                0x00000263       0x33 .\CortexM3\ARM_GCC_541\Debug\Navigation.a(UART.o)
 .ARM.attributes
                0x00000296       0x33 .\CortexM3\ARM_GCC_541\Debug\Navigation.a(UART_IntClock.o)
 .ARM.attributes
                0x000002c9       0x33 .\CortexM3\ARM_GCC_541\Debug\Navigation.a(Comp.o)
 .ARM.attributes
                0x000002fc       0x33 .\CortexM3\ARM_GCC_541\Debug\Navigation.a(VideoTimer.o)
 .ARM.attributes
                0x0000032f       0x33 .\CortexM3\ARM_GCC_541\Debug\Navigation.a(Black.o)
 .ARM.attributes
                0x00000362       0x33 .\CortexM3\ARM_GCC_541\Debug\Navigation.a(VDAC.o)
 .ARM.attributes
                0x00000395       0x33 .\CortexM3\ARM_GCC_541\Debug\Navigation.a(ServoPWM.o)
 .ARM.attributes
                0x000003c8       0x33 .\CortexM3\ARM_GCC_541\Debug\Navigation.a(NewFrame.o)
 .ARM.attributes
                0x000003fb       0x21 .\CortexM3\ARM_GCC_541\Debug\Navigation.a(CyBootAsmGnu.o)
 .ARM.attributes
                0x0000041c       0x33 .\CortexM3\ARM_GCC_541\Debug\Navigation.a(CyFlash.o)
 .ARM.attributes
                0x0000044f       0x33 .\CortexM3\ARM_GCC_541\Debug\Navigation.a(CySpc.o)
 .ARM.attributes
                0x00000482       0x1d c:/program files (x86)/cypress/psoc creator/4.2/psoc creator/import/gnu/arm/5.4.1/bin/../lib/gcc/arm-none-eabi/5.4.1/armv7-m\libgcc.a(_arm_addsubdf3.o)
 .ARM.attributes
                0x0000049f       0x1d c:/program files (x86)/cypress/psoc creator/4.2/psoc creator/import/gnu/arm/5.4.1/bin/../lib/gcc/arm-none-eabi/5.4.1/armv7-m\libgcc.a(_arm_muldivdf3.o)
 .ARM.attributes
                0x000004bc       0x1d c:/program files (x86)/cypress/psoc creator/4.2/psoc creator/import/gnu/arm/5.4.1/bin/../lib/gcc/arm-none-eabi/5.4.1/armv7-m\libgcc.a(_arm_cmpdf2.o)
 .ARM.attributes
                0x000004d9       0x1d c:/program files (x86)/cypress/psoc creator/4.2/psoc creator/import/gnu/arm/5.4.1/bin/../lib/gcc/arm-none-eabi/5.4.1/armv7-m\libgcc.a(_arm_fixdfsi.o)
 .ARM.attributes
                0x000004f6       0x1d c:/program files (x86)/cypress/psoc creator/4.2/psoc creator/import/gnu/arm/5.4.1/bin/../lib/gcc/arm-none-eabi/5.4.1/armv7-m\libgcc.a(_arm_fixunsdfsi.o)
 .ARM.attributes
                0x00000513       0x2d c:/program files (x86)/cypress/psoc creator/4.2/psoc creator/import/gnu/arm/5.4.1/bin/../lib/gcc/arm-none-eabi/5.4.1/../../../../arm-none-eabi/lib/armv7-m\libg.a(lib_a-errno.o)
 .ARM.attributes
                0x00000540       0x2d c:/program files (x86)/cypress/psoc creator/4.2/psoc creator/import/gnu/arm/5.4.1/bin/../lib/gcc/arm-none-eabi/5.4.1/../../../../arm-none-eabi/lib/armv7-m\libg.a(lib_a-exit.o)
 .ARM.attributes
                0x0000056d       0x2d c:/program files (x86)/cypress/psoc creator/4.2/psoc creator/import/gnu/arm/5.4.1/bin/../lib/gcc/arm-none-eabi/5.4.1/../../../../arm-none-eabi/lib/armv7-m\libg.a(lib_a-impure.o)
 .ARM.attributes
                0x0000059a       0x2d c:/program files (x86)/cypress/psoc creator/4.2/psoc creator/import/gnu/arm/5.4.1/bin/../lib/gcc/arm-none-eabi/5.4.1/../../../../arm-none-eabi/lib/armv7-m\libg.a(lib_a-init.o)
 .ARM.attributes
                0x000005c7       0x1b c:/program files (x86)/cypress/psoc creator/4.2/psoc creator/import/gnu/arm/5.4.1/bin/../lib/gcc/arm-none-eabi/5.4.1/../../../../arm-none-eabi/lib/armv7-m\libg.a(lib_a-memcpy.o)
 .ARM.attributes
                0x000005e2       0x2d c:/program files (x86)/cypress/psoc creator/4.2/psoc creator/import/gnu/arm/5.4.1/bin/../lib/gcc/arm-none-eabi/5.4.1/../../../../arm-none-eabi/lib/armv7-m\libg.a(lib_a-memset.o)
 .ARM.attributes
                0x0000060f       0x2d c:/program files (x86)/cypress/psoc creator/4.2/psoc creator/import/gnu/arm/5.4.1/bin/../lib/gcc/arm-none-eabi/5.4.1/../../../../arm-none-eabi/lib/armv7-m\libg.a(lib_a-sprintf.o)
 .ARM.attributes
                0x0000063c       0x2d c:/program files (x86)/cypress/psoc creator/4.2/psoc creator/import/gnu/arm/5.4.1/bin/../lib/gcc/arm-none-eabi/5.4.1/../../../../arm-none-eabi/lib/armv7-m\libg.a(lib_a-svfprintf.o)
 .ARM.attributes
                0x00000669       0x2d c:/program files (x86)/cypress/psoc creator/4.2/psoc creator/import/gnu/arm/5.4.1/bin/../lib/gcc/arm-none-eabi/5.4.1/../../../../arm-none-eabi/lib/armv7-m\libg.a(lib_a-__call_atexit.o)
 .ARM.attributes
                0x00000696       0x2d c:/program files (x86)/cypress/psoc creator/4.2/psoc creator/import/gnu/arm/5.4.1/bin/../lib/gcc/arm-none-eabi/5.4.1/../../../../arm-none-eabi/lib/armv7-m\libg.a(lib_a-atexit.o)
 .ARM.attributes
                0x000006c3       0x2d c:/program files (x86)/cypress/psoc creator/4.2/psoc creator/import/gnu/arm/5.4.1/bin/../lib/gcc/arm-none-eabi/5.4.1/../../../../arm-none-eabi/lib/armv7-m\libg.a(lib_a-dtoa.o)
 .ARM.attributes
                0x000006f0       0x2d c:/program files (x86)/cypress/psoc creator/4.2/psoc creator/import/gnu/arm/5.4.1/bin/../lib/gcc/arm-none-eabi/5.4.1/../../../../arm-none-eabi/lib/armv7-m\libg.a(lib_a-fini.o)
 .ARM.attributes
                0x0000071d       0x2d c:/program files (x86)/cypress/psoc creator/4.2/psoc creator/import/gnu/arm/5.4.1/bin/../lib/gcc/arm-none-eabi/5.4.1/../../../../arm-none-eabi/lib/armv7-m\libg.a(lib_a-locale.o)
 .ARM.attributes
                0x0000074a       0x2d c:/program files (x86)/cypress/psoc creator/4.2/psoc creator/import/gnu/arm/5.4.1/bin/../lib/gcc/arm-none-eabi/5.4.1/../../../../arm-none-eabi/lib/armv7-m\libg.a(lib_a-mallocr.o)
 .ARM.attributes
                0x00000777       0x2d c:/program files (x86)/cypress/psoc creator/4.2/psoc creator/import/gnu/arm/5.4.1/bin/../lib/gcc/arm-none-eabi/5.4.1/../../../../arm-none-eabi/lib/armv7-m\libg.a(lib_a-memchr-stub.o)
 .ARM.attributes
                0x000007a4       0x2d c:/program files (x86)/cypress/psoc creator/4.2/psoc creator/import/gnu/arm/5.4.1/bin/../lib/gcc/arm-none-eabi/5.4.1/../../../../arm-none-eabi/lib/armv7-m\libg.a(lib_a-mlock.o)
 .ARM.attributes
                0x000007d1       0x2d c:/program files (x86)/cypress/psoc creator/4.2/psoc creator/import/gnu/arm/5.4.1/bin/../lib/gcc/arm-none-eabi/5.4.1/../../../../arm-none-eabi/lib/armv7-m\libg.a(lib_a-mprec.o)
 .ARM.attributes
                0x000007fe       0x2d c:/program files (x86)/cypress/psoc creator/4.2/psoc creator/import/gnu/arm/5.4.1/bin/../lib/gcc/arm-none-eabi/5.4.1/../../../../arm-none-eabi/lib/armv7-m\libg.a(lib_a-sbrkr.o)
 .ARM.attributes
                0x0000082b       0x1b c:/program files (x86)/cypress/psoc creator/4.2/psoc creator/import/gnu/arm/5.4.1/bin/../lib/gcc/arm-none-eabi/5.4.1/../../../../arm-none-eabi/lib/armv7-m\libg.a(lib_a-strcmp.o)
 .ARM.attributes
                0x00000846       0x2d c:/program files (x86)/cypress/psoc creator/4.2/psoc creator/import/gnu/arm/5.4.1/bin/../lib/gcc/arm-none-eabi/5.4.1/../../../../arm-none-eabi/lib/armv7-m\libg.a(lib_a-strlen-stub.o)
 .ARM.attributes
                0x00000873       0x2d c:/program files (x86)/cypress/psoc creator/4.2/psoc creator/import/gnu/arm/5.4.1/bin/../lib/gcc/arm-none-eabi/5.4.1/../../../../arm-none-eabi/lib/armv7-m\libg.a(lib_a-svfiprintf.o)
 .ARM.attributes
                0x000008a0       0x2d c:/program files (x86)/cypress/psoc creator/4.2/psoc creator/import/gnu/arm/5.4.1/bin/../lib/gcc/arm-none-eabi/5.4.1/../../../../arm-none-eabi/lib/armv7-m\libg.a(lib_a-__atexit.o)
 .ARM.attributes
                0x000008cd       0x2d c:/program files (x86)/cypress/psoc creator/4.2/psoc creator/import/gnu/arm/5.4.1/bin/../lib/gcc/arm-none-eabi/5.4.1/../../../../arm-none-eabi/lib/armv7-m\libg.a(lib_a-callocr.o)
 .ARM.attributes
                0x000008fa       0x2d c:/program files (x86)/cypress/psoc creator/4.2/psoc creator/import/gnu/arm/5.4.1/bin/../lib/gcc/arm-none-eabi/5.4.1/../../../../arm-none-eabi/lib/armv7-m\libg.a(lib_a-freer.o)
 .ARM.attributes
                0x00000927       0x2d c:/program files (x86)/cypress/psoc creator/4.2/psoc creator/import/gnu/arm/5.4.1/bin/../lib/gcc/arm-none-eabi/5.4.1/../../../../arm-none-eabi/lib/armv7-m\libg.a(lib_a-memmove.o)
 .ARM.attributes
                0x00000954       0x2d c:/program files (x86)/cypress/psoc creator/4.2/psoc creator/import/gnu/arm/5.4.1/bin/../lib/gcc/arm-none-eabi/5.4.1/../../../../arm-none-eabi/lib/armv7-m\libg.a(lib_a-reallocr.o)
 .ARM.attributes
                0x00000981       0x2d c:/program files (x86)/cypress/psoc creator/4.2/psoc creator/import/gnu/arm/5.4.1/bin/../lib/gcc/arm-none-eabi/5.4.1/../../../../arm-none-eabi/lib/armv7-m\libg.a(lib_a-reent.o)
 .ARM.attributes
                0x000009ae       0x1d c:/program files (x86)/cypress/psoc creator/4.2/psoc creator/import/gnu/arm/5.4.1/bin/../lib/gcc/arm-none-eabi/5.4.1/armv7-m\libgcc.a(_arm_unorddf2.o)
 .ARM.attributes
                0x000009cb       0x1d c:/program files (x86)/cypress/psoc creator/4.2/psoc creator/import/gnu/arm/5.4.1/bin/../lib/gcc/arm-none-eabi/5.4.1/armv7-m\libgcc.a(_aeabi_uldivmod.o)
 .ARM.attributes
                0x000009e8       0x2d c:/program files (x86)/cypress/psoc creator/4.2/psoc creator/import/gnu/arm/5.4.1/bin/../lib/gcc/arm-none-eabi/5.4.1/armv7-m\libgcc.a(_udivmoddi4.o)
 .ARM.attributes
                0x00000a15       0x1d c:/program files (x86)/cypress/psoc creator/4.2/psoc creator/import/gnu/arm/5.4.1/bin/../lib/gcc/arm-none-eabi/5.4.1/armv7-m\libgcc.a(_dvmd_tls.o)
 .ARM.attributes
                0x00000a32       0x2d c:/program files (x86)/cypress/psoc creator/4.2/psoc creator/import/gnu/arm/5.4.1/bin/../lib/gcc/arm-none-eabi/5.4.1/armv7-m/crtend.o
 .ARM.attributes
                0x00000a5f       0x1d c:/program files (x86)/cypress/psoc creator/4.2/psoc creator/import/gnu/arm/5.4.1/bin/../lib/gcc/arm-none-eabi/5.4.1/armv7-m/crtn.o

/DISCARD/
 *(.note.GNU-stack)
OUTPUT(C:\Users\Dhyan\Documents\PSoC Creator\navigation\Navigation.cydsn\CortexM3\ARM_GCC_541\Debug\Navigation.elf elf32-littlearm)
