Archive member included to satisfy reference by file (symbol)

.\CortexM3\ARM_GCC_541\Debug\Navigation.a(HE_Interrupt.o)
                              .\CortexM3\ARM_GCC_541\Debug\main.o (HE_Interrupt_SetVector)
.\CortexM3\ARM_GCC_541\Debug\Navigation.a(LCD.o)
                              .\CortexM3\ARM_GCC_541\Debug\main.o (LCD_PrintString)
.\CortexM3\ARM_GCC_541\Debug\Navigation.a(CyLib.o)
                              .\CortexM3\ARM_GCC_541\Debug\Cm3Start.o (CyHalt)
.\CortexM3\ARM_GCC_541\Debug\Navigation.a(cyPm.o)
                              .\CortexM3\ARM_GCC_541\Debug\Navigation.a(CyLib.o) (CyPmReadStatus)
.\CortexM3\ARM_GCC_541\Debug\Navigation.a(PWM.o)
                              .\CortexM3\ARM_GCC_541\Debug\main.o (PWM_Start)
.\CortexM3\ARM_GCC_541\Debug\Navigation.a(Timer.o)
                              .\CortexM3\ARM_GCC_541\Debug\main.o (Timer_Start)
.\CortexM3\ARM_GCC_541\Debug\Navigation.a(UART.o)
                              .\CortexM3\ARM_GCC_541\Debug\main.o (UART_Start)
.\CortexM3\ARM_GCC_541\Debug\Navigation.a(UART_IntClock.o)
                              .\CortexM3\ARM_GCC_541\Debug\Navigation.a(UART.o) (UART_IntClock_Start)
.\CortexM3\ARM_GCC_541\Debug\Navigation.a(Comp.o)
                              .\CortexM3\ARM_GCC_541\Debug\main.o (Comp_SetSpeed)
.\CortexM3\ARM_GCC_541\Debug\Navigation.a(VideoTimer.o)
                              .\CortexM3\ARM_GCC_541\Debug\main.o (VideoTimer_ReadCapture)
.\CortexM3\ARM_GCC_541\Debug\Navigation.a(Black.o)
                              .\CortexM3\ARM_GCC_541\Debug\main.o (Black_SetVector)
.\CortexM3\ARM_GCC_541\Debug\Navigation.a(VDAC.o)
                              .\CortexM3\ARM_GCC_541\Debug\main.o (VDAC_SetSpeed)
.\CortexM3\ARM_GCC_541\Debug\Navigation.a(CyBootAsmGnu.o)
                              .\CortexM3\ARM_GCC_541\Debug\cyfitter_cfg.o (CyDelayCycles)
.\CortexM3\ARM_GCC_541\Debug\Navigation.a(CyFlash.o)
                              .\CortexM3\ARM_GCC_541\Debug\Navigation.a(cyPm.o) (CyFlash_SetWaitCycles)
.\CortexM3\ARM_GCC_541\Debug\Navigation.a(CySpc.o)
                              .\CortexM3\ARM_GCC_541\Debug\Navigation.a(CyFlash.o) (CySpcStart)
c:/program files (x86)/cypress/psoc creator/4.2/psoc creator/import/gnu/arm/5.4.1/bin/../lib/gcc/arm-none-eabi/5.4.1/armv7-m\libgcc.a(_arm_addsubdf3.o)
                              .\CortexM3\ARM_GCC_541\Debug\main.o (__aeabi_dsub)
c:/program files (x86)/cypress/psoc creator/4.2/psoc creator/import/gnu/arm/5.4.1/bin/../lib/gcc/arm-none-eabi/5.4.1/armv7-m\libgcc.a(_arm_muldivdf3.o)
                              .\CortexM3\ARM_GCC_541\Debug\main.o (__aeabi_ddiv)
c:/program files (x86)/cypress/psoc creator/4.2/psoc creator/import/gnu/arm/5.4.1/bin/../lib/gcc/arm-none-eabi/5.4.1/armv7-m\libgcc.a(_arm_fixdfsi.o)
                              .\CortexM3\ARM_GCC_541\Debug\main.o (__aeabi_d2iz)
c:/program files (x86)/cypress/psoc creator/4.2/psoc creator/import/gnu/arm/5.4.1/bin/../lib/gcc/arm-none-eabi/5.4.1/../../../../arm-none-eabi/lib/armv7-m\libg.a(lib_a-errno.o)
                              .\CortexM3\ARM_GCC_541\Debug\Cm3Start.o (__errno)
c:/program files (x86)/cypress/psoc creator/4.2/psoc creator/import/gnu/arm/5.4.1/bin/../lib/gcc/arm-none-eabi/5.4.1/../../../../arm-none-eabi/lib/armv7-m\libg.a(lib_a-exit.o)
                              c:/program files (x86)/cypress/psoc creator/4.2/psoc creator/import/gnu/arm/5.4.1/bin/../lib/gcc/arm-none-eabi/5.4.1/../../../../arm-none-eabi/lib/armv7-m/crt0.o (exit)
c:/program files (x86)/cypress/psoc creator/4.2/psoc creator/import/gnu/arm/5.4.1/bin/../lib/gcc/arm-none-eabi/5.4.1/../../../../arm-none-eabi/lib/armv7-m\libg.a(lib_a-impure.o)
                              c:/program files (x86)/cypress/psoc creator/4.2/psoc creator/import/gnu/arm/5.4.1/bin/../lib/gcc/arm-none-eabi/5.4.1/../../../../arm-none-eabi/lib/armv7-m\libg.a(lib_a-exit.o) (_global_impure_ptr)
c:/program files (x86)/cypress/psoc creator/4.2/psoc creator/import/gnu/arm/5.4.1/bin/../lib/gcc/arm-none-eabi/5.4.1/../../../../arm-none-eabi/lib/armv7-m\libg.a(lib_a-init.o)
                              c:/program files (x86)/cypress/psoc creator/4.2/psoc creator/import/gnu/arm/5.4.1/bin/../lib/gcc/arm-none-eabi/5.4.1/../../../../arm-none-eabi/lib/armv7-m/crt0.o (__libc_init_array)
c:/program files (x86)/cypress/psoc creator/4.2/psoc creator/import/gnu/arm/5.4.1/bin/../lib/gcc/arm-none-eabi/5.4.1/../../../../arm-none-eabi/lib/armv7-m\libg.a(lib_a-memcpy.o)
                              .\CortexM3\ARM_GCC_541\Debug\cyfitter_cfg.o (memcpy)
c:/program files (x86)/cypress/psoc creator/4.2/psoc creator/import/gnu/arm/5.4.1/bin/../lib/gcc/arm-none-eabi/5.4.1/../../../../arm-none-eabi/lib/armv7-m\libg.a(lib_a-memset.o)
                              c:/program files (x86)/cypress/psoc creator/4.2/psoc creator/import/gnu/arm/5.4.1/bin/../lib/gcc/arm-none-eabi/5.4.1/../../../../arm-none-eabi/lib/armv7-m/crt0.o (memset)
[...]
Memory Configuration

Name             Origin             Length             Attributes
rom              0x00000000         0x00040000         xr
ram              0x1fff8000         0x00010000         xrw
*default*        0x00000000         0xffffffff

Linker script and memory map

LOAD c:/program files (x86)/cypress/psoc creator/4.2/psoc creator/import/gnu/arm/5.4.1/bin/../lib/gcc/arm-none-eabi/5.4.1/armv7-m/crti.o
LOAD c:/program files (x86)/cypress/psoc creator/4.2/psoc creator/import/gnu/arm/5.4.1/bin/../lib/gcc/arm-none-eabi/5.4.1/armv7-m/crtbegin.o
LOAD c:/program files (x86)/cypress/psoc creator/4.2/psoc creator/import/gnu/arm/5.4.1/bin/../lib/gcc/arm-none-eabi/5.4.1/../../../../arm-none-eabi/lib/armv7-m/crt0.o
START GROUP
LOAD .\CortexM3\ARM_GCC_541\Debug\main.o
LOAD .\CortexM3\ARM_GCC_541\Debug\cyfitter_cfg.o
LOAD .\CortexM3\ARM_GCC_541\Debug\cymetadata.o
LOAD .\CortexM3\ARM_GCC_541\Debug\Cm3Start.o
LOAD .\CortexM3\ARM_GCC_541\Debug\Navigation.a
LOAD C:\Program Files (x86)\Cypress\PSoC Creator\4.2\PSoC Creator\psoc\content\cycomponentlibrary\CyComponentLibrary.cylib\CortexM3\ARM_GCC_541\Debug\CyComponentLibrary.a
END GROUP
START GROUP
LOAD c:/program files (x86)/cypress/psoc creator/4.2/psoc creator/import/gnu/arm/5.4.1/bin/../lib/gcc/arm-none-eabi/5.4.1/armv7-m\libgcc.a
LOAD c:/program files (x86)/cypress/psoc creator/4.2/psoc creator/import/gnu/arm/5.4.1/bin/../lib/gcc/arm-none-eabi/5.4.1/../../../../arm-none-eabi/lib/armv7-m\libg.a
LOAD c:/program files (x86)/cypress/psoc creator/4.2/psoc creator/import/gnu/arm/5.4.1/bin/../lib/gcc/arm-none-eabi/5.4.1/../../../../arm-none-eabi/lib/armv7-m\libc.a
END GROUP
LOAD c:/program files (x86)/cypress/psoc creator/4.2/psoc creator/import/gnu/arm/5.4.1/bin/../lib/gcc/arm-none-eabi/5.4.1/armv7-m/crtend.o
LOAD c:/program files (x86)/cypress/psoc creator/4.2/psoc creator/import/gnu/arm/5.4.1/bin/../lib/gcc/arm-none-eabi/5.4.1/armv7-m/crtn.o
START GROUP
LOAD c:/program files (x86)/cypress/psoc creator/4.2/psoc creator/import/gnu/arm/5.4.1/bin/../lib/gcc/arm-none-eabi/5.4.1/armv7-m\libgcc.a
LOAD c:/program files (x86)/cypress/psoc creator/4.2/psoc creator/import/gnu/arm/5.4.1/bin/../lib/gcc/arm-none-eabi/5.4.1/../../../../arm-none-eabi/lib/armv7-m\libc.a
LOAD c:/program files (x86)/cypress/psoc creator/4.2/psoc creator/import/gnu/arm/5.4.1/bin/../lib/gcc/arm-none-eabi/5.4.1/../../../../arm-none-eabi/lib/armv7-m\libnosys.a
END GROUP
                0x00000000                CY_APPL_ORIGIN = 0x0
                0x00000100                CY_FLASH_ROW_SIZE = 0x100
                0x00000020                CY_ECC_ROW_SIZE = 0x20
                0x00000000                CY_EE_IN_BTLDR = 0x0
                0x00000000                CY_APPL_LOADABLE = 0x0
                0x00000800                CY_EE_SIZE = 0x800
                0x00000001                CY_APPL_NUM = 0x1
                0x00000001                CY_APPL_MAX = 0x1
                0x00000040                CY_METADATA_SIZE = 0x40
                0x00000000                CY_APPL_LOADABLE = 0x0
                0x00000000                CY_CHECKSUM_EXCLUDE_SIZE = ALIGN (0x0, CY_FLASH_ROW_SIZE)
                [!provide]                PROVIDE (__cy_heap_start, _end)
                0x00000001                PROVIDE (__cy_region_num, ((__cy_regions_end - __cy_regions) / 0x10))
                0x20008000                PROVIDE (__cy_stack, (ORIGIN (ram) + LENGTH (ram)))
                [!provide]                PROVIDE (__cy_heap_end, (__cy_stack - 0x800))

.cybootloader   0x00000000        0x0
 *(.cybootloader)
                0x00000000                appl1_start = CY_APPL_ORIGIN?CY_APPL_ORIGIN:ALIGN (CY_FLASH_ROW_SIZE)
                0x0001ff00                appl2_start = (appl1_start + ALIGN ((((LENGTH (rom) - appl1_start) - (0x2 * CY_FLASH_ROW_SIZE)) / 0x2), CY_FLASH_ROW_SIZE))
                0x00000000                appl_start = (CY_APPL_NUM == 0x1)?appl1_start:appl2_start
                0x00000000                ecc_offset = ((appl_start / CY_FLASH_ROW_SIZE) * CY_ECC_ROW_SIZE)
                0x00000000                ee_offset = (CY_APPL_LOADABLE && ! (CY_EE_IN_BTLDR))?((CY_EE_SIZE / CY_APPL_MAX) * (CY_APPL_NUM - 0x1)):0x0
                0x00000800                ee_size = (CY_APPL_LOADABLE && ! (CY_EE_IN_BTLDR))?(CY_EE_SIZE / CY_APPL_MAX):CY_EE_SIZE
                [!provide]                PROVIDE (CY_ECC_OFFSET, ecc_offset)

.text           0x00000000     0x586c
 CREATE_OBJECT_SYMBOLS
                0x00000000                PROVIDE (__cy_interrupt_vector, RomVectors)
 *(.romvectors)
 .romvectors    0x00000000       0x10 .\CortexM3\ARM_GCC_541\Debug\Cm3Start.o
                0x00000000                RomVectors
                0x00000001                ASSERT ((. != __cy_interrupt_vector), No interrupt vector)
                0x00000001                ASSERT (CY_APPL_ORIGIN?(SIZEOF (.cybootloader) <= CY_APPL_ORIGIN):0x1, Wrong image location)
                0x00000010                PROVIDE (__cy_reset, Reset)
 *(.text.Reset)
 .text.Reset    0x00000010       0x18 .\CortexM3\ARM_GCC_541\Debug\Cm3Start.o
                0x00000010                Reset
                0x00000001                ASSERT ((. != __cy_reset), No reset code)
 *(.dma_init)
                0x00000001                ASSERT ((((appl_start + .) <= 0x10000) || 0x1), DMA Init must be within the first 64k of flash)
 *(.text .text.* .gnu.linkonce.t.*)
 .text          0x00000028       0x5c c:/program files (x86)/cypress/psoc creator/4.2/psoc creator/import/gnu/arm/5.4.1/bin/../lib/gcc/arm-none-eabi/5.4.1/armv7-m/crtbegin.o
 .text.inter1   0x00000084        0xc .\CortexM3\ARM_GCC_541\Debug\main.o
                0x00000084                inter1
 .text.inter4   0x00000090        0xc .\CortexM3\ARM_GCC_541\Debug\main.o
                0x00000090                inter4
 .text.main     0x0000009c       0xe8 .\CortexM3\ARM_GCC_541\Debug\main.o
                0x0000009c                main
 .text.CyClockStartupError
                0x00000184        0x4 .\CortexM3\ARM_GCC_541\Debug\cyfitter_cfg.o
 .text.cfg_write_bytes32
                0x00000188       0x34 .\CortexM3\ARM_GCC_541\Debug\cyfitter_cfg.o
 .text.AnalogSetDefault
                0x000001bc       0x54 .\CortexM3\ARM_GCC_541\Debug\cyfitter_cfg.o
 .text.CYMEMZERO
                0x00000210        0xc .\CortexM3\ARM_GCC_541\Debug\cyfitter_cfg.o
 .text.ClockSetup
                0x0000021c       0xd0 .\CortexM3\ARM_GCC_541\Debug\cyfitter_cfg.o
 .text.CYCONFIGCPY
                0x000002ec        0x8 .\CortexM3\ARM_GCC_541\Debug\cyfitter_cfg.o
 .text.cyfitter_cfg
                0x000002f4      0x150 .\CortexM3\ARM_GCC_541\Debug\cyfitter_cfg.o
                0x000002f4                cyfitter_cfg
 .text.IntDefaultHandler
                0x00000444       0x10 .\CortexM3\ARM_GCC_541\Debug\Cm3Start.o
                0x00000444                IntDefaultHandler
 .text._sbrk    0x00000454       0x30 .\CortexM3\ARM_GCC_541\Debug\Cm3Start.o
                0x00000454                _sbrk
 .text.Start_c  0x00000484       0x4c .\CortexM3\ARM_GCC_541\Debug\Cm3Start.o
                0x00000484                Start_c
 .text.initialize_psoc
                0x000004d0       0x68 .\CortexM3\ARM_GCC_541\Debug\Cm3Start.o
                0x000004d0                initialize_psoc
 .text.HE_Interrupt_Interrupt
                0x00000538        0x4 .\CortexM3\ARM_GCC_541\Debug\Navigation.a(HE_Interrupt.o)
                0x00000538                HE_Interrupt_Interrupt
 .text.HE_Interrupt_SetVector
                0x0000053c        0xc .\CortexM3\ARM_GCC_541\Debug\Navigation.a(HE_Interrupt.o)
                0x0000053c                HE_Interrupt_SetVector
 .text.HE_Interrupt_SetPriority
                0x00000548       0x10 .\CortexM3\ARM_GCC_541\Debug\Navigation.a(HE_Interrupt.o)
                0x00000548                HE_Interrupt_SetPriority
 .text.HE_Interrupt_Enable
                0x00000558        0xc .\CortexM3\ARM_GCC_541\Debug\Navigation.a(HE_Interrupt.o)
                0x00000558                HE_Interrupt_Enable
 .text.HE_Interrupt_Disable
                0x00000564        0xc .\CortexM3\ARM_GCC_541\Debug\Navigation.a(HE_Interrupt.o)
                0x00000564                HE_Interrupt_Disable
 .text.HE_Interrupt_Start
                0x00000570       0x1c .\CortexM3\ARM_GCC_541\Debug\Navigation.a(HE_Interrupt.o)
                0x00000570                HE_Interrupt_Start
 .text.LCD_WrCntrlNib
                0x0000058c       0x34 .\CortexM3\ARM_GCC_541\Debug\Navigation.a(LCD.o)
 .text.LCD_WrDatNib
                0x000005c0       0x44 .\CortexM3\ARM_GCC_541\Debug\Navigation.a(LCD.o)
 .text.LCD_IsReady
                0x00000604       0xe4 .\CortexM3\ARM_GCC_541\Debug\Navigation.a(LCD.o)
                0x00000604                LCD_IsReady
 .text.LCD_WriteData
                0x000006e8       0x18 .\CortexM3\ARM_GCC_541\Debug\Navigation.a(LCD.o)
                0x000006e8                LCD_WriteData
 .text.LCD_PrintString
                0x00000700       0x1c .\CortexM3\ARM_GCC_541\Debug\Navigation.a(LCD.o)
                0x00000700                LCD_PrintString
 .text.LCD_WriteControl
                0x0000071c       0x18 .\CortexM3\ARM_GCC_541\Debug\Navigation.a(LCD.o)
                0x0000071c                LCD_WriteControl
 .text.LCD_Init
                0x00000734       0x6c .\CortexM3\ARM_GCC_541\Debug\Navigation.a(LCD.o)
                0x00000734                LCD_Init
 .text.LCD_Enable
                0x000007a0       0x14 .\CortexM3\ARM_GCC_541\Debug\Navigation.a(LCD.o)
                0x000007a0                LCD_Enable
 .text.LCD_Start
                0x000007b4       0x1c .\CortexM3\ARM_GCC_541\Debug\Navigation.a(LCD.o)
                0x000007b4                LCD_Start
 .text.CyDelay  0x000007d0       0x2c .\CortexM3\ARM_GCC_541\Debug\Navigation.a(CyLib.o)
                0x000007d0                CyDelay
 .text.CyDelayUs
                0x000007fc       0x14 .\CortexM3\ARM_GCC_541\Debug\Navigation.a(CyLib.o)
                0x000007fc                CyDelayUs
 .text.PWM_Enable
                0x00000810       0x10 .\CortexM3\ARM_GCC_541\Debug\Navigation.a(PWM.o)
                0x00000810                PWM_Enable
 .text.PWM_WriteCounter
                0x00000820        0xc .\CortexM3\ARM_GCC_541\Debug\Navigation.a(PWM.o)
                0x00000820                PWM_WriteCounter
 .text.PWM_WritePeriod
                0x0000082c        0xc .\CortexM3\ARM_GCC_541\Debug\Navigation.a(PWM.o)
                0x0000082c                PWM_WritePeriod
 .text.PWM_WriteCompare
                0x00000838        0xc .\CortexM3\ARM_GCC_541\Debug\Navigation.a(PWM.o)
                0x00000838                PWM_WriteCompare
 .text.PWM_SetInterruptMode
                0x00000844        0xc .\CortexM3\ARM_GCC_541\Debug\Navigation.a(PWM.o)
                0x00000844                PWM_SetInterruptMode
 .text.PWM_ReadStatusRegister
                0x00000850        0xc .\CortexM3\ARM_GCC_541\Debug\Navigation.a(PWM.o)
                0x00000850                PWM_ReadStatusRegister
 .text.PWM_ReadCapture
                0x0000085c        0xc .\CortexM3\ARM_GCC_541\Debug\Navigation.a(PWM.o)
                0x0000085c                PWM_ReadCapture
 .text.PWM_ClearFIFO
                0x00000868       0x14 .\CortexM3\ARM_GCC_541\Debug\Navigation.a(PWM.o)
                0x00000868                PWM_ClearFIFO
 .text.PWM_Init
                0x0000087c       0x50 .\CortexM3\ARM_GCC_541\Debug\Navigation.a(PWM.o)
                0x0000087c                PWM_Init
 .text.PWM_Start
                0x000008cc       0x1c .\CortexM3\ARM_GCC_541\Debug\Navigation.a(PWM.o)
                0x000008cc                PWM_Start
 .text.Timer_Enable
                0x000008e8       0x10 .\CortexM3\ARM_GCC_541\Debug\Navigation.a(Timer.o)
                0x000008e8                Timer_Enable
 .text.Timer_SetInterruptMode
                0x000008f8        0xc .\CortexM3\ARM_GCC_541\Debug\Navigation.a(Timer.o)
                0x000008f8                Timer_SetInterruptMode
 .text.Timer_ReadStatusRegister
                0x00000904        0xc .\CortexM3\ARM_GCC_541\Debug\Navigation.a(Timer.o)
                0x00000904                Timer_ReadStatusRegister
 .text.Timer_WritePeriod
                0x00000910        0xc .\CortexM3\ARM_GCC_541\Debug\Navigation.a(Timer.o)
                0x00000910                Timer_WritePeriod
 .text.Timer_ReadCapture
                0x0000091c        0xc .\CortexM3\ARM_GCC_541\Debug\Navigation.a(Timer.o)
                0x0000091c                Timer_ReadCapture
 .text.Timer_WriteCounter
                0x00000928        0xc .\CortexM3\ARM_GCC_541\Debug\Navigation.a(Timer.o)
                0x00000928                Timer_WriteCounter
 .text.Timer_SetInterruptCount
                0x00000934       0x1c .\CortexM3\ARM_GCC_541\Debug\Navigation.a(Timer.o)
                0x00000934                Timer_SetInterruptCount
 .text.Timer_ClearFIFO
                0x00000950       0x14 .\CortexM3\ARM_GCC_541\Debug\Navigation.a(Timer.o)
                0x00000950                Timer_ClearFIFO
 .text.Timer_Init
                0x00000964       0x3c .\CortexM3\ARM_GCC_541\Debug\Navigation.a(Timer.o)
                0x00000964                Timer_Init
 .text.Timer_Start
                0x000009a0       0x1c .\CortexM3\ARM_GCC_541\Debug\Navigation.a(Timer.o)
                0x000009a0                Timer_Start
 .text.UART_Init
                0x000009bc       0x24 .\CortexM3\ARM_GCC_541\Debug\Navigation.a(UART.o)
                0x000009bc                UART_Init
 .text.UART_Enable
                0x000009e0       0x38 .\CortexM3\ARM_GCC_541\Debug\Navigation.a(UART.o)
                0x000009e0                UART_Enable
 .text.UART_Start
                0x00000a18       0x1c .\CortexM3\ARM_GCC_541\Debug\Navigation.a(UART.o)
                0x00000a18                UART_Start
 .text.UART_IntClock_Start
                0x00000a34       0x1c .\CortexM3\ARM_GCC_541\Debug\Navigation.a(UART_IntClock.o)
                0x00000a34                UART_IntClock_Start
 .text.Comp_Enable
                0x00000a50       0x1c .\CortexM3\ARM_GCC_541\Debug\Navigation.a(Comp.o)
                0x00000a50                Comp_Enable
 .text.Comp_SetSpeed
                0x00000a6c       0x58 .\CortexM3\ARM_GCC_541\Debug\Navigation.a(Comp.o)
                0x00000a6c                Comp_SetSpeed
 .text.Comp_Init
                0x00000ac4       0x3c .\CortexM3\ARM_GCC_541\Debug\Navigation.a(Comp.o)
                0x00000ac4                Comp_Init
 .text.Comp_Start
                0x00000b00       0x1c .\CortexM3\ARM_GCC_541\Debug\Navigation.a(Comp.o)
                0x00000b00                Comp_Start
 .text.VideoTimer_Enable
                0x00000b1c       0x10 .\CortexM3\ARM_GCC_541\Debug\Navigation.a(VideoTimer.o)
                0x00000b1c                VideoTimer_Enable
 .text.VideoTimer_SetInterruptMode
                0x00000b2c        0xc .\CortexM3\ARM_GCC_541\Debug\Navigation.a(VideoTimer.o)
                0x00000b2c                VideoTimer_SetInterruptMode
 .text.VideoTimer_ReadStatusRegister
                0x00000b38        0xc .\CortexM3\ARM_GCC_541\Debug\Navigation.a(VideoTimer.o)
                0x00000b38                VideoTimer_ReadStatusRegister
 .text.VideoTimer_WritePeriod
                0x00000b44        0xc .\CortexM3\ARM_GCC_541\Debug\Navigation.a(VideoTimer.o)
                0x00000b44                VideoTimer_WritePeriod
 .text.VideoTimer_ReadCapture
                0x00000b50        0xc .\CortexM3\ARM_GCC_541\Debug\Navigation.a(VideoTimer.o)
                0x00000b50                VideoTimer_ReadCapture
 .text.VideoTimer_WriteCounter
                0x00000b5c        0xc .\CortexM3\ARM_GCC_541\Debug\Navigation.a(VideoTimer.o)
                0x00000b5c                VideoTimer_WriteCounter
 .text.VideoTimer_SetInterruptCount
                0x00000b68       0x1c .\CortexM3\ARM_GCC_541\Debug\Navigation.a(VideoTimer.o)
                0x00000b68                VideoTimer_SetInterruptCount
 .text.VideoTimer_ClearFIFO
                0x00000b84       0x14 .\CortexM3\ARM_GCC_541\Debug\Navigation.a(VideoTimer.o)
                0x00000b84                VideoTimer_ClearFIFO
 .text.VideoTimer_Init
                0x00000b98       0x3c .\CortexM3\ARM_GCC_541\Debug\Navigation.a(VideoTimer.o)
                0x00000b98                VideoTimer_Init
 .text.VideoTimer_Start
                0x00000bd4       0x1c .\CortexM3\ARM_GCC_541\Debug\Navigation.a(VideoTimer.o)
                0x00000bd4                VideoTimer_Start
 .text.Black_Interrupt
                0x00000bf0        0x4 .\CortexM3\ARM_GCC_541\Debug\Navigation.a(Black.o)
                0x00000bf0                Black_Interrupt
 .text.Black_SetVector
                0x00000bf4        0xc .\CortexM3\ARM_GCC_541\Debug\Navigation.a(Black.o)
                0x00000bf4                Black_SetVector
 .text.Black_SetPriority
                0x00000c00       0x10 .\CortexM3\ARM_GCC_541\Debug\Navigation.a(Black.o)
                0x00000c00                Black_SetPriority
 .text.Black_Enable
                0x00000c10        0xc .\CortexM3\ARM_GCC_541\Debug\Navigation.a(Black.o)
                0x00000c10                Black_Enable
 .text.Black_Disable
                0x00000c1c        0xc .\CortexM3\ARM_GCC_541\Debug\Navigation.a(Black.o)
                0x00000c1c                Black_Disable
 .text.Black_Start
                0x00000c28       0x1c .\CortexM3\ARM_GCC_541\Debug\Navigation.a(Black.o)
                0x00000c28                Black_Start
 .text.VDAC_Enable
                0x00000c44       0x1c .\CortexM3\ARM_GCC_541\Debug\Navigation.a(VDAC.o)
                0x00000c44                VDAC_Enable
 .text.VDAC_SetSpeed
                0x00000c60       0x1c .\CortexM3\ARM_GCC_541\Debug\Navigation.a(VDAC.o)
                0x00000c60                VDAC_SetSpeed
 .text.VDAC_SetValue
                0x00000c7c        0xc .\CortexM3\ARM_GCC_541\Debug\Navigation.a(VDAC.o)
                0x00000c7c                VDAC_SetValue
 .text.VDAC_DacTrim
                0x00000c88       0x24 .\CortexM3\ARM_GCC_541\Debug\Navigation.a(VDAC.o)
                0x00000c88                VDAC_DacTrim
 .text.VDAC_SetRange
                0x00000cac       0x20 .\CortexM3\ARM_GCC_541\Debug\Navigation.a(VDAC.o)
                0x00000cac                VDAC_SetRange
 .text.VDAC_Init
                0x00000ccc       0x20 .\CortexM3\ARM_GCC_541\Debug\Navigation.a(VDAC.o)
                0x00000ccc                VDAC_Init
 .text.VDAC_Start
                0x00000cec       0x24 .\CortexM3\ARM_GCC_541\Debug\Navigation.a(VDAC.o)
                0x00000cec                VDAC_Start
 .text          0x00000d10       0x20 .\CortexM3\ARM_GCC_541\Debug\Navigation.a(CyBootAsmGnu.o)
                0x00000d10                CyDelayCycles
                0x00000d20                CyEnterCriticalSection
                0x00000d28                CyExitCriticalSection
 .text          0x00000d30      0x370 c:/program files (x86)/cypress/psoc creator/4.2/psoc creator/import/gnu/arm/5.4.1/bin/../lib/gcc/arm-none-eabi/5.4.1/armv7-m\libgcc.a(_arm_addsubdf3.o)
                0x00000d30                __aeabi_drsub
                0x00000d38                __aeabi_dsub
                0x00000d38                __subdf3
                0x00000d3c                __aeabi_dadd
                0x00000d3c                __adddf3
                0x00000fb4                __floatunsidf
                0x00000fb4                __aeabi_ui2d
                0x00000fd4                __floatsidf
                0x00000fd4                __aeabi_i2d
                0x00000ff8                __aeabi_f2d
                0x00000ff8                __extendsfdf2
                0x00001034                __floatundidf
                0x00001034                __aeabi_ul2d
                0x00001044                __floatdidf
                0x00001044                __aeabi_l2d
 .text          0x000010a0      0x424 c:/program files (x86)/cypress/psoc creator/4.2/psoc creator/import/gnu/arm/5.4.1/bin/../lib/gcc/arm-none-eabi/5.4.1/armv7-m\libgcc.a(_arm_muldivdf3.o)
                0x000010a0                __aeabi_dmul
                0x000010a0                __muldf3
                0x000012f4                __divdf3
                0x000012f4                __aeabi_ddiv
 .text          0x000014c4       0x50 c:/program files (x86)/cypress/psoc creator/4.2/psoc creator/import/gnu/arm/5.4.1/bin/../lib/gcc/arm-none-eabi/5.4.1/armv7-m\libgcc.a(_arm_fixdfsi.o)
                0x000014c4                __aeabi_d2iz
                0x000014c4                __fixdfsi
 .text.__errno  0x00001514        0xc c:/program files (x86)/cypress/psoc creator/4.2/psoc creator/import/gnu/arm/5.4.1/bin/../lib/gcc/arm-none-eabi/5.4.1/../../../../arm-none-eabi/lib/armv7-m\libg.a(lib_a-errno.o)
                0x00001514                __errno
 .text.__libc_init_array
                0x00001520       0x50 c:/program files (x86)/cypress/psoc creator/4.2/psoc creator/import/gnu/arm/5.4.1/bin/../lib/gcc/arm-none-eabi/5.4.1/../../../../arm-none-eabi/lib/armv7-m\libg.a(lib_a-init.o)
                0x00001520                __libc_init_array
 .text          0x00001570       0xec c:/program files (x86)/cypress/psoc creator/4.2/psoc creator/import/gnu/arm/5.4.1/bin/../lib/gcc/arm-none-eabi/5.4.1/../../../../arm-none-eabi/lib/armv7-m\libg.a(lib_a-memcpy.o)
                0x00001570                memcpy
 .text.memset   0x0000165c       0x9c c:/program files (x86)/cypress/psoc creator/4.2/psoc creator/import/gnu/arm/5.4.1/bin/../lib/gcc/arm-none-eabi/5.4.1/../../../../arm-none-eabi/lib/armv7-m\libg.a(lib_a-memset.o)
                0x0000165c                memset
 .text.sprintf  0x000016f8       0x4c c:/program files (x86)/cypress/psoc creator/4.2/psoc creator/import/gnu/arm/5.4.1/bin/../lib/gcc/arm-none-eabi/5.4.1/../../../../arm-none-eabi/lib/armv7-m\libg.a(lib_a-sprintf.o)
                0x000016f8                sprintf
 .text._svfprintf_r
                0x00001744     0x175c c:/program files (x86)/cypress/psoc creator/4.2/psoc creator/import/gnu/arm/5.4.1/bin/../lib/gcc/arm-none-eabi/5.4.1/../../../../arm-none-eabi/lib/armv7-m\libg.a(lib_a-svfprintf.o)
                0x00001744                _svfprintf_r
 .text.startup.register_fini
                0x00002ea0       0x14 c:/program files (x86)/cypress/psoc creator/4.2/psoc creator/import/gnu/arm/5.4.1/bin/../lib/gcc/arm-none-eabi/5.4.1/../../../../arm-none-eabi/lib/armv7-m\libg.a(lib_a-__call_atexit.o)
 .text.atexit   0x00002eb4        0xc c:/program files (x86)/cypress/psoc creator/4.2/psoc creator/import/gnu/arm/5.4.1/bin/../lib/gcc/arm-none-eabi/5.4.1/../../../../arm-none-eabi/lib/armv7-m\libg.a(lib_a-atexit.o)
                0x00002eb4                atexit
 .text.quorem   0x00002ec0      0x12c c:/program files (x86)/cypress/psoc creator/4.2/psoc creator/import/gnu/arm/5.4.1/bin/../lib/gcc/arm-none-eabi/5.4.1/../../../../arm-none-eabi/lib/armv7-m\libg.a(lib_a-dtoa.o)
 *fill*         0x00002fec        0x4 
 .text._dtoa_r  0x00002ff0      0xe4c c:/program files (x86)/cypress/psoc creator/4.2/psoc creator/import/gnu/arm/5.4.1/bin/../lib/gcc/arm-none-eabi/5.4.1/../../../../arm-none-eabi/lib/armv7-m\libg.a(lib_a-dtoa.o)
                0x00002ff0                _dtoa_r
 .text.__libc_fini_array
                0x00003e3c       0x28 c:/program files (x86)/cypress/psoc creator/4.2/psoc creator/import/gnu/arm/5.4.1/bin/../lib/gcc/arm-none-eabi/5.4.1/../../../../arm-none-eabi/lib/armv7-m\libg.a(lib_a-fini.o)
                0x00003e3c                __libc_fini_array
 .text._localeconv_r
                0x00003e64        0x8 c:/program files (x86)/cypress/psoc creator/4.2/psoc creator/import/gnu/arm/5.4.1/bin/../lib/gcc/arm-none-eabi/5.4.1/../../../../arm-none-eabi/lib/armv7-m\libg.a(lib_a-locale.o)
                0x00003e64                _localeconv_r
 .text._malloc_r
                0x00003e6c      0x558 c:/program files (x86)/cypress/psoc creator/4.2/psoc creator/import/gnu/arm/5.4.1/bin/../lib/gcc/arm-none-eabi/5.4.1/../../../../arm-none-eabi/lib/armv7-m\libg.a(lib_a-mallocr.o)
                0x00003e6c                _malloc_r
 .text.memchr   0x000043c4       0x8c c:/program files (x86)/cypress/psoc creator/4.2/psoc creator/import/gnu/arm/5.4.1/bin/../lib/gcc/arm-none-eabi/5.4.1/../../../../arm-none-eabi/lib/armv7-m\libg.a(lib_a-memchr-stub.o)
                0x000043c4                memchr
 .text.__malloc_lock
                0x00004450        0x4 c:/program files (x86)/cypress/psoc creator/4.2/psoc creator/import/gnu/arm/5.4.1/bin/../lib/gcc/arm-none-eabi/5.4.1/../../../../arm-none-eabi/lib/armv7-m\libg.a(lib_a-mlock.o)
                0x00004450                __malloc_lock
 .text.__malloc_unlock
                0x00004454        0x4 c:/program files (x86)/cypress/psoc creator/4.2/psoc creator/import/gnu/arm/5.4.1/bin/../lib/gcc/arm-none-eabi/5.4.1/../../../../arm-none-eabi/lib/armv7-m\libg.a(lib_a-mlock.o)
                0x00004454                __malloc_unlock
 .text._Balloc  0x00004458       0x50 c:/program files (x86)/cypress/psoc creator/4.2/psoc creator/import/gnu/arm/5.4.1/bin/../lib/gcc/arm-none-eabi/5.4.1/../../../../arm-none-eabi/lib/armv7-m\libg.a(lib_a-mprec.o)
                0x00004458                _Balloc
 .text._Bfree   0x000044a8       0x14 c:/program files (x86)/cypress/psoc creator/4.2/psoc creator/import/gnu/arm/5.4.1/bin/../lib/gcc/arm-none-eabi/5.4.1/../../../../arm-none-eabi/lib/armv7-m\libg.a(lib_a-mprec.o)
                0x000044a8                _Bfree
 .text.__multadd
                0x000044bc       0x80 c:/program files (x86)/cypress/psoc creator/4.2/psoc creator/import/gnu/arm/5.4.1/bin/../lib/gcc/arm-none-eabi/5.4.1/../../../../arm-none-eabi/lib/armv7-m\libg.a(lib_a-mprec.o)
                0x000044bc                __multadd
 .text.__hi0bits
                0x0000453c       0x40 c:/program files (x86)/cypress/psoc creator/4.2/psoc creator/import/gnu/arm/5.4.1/bin/../lib/gcc/arm-none-eabi/5.4.1/../../../../arm-none-eabi/lib/armv7-m\libg.a(lib_a-mprec.o)
                0x0000453c                __hi0bits
 .text.__lo0bits
                0x0000457c       0x5c c:/program files (x86)/cypress/psoc creator/4.2/psoc creator/import/gnu/arm/5.4.1/bin/../lib/gcc/arm-none-eabi/5.4.1/../../../../arm-none-eabi/lib/armv7-m\libg.a(lib_a-mprec.o)
                0x0000457c                __lo0bits
 .text.__i2b    0x000045d8       0x14 c:/program files (x86)/cypress/psoc creator/4.2/psoc creator/import/gnu/arm/5.4.1/bin/../lib/gcc/arm-none-eabi/5.4.1/../../../../arm-none-eabi/lib/armv7-m\libg.a(lib_a-mprec.o)
                0x000045d8                __i2b
 .text.__multiply
                0x000045ec      0x13c c:/program files (x86)/cypress/psoc creator/4.2/psoc creator/import/gnu/arm/5.4.1/bin/../lib/gcc/arm-none-eabi/5.4.1/../../../../arm-none-eabi/lib/armv7-m\libg.a(lib_a-mprec.o)
                0x000045ec                __multiply
 .text.__pow5mult
                0x00004728       0xa0 c:/program files (x86)/cypress/psoc creator/4.2/psoc creator/import/gnu/arm/5.4.1/bin/../lib/gcc/arm-none-eabi/5.4.1/../../../../arm-none-eabi/lib/armv7-m\libg.a(lib_a-mprec.o)
                0x00004728                __pow5mult
 .text.__lshift
                0x000047c8       0xac c:/program files (x86)/cypress/psoc creator/4.2/psoc creator/import/gnu/arm/5.4.1/bin/../lib/gcc/arm-none-eabi/5.4.1/../../../../arm-none-eabi/lib/armv7-m\libg.a(lib_a-mprec.o)
                0x000047c8                __lshift
 .text.__mcmp   0x00004874       0x40 c:/program files (x86)/cypress/psoc creator/4.2/psoc creator/import/gnu/arm/5.4.1/bin/../lib/gcc/arm-none-eabi/5.4.1/../../../../arm-none-eabi/lib/armv7-m\libg.a(lib_a-mprec.o)
                0x00004874                __mcmp
 .text.__mdiff  0x000048b4      0x128 c:/program files (x86)/cypress/psoc creator/4.2/psoc creator/import/gnu/arm/5.4.1/bin/../lib/gcc/arm-none-eabi/5.4.1/../../../../arm-none-eabi/lib/armv7-m\libg.a(lib_a-mprec.o)
                0x000048b4                __mdiff
 .text.__d2b    0x000049dc       0xa8 c:/program files (x86)/cypress/psoc creator/4.2/psoc creator/import/gnu/arm/5.4.1/bin/../lib/gcc/arm-none-eabi/5.4.1/../../../../arm-none-eabi/lib/armv7-m\libg.a(lib_a-mprec.o)
                0x000049dc                __d2b
 .text._sbrk_r  0x00004a84       0x24 c:/program files (x86)/cypress/psoc creator/4.2/psoc creator/import/gnu/arm/5.4.1/bin/../lib/gcc/arm-none-eabi/5.4.1/../../../../arm-none-eabi/lib/armv7-m\libg.a(lib_a-sbrkr.o)
                0x00004a84                _sbrk_r
 .text.strlen   0x00004aa8       0x5c c:/program files (x86)/cypress/psoc creator/4.2/psoc creator/import/gnu/arm/5.4.1/bin/../lib/gcc/arm-none-eabi/5.4.1/../../../../arm-none-eabi/lib/armv7-m\libg.a(lib_a-strlen-stub.o)
                0x00004aa8                strlen
 .text.__ssprint_r
                0x00004b04      0x100 c:/program files (x86)/cypress/psoc creator/4.2/psoc creator/import/gnu/arm/5.4.1/bin/../lib/gcc/arm-none-eabi/5.4.1/../../../../arm-none-eabi/lib/armv7-m\libg.a(lib_a-svfiprintf.o)
                0x00004b04                __ssprint_r
 .text.__register_exitproc
                0x00004c04       0xa4 c:/program files (x86)/cypress/psoc creator/4.2/psoc creator/import/gnu/arm/5.4.1/bin/../lib/gcc/arm-none-eabi/5.4.1/../../../../arm-none-eabi/lib/armv7-m\libg.a(lib_a-__atexit.o)
                0x00004c04                __register_exitproc
 .text._calloc_r
                0x00004ca8       0x60 c:/program files (x86)/cypress/psoc creator/4.2/psoc creator/import/gnu/arm/5.4.1/bin/../lib/gcc/arm-none-eabi/5.4.1/../../../../arm-none-eabi/lib/armv7-m\libg.a(lib_a-callocr.o)
                0x00004ca8                _calloc_r
 .text._malloc_trim_r
                0x00004d08       0x9c c:/program files (x86)/cypress/psoc creator/4.2/psoc creator/import/gnu/arm/5.4.1/bin/../lib/gcc/arm-none-eabi/5.4.1/../../../../arm-none-eabi/lib/armv7-m\libg.a(lib_a-freer.o)
                0x00004d08                _malloc_trim_r
 .text._free_r  0x00004da4      0x1d0 c:/program files (x86)/cypress/psoc creator/4.2/psoc creator/import/gnu/arm/5.4.1/bin/../lib/gcc/arm-none-eabi/5.4.1/../../../../arm-none-eabi/lib/armv7-m\libg.a(lib_a-freer.o)
                0x00004da4                _free_r
 .text.memmove  0x00004f74       0xc8 c:/program files (x86)/cypress/psoc creator/4.2/psoc creator/import/gnu/arm/5.4.1/bin/../lib/gcc/arm-none-eabi/5.4.1/../../../../arm-none-eabi/lib/armv7-m\libg.a(lib_a-memmove.o)
                0x00004f74                memmove
 .text._realloc_r
                0x0000503c      0x3d4 c:/program files (x86)/cypress/psoc creator/4.2/psoc creator/import/gnu/arm/5.4.1/bin/../lib/gcc/arm-none-eabi/5.4.1/../../../../arm-none-eabi/lib/armv7-m\libg.a(lib_a-reallocr.o)
                0x0000503c                _realloc_r
 .text          0x00005410      0x110 c:/program files (x86)/cypress/psoc creator/4.2/psoc creator/import/gnu/arm/5.4.1/bin/../lib/gcc/arm-none-eabi/5.4.1/armv7-m\libgcc.a(_arm_cmpdf2.o)
                0x00005410                __gtdf2
                0x00005410                __gedf2
                0x00005418                __ltdf2
                0x00005418                __ledf2
                0x00005420                __nedf2
                0x00005420                __eqdf2
                0x00005420                __cmpdf2
                0x0000549c                __aeabi_cdrcmple
                0x000054ac                __aeabi_cdcmpeq
                0x000054ac                __aeabi_cdcmple
                0x000054bc                __aeabi_dcmpeq
                0x000054d0                __aeabi_dcmplt
                0x000054e4                __aeabi_dcmple
                0x000054f8                __aeabi_dcmpge
                0x0000550c                __aeabi_dcmpgt
 .text          0x00005520       0x2c c:/program files (x86)/cypress/psoc creator/4.2/psoc creator/import/gnu/arm/5.4.1/bin/../lib/gcc/arm-none-eabi/5.4.1/armv7-m\libgcc.a(_arm_unorddf2.o)
                0x00005520                __unorddf2
                0x00005520                __aeabi_dcmpun
 .text          0x0000554c       0x30 c:/program files (x86)/cypress/psoc creator/4.2/psoc creator/import/gnu/arm/5.4.1/bin/../lib/gcc/arm-none-eabi/5.4.1/armv7-m\libgcc.a(_aeabi_uldivmod.o)
                0x0000554c                __aeabi_uldivmod
 .text          0x0000557c      0x2ec c:/program files (x86)/cypress/psoc creator/4.2/psoc creator/import/gnu/arm/5.4.1/bin/../lib/gcc/arm-none-eabi/5.4.1/armv7-m\libgcc.a(_udivmoddi4.o)
                0x0000557c                __udivmoddi4
 .text          0x00005868        0x4 c:/program files (x86)/cypress/psoc creator/4.2/psoc creator/import/gnu/arm/5.4.1/bin/../lib/gcc/arm-none-eabi/5.4.1/armv7-m\libgcc.a(_dvmd_tls.o)
                0x00005868                __aeabi_idiv0
                0x00005868                __aeabi_ldiv0
 *(.plt)
 *(.gnu.warning)
 *(.glue_7t)
 .glue_7t       0x0000586c        0x0 linker stubs
 *(.glue_7)
 .glue_7        0x0000586c        0x0 linker stubs
 *(.vfp11_veneer)
 .vfp11_veneer  0x0000586c        0x0 linker stubs
 *(.bootloader)
 *(.ARM.extab* .gnu.linkonce.armextab.*)
 *(.gcc_except_table)

.v4_bx          0x0000586c        0x0
 .v4_bx         0x0000586c        0x0 linker stubs

.iplt           0x0000586c        0x0
 .iplt          0x0000586c        0x0 c:/program files (x86)/cypress/psoc creator/4.2/psoc creator/import/gnu/arm/5.4.1/bin/../lib/gcc/arm-none-eabi/5.4.1/armv7-m/crtbegin.o

.eh_frame_hdr
 *(.eh_frame_hdr)

.eh_frame       0x0000586c        0x4
 *(.eh_frame)
 .eh_frame      0x0000586c        0x0 c:/program files (x86)/cypress/psoc creator/4.2/psoc creator/import/gnu/arm/5.4.1/bin/../lib/gcc/arm-none-eabi/5.4.1/armv7-m/crtbegin.o
 .eh_frame      0x0000586c        0x4 c:/program files (x86)/cypress/psoc creator/4.2/psoc creator/import/gnu/arm/5.4.1/bin/../lib/gcc/arm-none-eabi/5.4.1/armv7-m/crtend.o
                [!provide]                PROVIDE (__exidx_start, .)

.ARM.exidx      0x00005870        0x8
 *(.ARM.exidx* .gnu.linkonce.armexidx.*)
 .ARM.exidx     0x00005870        0x8 c:/program files (x86)/cypress/psoc creator/4.2/psoc creator/import/gnu/arm/5.4.1/bin/../lib/gcc/arm-none-eabi/5.4.1/armv7-m\libgcc.a(_udivmoddi4.o)
                0x00005878                __exidx_end = .

.rodata         0x00005878      0x200
 *(.rodata .rodata.* .gnu.linkonce.r.*)
 .rodata.str1.4
                0x00005878        0xe .\CortexM3\ARM_GCC_541\Debug\main.o
 *fill*         0x00005886        0x2 
 .rodata        0x00005888       0x2a .\CortexM3\ARM_GCC_541\Debug\cyfitter_cfg.o
 *fill*         0x000058b2        0x2 
 .rodata.str1.4
                0x000058b4        0x2 c:/program files (x86)/cypress/psoc creator/4.2/psoc creator/import/gnu/arm/5.4.1/bin/../lib/gcc/arm-none-eabi/5.4.1/../../../../arm-none-eabi/lib/armv7-m\libg.a(lib_a-impure.o)
 *fill*         0x000058b6        0x2 
 .rodata._global_impure_ptr
                0x000058b8        0x4 c:/program files (x86)/cypress/psoc creator/4.2/psoc creator/import/gnu/arm/5.4.1/bin/../lib/gcc/arm-none-eabi/5.4.1/../../../../arm-none-eabi/lib/armv7-m\libg.a(lib_a-impure.o)
                0x000058b8                _global_impure_ptr
 .rodata.blanks.7055
                0x000058bc       0x10 c:/program files (x86)/cypress/psoc creator/4.2/psoc creator/import/gnu/arm/5.4.1/bin/../lib/gcc/arm-none-eabi/5.4.1/../../../../arm-none-eabi/lib/armv7-m\libg.a(lib_a-svfprintf.o)
 .rodata.str1.4
                0x000058cc       0x42 c:/program files (x86)/cypress/psoc creator/4.2/psoc creator/import/gnu/arm/5.4.1/bin/../lib/gcc/arm-none-eabi/5.4.1/../../../../arm-none-eabi/lib/armv7-m\libg.a(lib_a-svfprintf.o)
 *fill*         0x0000590e        0x2 
 .rodata.zeroes.7056
                0x00005910       0x10 c:/program files (x86)/cypress/psoc creator/4.2/psoc creator/import/gnu/arm/5.4.1/bin/../lib/gcc/arm-none-eabi/5.4.1/../../../../arm-none-eabi/lib/armv7-m\libg.a(lib_a-svfprintf.o)
 .rodata.str1.4
                0x00005920       0x10 c:/program files (x86)/cypress/psoc creator/4.2/psoc creator/import/gnu/arm/5.4.1/bin/../lib/gcc/arm-none-eabi/5.4.1/../../../../arm-none-eabi/lib/armv7-m\libg.a(lib_a-dtoa.o)
                                 0x12 (size before relaxing)
 .rodata.str1.4
                0x00005930        0xc c:/program files (x86)/cypress/psoc creator/4.2/psoc creator/import/gnu/arm/5.4.1/bin/../lib/gcc/arm-none-eabi/5.4.1/../../../../arm-none-eabi/lib/armv7-m\libg.a(lib_a-locale.o)
                                 0x12 (size before relaxing)
 *fill*         0x0000593c        0x4 
 .rodata.__mprec_tens
                0x00005940       0xc8 c:/program files (x86)/cypress/psoc creator/4.2/psoc creator/import/gnu/arm/5.4.1/bin/../lib/gcc/arm-none-eabi/5.4.1/../../../../arm-none-eabi/lib/armv7-m\libg.a(lib_a-mprec.o)
                0x00005940                __mprec_tens
 .rodata.__mprec_bigtens
                0x00005a08       0x28 c:/program files (x86)/cypress/psoc creator/4.2/psoc creator/import/gnu/arm/5.4.1/bin/../lib/gcc/arm-none-eabi/5.4.1/../../../../arm-none-eabi/lib/armv7-m\libg.a(lib_a-mprec.o)
                0x00005a08                __mprec_bigtens
 .rodata.p05.5396
                0x00005a30        0xc c:/program files (x86)/cypress/psoc creator/4.2/psoc creator/import/gnu/arm/5.4.1/bin/../lib/gcc/arm-none-eabi/5.4.1/../../../../arm-none-eabi/lib/armv7-m\libg.a(lib_a-mprec.o)
                0x00005a3c                . = ALIGN (0x4)
 *(.init)
 .init          0x00005a3c        0x4 c:/program files (x86)/cypress/psoc creator/4.2/psoc creator/import/gnu/arm/5.4.1/bin/../lib/gcc/arm-none-eabi/5.4.1/armv7-m/crti.o
                0x00005a3c                _init
 .init          0x00005a40        0x8 c:/program files (x86)/cypress/psoc creator/4.2/psoc creator/import/gnu/arm/5.4.1/bin/../lib/gcc/arm-none-eabi/5.4.1/armv7-m/crtn.o
                0x00005a48                . = ALIGN (0x4)
                0x00005a48                __preinit_array_start = .
 *(.preinit_array)
                0x00005a48                __preinit_array_end = .
                0x00005a48                . = ALIGN (0x4)
                0x00005a48                __init_array_start = .
 *(SORT(.init_array.*))
 .init_array.00000
                0x00005a48        0x4 c:/program files (x86)/cypress/psoc creator/4.2/psoc creator/import/gnu/arm/5.4.1/bin/../lib/gcc/arm-none-eabi/5.4.1/../../../../arm-none-eabi/lib/armv7-m\libg.a(lib_a-__call_atexit.o)
 *(.init_array)
 .init_array    0x00005a4c        0x4 c:/program files (x86)/cypress/psoc creator/4.2/psoc creator/import/gnu/arm/5.4.1/bin/../lib/gcc/arm-none-eabi/5.4.1/armv7-m/crtbegin.o
 .init_array    0x00005a50        0x4 .\CortexM3\ARM_GCC_541\Debug\Cm3Start.o
                0x00005a54                __init_array_end = .
                0x00005a54                . = ALIGN (0x4)
 *(.fini)
 .fini          0x00005a54        0x4 c:/program files (x86)/cypress/psoc creator/4.2/psoc creator/import/gnu/arm/5.4.1/bin/../lib/gcc/arm-none-eabi/5.4.1/armv7-m/crti.o
                0x00005a54                _fini
 .fini          0x00005a58        0x8 c:/program files (x86)/cypress/psoc creator/4.2/psoc creator/import/gnu/arm/5.4.1/bin/../lib/gcc/arm-none-eabi/5.4.1/armv7-m/crtn.o
                0x00005a60                . = ALIGN (0x4)
                0x00005a60                __fini_array_start = .
 *(.fini_array)
 .fini_array    0x00005a60        0x4 c:/program files (x86)/cypress/psoc creator/4.2/psoc creator/import/gnu/arm/5.4.1/bin/../lib/gcc/arm-none-eabi/5.4.1/armv7-m/crtbegin.o
 *(SORT(.fini_array.*))
                0x00005a64                __fini_array_end = .
                0x00005a64                . = ALIGN (0x4)
 *crtbegin.o(.ctors)
 *(EXCLUDE_FILE(*crtend.o) .ctors)
 *(SORT(.ctors.*))
 *crtend.o(.ctors)
                0x00005a64                . = ALIGN (0x4)
 *crtbegin.o(.dtors)
 *(EXCLUDE_FILE(*crtend.o) .dtors)
 *(SORT(.dtors.*))
 *crtend.o(.dtors)
                0x00005a64                . = ALIGN (0x4)
                0x00005a64                __cy_regions = .
                0x00005a64        0x4 LONG 0x5a78 __cy_region_init_ram
                0x00005a68        0x4 LONG 0x1fff80c8 __cy_region_start_data
                0x00005a6c        0x4 LONG 0x908 __cy_region_init_size_ram
                0x00005a70        0x4 LONG 0x178 __cy_region_zero_size_ram
                0x00005a74                __cy_regions_end = .
                0x00005a78                . = ALIGN (0x8)
 *fill*         0x00005a74        0x4 
                0x00005a78                _etext = .

.cy_checksum_exclude
                0x00005a78        0x0
 *(.cy_checksum_exclude)

.ramvectors     0x1fff8000       0xc0
                0x1fff8000                __cy_region_start_ram = .
 *(.ramvectors)
 .ramvectors    0x1fff8000       0xc0 .\CortexM3\ARM_GCC_541\Debug\Cm3Start.o
                0x1fff8000                CyRamVectors

.noinit         0x1fff80c0        0x1
 *(.noinit)
 .noinit        0x1fff80c0        0x1 .\CortexM3\ARM_GCC_541\Debug\Navigation.a(CyLib.o)
                0x1fff80c0                CyResetStatus

.data           0x1fff80c8      0x908 load address 0x00005a78
                0x1fff80c8                __cy_region_start_data = .
 *(.jcr)
 .jcr           0x1fff80c8        0x0 c:/program files (x86)/cypress/psoc creator/4.2/psoc creator/import/gnu/arm/5.4.1/bin/../lib/gcc/arm-none-eabi/5.4.1/armv7-m/crtbegin.o
 .jcr           0x1fff80c8        0x4 c:/program files (x86)/cypress/psoc creator/4.2/psoc creator/import/gnu/arm/5.4.1/bin/../lib/gcc/arm-none-eabi/5.4.1/armv7-m/crtend.o
 *(.got.plt)
 *(.got)
 *(.shdata)
 *(.data .data.* .gnu.linkonce.d.*)
 *fill*         0x1fff80cc        0x4 
 .data          0x1fff80d0       0x70 .\CortexM3\ARM_GCC_541\Debug\main.o
                0x1fff80d0                LPF
                0x1fff80d4                FPS
                0x1fff80d8                COUNTDOWN
                0x1fff80e0                XSHSync
                0x1fff80e4                OEFREQ
                0x1fff80e8                VFREQ
                0x1fff80ec                PICHEIGHT
                0x1fff80f0                PICWIDTH
                0x1fff80f8                oldError
                0x1fff8100                KD
                0x1fff8108                KI
                0x1fff8110                KP
                0x1fff8118                setSpeed
                0x1fff8120                TICKCUTOFF
                0x1fff8124                ON
                0x1fff8128                FREQ
                0x1fff8130                LENGTH
                0x1fff8138                PI
 .data          0x1fff8140        0x4 .\CortexM3\ARM_GCC_541\Debug\Cm3Start.o
 .data          0x1fff8144       0x10 .\CortexM3\ARM_GCC_541\Debug\Navigation.a(CyLib.o)
                0x1fff8144                cydelay_32k_ms
                0x1fff8148                cydelay_freq_khz
                0x1fff814c                cydelay_freq_mhz
                0x1fff8150                cydelay_freq_hz
 *fill*         0x1fff8154        0x4 
 .data.impure_data
                0x1fff8158      0x428 c:/program files (x86)/cypress/psoc creator/4.2/psoc creator/import/gnu/arm/5.4.1/bin/../lib/gcc/arm-none-eabi/5.4.1/../../../../arm-none-eabi/lib/armv7-m\libg.a(lib_a-impure.o)
 .data._impure_ptr
                0x1fff8580        0x4 c:/program files (x86)/cypress/psoc creator/4.2/psoc creator/import/gnu/arm/5.4.1/bin/../lib/gcc/arm-none-eabi/5.4.1/../../../../arm-none-eabi/lib/armv7-m\libg.a(lib_a-impure.o)
                0x1fff8580                _impure_ptr
 .data.lconv    0x1fff8584       0x38 c:/program files (x86)/cypress/psoc creator/4.2/psoc creator/import/gnu/arm/5.4.1/bin/../lib/gcc/arm-none-eabi/5.4.1/../../../../arm-none-eabi/lib/armv7-m\libg.a(lib_a-locale.o)
 .data.__malloc_av_
                0x1fff85bc      0x408 c:/program files (x86)/cypress/psoc creator/4.2/psoc creator/import/gnu/arm/5.4.1/bin/../lib/gcc/arm-none-eabi/5.4.1/../../../../arm-none-eabi/lib/armv7-m\libg.a(lib_a-mallocr.o)
                0x1fff85bc                __malloc_av_
 .data.__malloc_trim_threshold
                0x1fff89c4        0x4 c:/program files (x86)/cypress/psoc creator/4.2/psoc creator/import/gnu/arm/5.4.1/bin/../lib/gcc/arm-none-eabi/5.4.1/../../../../arm-none-eabi/lib/armv7-m\libg.a(lib_a-mallocr.o)
                0x1fff89c4                __malloc_trim_threshold
 .data.__malloc_sbrk_base
                0x1fff89c8        0x4 c:/program files (x86)/cypress/psoc creator/4.2/psoc creator/import/gnu/arm/5.4.1/bin/../lib/gcc/arm-none-eabi/5.4.1/../../../../arm-none-eabi/lib/armv7-m\libg.a(lib_a-mallocr.o)
                0x1fff89c8                __malloc_sbrk_base
                0x1fff89d0                . = ALIGN (0x8)
 *fill*         0x1fff89cc        0x4 
 *(.ram)
                0x1fff89d0                _edata = .

.igot.plt       0x1fff89d0        0x0 load address 0x00006380
 .igot.plt      0x1fff89d0        0x0 c:/program files (x86)/cypress/psoc creator/4.2/psoc creator/import/gnu/arm/5.4.1/bin/../lib/gcc/arm-none-eabi/5.4.1/armv7-m/crtbegin.o

.bss            0x1fff89d0      0x178 load address 0x00006380
                0x1fff89d0                PROVIDE (__bss_start__, .)
 *(.shbss)
 *(.bss .bss.* .gnu.linkonce.b.*)
 .bss           0x1fff89d0       0x1c c:/program files (x86)/cypress/psoc creator/4.2/psoc creator/import/gnu/arm/5.4.1/bin/../lib/gcc/arm-none-eabi/5.4.1/armv7-m/crtbegin.o
 *fill*         0x1fff89ec        0x4 
 .bss           0x1fff89f0       0x34 .\CortexM3\ARM_GCC_541\Debug\main.o
                0x1fff89f0                hallFlag
                0x1fff89f4                blackFlag
                0x1fff89f8                newFrameFlag
                0x1fff8a00                sum
                0x1fff8a08                currentTime
                0x1fff8a0c                oldTime
                0x1fff8a10                OFF
                0x1fff8a18                time
                0x1fff8a20                ticks
 .bss           0x1fff8a24        0x2 .\CortexM3\ARM_GCC_541\Debug\Navigation.a(LCD.o)
                0x1fff8a24                LCD_enableState
                0x1fff8a25                LCD_initVar
 .bss           0x1fff8a26        0x1 .\CortexM3\ARM_GCC_541\Debug\Navigation.a(PWM.o)
                0x1fff8a26                PWM_initVar
 .bss           0x1fff8a27        0x1 .\CortexM3\ARM_GCC_541\Debug\Navigation.a(Timer.o)
                0x1fff8a27                Timer_initVar
 .bss           0x1fff8a28        0x2 .\CortexM3\ARM_GCC_541\Debug\Navigation.a(UART.o)
                0x1fff8a28                UART_initVar
 .bss           0x1fff8a2a        0x1 .\CortexM3\ARM_GCC_541\Debug\Navigation.a(Comp.o)
                0x1fff8a2a                Comp_initVar
 .bss           0x1fff8a2b        0x1 .\CortexM3\ARM_GCC_541\Debug\Navigation.a(VideoTimer.o)
                0x1fff8a2b                VideoTimer_initVar
 .bss           0x1fff8a2c        0x1 .\CortexM3\ARM_GCC_541\Debug\Navigation.a(VDAC.o)
                0x1fff8a2c                VDAC_initVar
 *fill*         0x1fff8a2d        0x3 
 .bss.__malloc_max_total_mem
                0x1fff8a30        0x4 c:/program files (x86)/cypress/psoc creator/4.2/psoc creator/import/gnu/arm/5.4.1/bin/../lib/gcc/arm-none-eabi/5.4.1/../../../../arm-none-eabi/lib/armv7-m\libg.a(lib_a-mallocr.o)
                0x1fff8a30                __malloc_max_total_mem
 .bss.__malloc_max_sbrked_mem
                0x1fff8a34        0x4 c:/program files (x86)/cypress/psoc creator/4.2/psoc creator/import/gnu/arm/5.4.1/bin/../lib/gcc/arm-none-eabi/5.4.1/../../../../arm-none-eabi/lib/armv7-m\libg.a(lib_a-mallocr.o)
                0x1fff8a34                __malloc_max_sbrked_mem
 .bss.__malloc_top_pad
                0x1fff8a38        0x4 c:/program files (x86)/cypress/psoc creator/4.2/psoc creator/import/gnu/arm/5.4.1/bin/../lib/gcc/arm-none-eabi/5.4.1/../../../../arm-none-eabi/lib/armv7-m\libg.a(lib_a-mallocr.o)
                0x1fff8a38                __malloc_top_pad
 .bss.__malloc_current_mallinfo
                0x1fff8a3c       0x28 c:/program files (x86)/cypress/psoc creator/4.2/psoc creator/import/gnu/arm/5.4.1/bin/../lib/gcc/arm-none-eabi/5.4.1/../../../../arm-none-eabi/lib/armv7-m\libg.a(lib_a-mallocr.o)
                0x1fff8a3c                __malloc_current_mallinfo
 *(COMMON)
 *fill*         0x1fff8a64        0x4 
 COMMON         0x1fff8a68       0xdc .\CortexM3\ARM_GCC_541\Debug\main.o
                0x1fff8a68                dutyCycle
                0x1fff8a70                HFREQ
                0x1fff8a78                uartbuf
                0x1fff8af8                avgError
                0x1fff8b00                errorDiff
                0x1fff8b08                eTime
                0x1fff8b10                firstPixelTime
                0x1fff8b18                lineTime
                0x1fff8b20                error
                0x1fff8b28                speed
                0x1fff8b30                LPS
                0x1fff8b34                strbuf
 COMMON         0x1fff8b44        0x4 c:/program files (x86)/cypress/psoc creator/4.2/psoc creator/import/gnu/arm/5.4.1/bin/../lib/gcc/arm-none-eabi/5.4.1/../../../../arm-none-eabi/lib/armv7-m\libg.a(lib_a-reent.o)
                0x1fff8b44                errno
                0x1fff8b48                . = ALIGN (0x8)
 *(.ram.b)
                0x1fff8b48                _end = .
                0x1fff8b48                __end = .
                0x1fff8b48                PROVIDE (end, .)
                0x1fff8b48                PROVIDE (__bss_end__, .)
                0x00005a78                __cy_region_init_ram = LOADADDR (.data)
                0x00000908                __cy_region_init_size_ram = (_edata - ADDR (.data))
                0x00000178                __cy_region_zero_size_ram = (_end - _edata)

.heap           0x1fff8b48     0x1000 load address 0x00006380
                0x1fff8b48                . = _end
                0x1fff9b48                . = (. + 0x1000)
 *fill*         0x1fff8b48     0x1000 
                0x1fff9b48                __cy_heap_limit = .

.stack          0x20007800      0x800
                0x20007800                __cy_stack_limit = .
                0x20008000                . = (. + 0x800)
 *fill*         0x20007800      0x800 
                0x00000001                ASSERT ((__cy_stack_limit >= __cy_heap_limit), region RAM overflowed with stack)
                0x00000000                cy_checksum_exclude_size = (CY_APPL_LOADABLE == 0x1)?SIZEOF (.cy_checksum_exclude):0x0
                0x00000001                ASSERT ((cy_checksum_exclude_size <= CY_CHECKSUM_EXCLUDE_SIZE), CY_BOOT: Section .cy_checksum_exclude size exceedes specified limit.)

.cyloadermeta
 *(.cyloadermeta)

.cyloadablemeta
 *(.cyloadablemeta)

.cyconfigecc    0x80000000      0x7e8
 *(.cyconfigecc)
 .cyconfigecc   0x80000000      0x7e8 .\CortexM3\ARM_GCC_541\Debug\cymetadata.o
                0x80000000                cy_meta_configecc

.cycustnvl      0x90000000        0x4
 *(.cycustnvl)
 .cycustnvl     0x90000000        0x4 .\CortexM3\ARM_GCC_541\Debug\cymetadata.o
                0x90000000                cy_meta_custnvl

.cywolatch      0x90100000        0x4
 *(.cywolatch)
 .cywolatch     0x90100000        0x4 .\CortexM3\ARM_GCC_541\Debug\cymetadata.o
                0x90100000                cy_meta_wonvl

.cyeeprom       0x90200000        0x0
 *(.cyeeprom)
                0x00000001                ASSERT ((. <= ((0x90200000 + ee_offset) + ee_size)), .cyeeprom data will not fit in EEPROM)

.cyflashprotect
                0x90400000      0x100
 *(.cyflashprotect)
 .cyflashprotect
                0x90400000      0x100 .\CortexM3\ARM_GCC_541\Debug\cymetadata.o
                0x90400000                cy_meta_flashprotect

.cymeta         0x90500000        0xc
 *(.cymeta)
 .cymeta        0x90500000        0xc .\CortexM3\ARM_GCC_541\Debug\cymetadata.o
                0x90500000                cy_metadata

.rel.dyn        0x00006380        0x0 load address 0x9050000c
 .rel.iplt      0x00006380        0x0 c:/program files (x86)/cypress/psoc creator/4.2/psoc creator/import/gnu/arm/5.4.1/bin/../lib/gcc/arm-none-eabi/5.4.1/armv7-m/crtbegin.o

.stab
 *(.stab)

.stabstr
 *(.stabstr)

.debug
 *(.debug)

.line
 *(.line)

.debug_srcinfo
 *(.debug_srcinfo)

.debug_sfnames
 *(.debug_sfnames)

.debug_aranges  0x00000000      0xad0
 *(.debug_aranges)
 .debug_aranges
                0x00000000       0x30 .\CortexM3\ARM_GCC_541\Debug\main.o
 .debug_aranges
                0x00000030       0x58 .\CortexM3\ARM_GCC_541\Debug\cyfitter_cfg.o
 .debug_aranges
                0x00000088       0x18 .\CortexM3\ARM_GCC_541\Debug\cymetadata.o
 .debug_aranges
                0x000000a0       0x48 .\CortexM3\ARM_GCC_541\Debug\Cm3Start.o
 .debug_aranges
                0x000000e8       0x80 .\CortexM3\ARM_GCC_541\Debug\Navigation.a(HE_Interrupt.o)
 .debug_aranges
                0x00000168       0x98 .\CortexM3\ARM_GCC_541\Debug\Navigation.a(LCD.o)
 .debug_aranges
                0x00000200      0x2a0 .\CortexM3\ARM_GCC_541\Debug\Navigation.a(CyLib.o)
 .debug_aranges
                0x000004a0       0x98 .\CortexM3\ARM_GCC_541\Debug\Navigation.a(cyPm.o)
 .debug_aranges
                0x00000538       0x98 .\CortexM3\ARM_GCC_541\Debug\Navigation.a(PWM.o)
 .debug_aranges
                0x000005d0       0x98 .\CortexM3\ARM_GCC_541\Debug\Navigation.a(Timer.o)
 .debug_aranges
                0x00000668       0xf0 .\CortexM3\ARM_GCC_541\Debug\Navigation.a(UART.o)
 .debug_aranges
                0x00000758       0x70 .\CortexM3\ARM_GCC_541\Debug\Navigation.a(UART_IntClock.o)
 .debug_aranges
                0x000007c8       0x70 .\CortexM3\ARM_GCC_541\Debug\Navigation.a(Comp.o)
 .debug_aranges
                0x00000838       0x98 .\CortexM3\ARM_GCC_541\Debug\Navigation.a(VideoTimer.o)
 .debug_aranges
                0x000008d0       0x80 .\CortexM3\ARM_GCC_541\Debug\Navigation.a(Black.o)
 .debug_aranges
                0x00000950       0x58 .\CortexM3\ARM_GCC_541\Debug\Navigation.a(VDAC.o)
 .debug_aranges
                0x000009a8       0x20 .\CortexM3\ARM_GCC_541\Debug\Navigation.a(CyBootAsmGnu.o)
 .debug_aranges
                0x000009c8       0x88 .\CortexM3\ARM_GCC_541\Debug\Navigation.a(CyFlash.o)
 .debug_aranges
                0x00000a50       0x80 .\CortexM3\ARM_GCC_541\Debug\Navigation.a(CySpc.o)

.debug_pubnames
 *(.debug_pubnames)

.debug_info     0x00000000     0x5d6c
 *(.debug_info .gnu.linkonce.wi.*)
 .debug_info    0x00000000      0x5b8 .\CortexM3\ARM_GCC_541\Debug\main.o
 .debug_info    0x000005b8      0x56e .\CortexM3\ARM_GCC_541\Debug\cyfitter_cfg.o
 .debug_info    0x00000b26      0x139 .\CortexM3\ARM_GCC_541\Debug\cymetadata.o
 .debug_info    0x00000c5f      0x3bb .\CortexM3\ARM_GCC_541\Debug\Cm3Start.o
 .debug_info    0x0000101a      0x2d2 .\CortexM3\ARM_GCC_541\Debug\Navigation.a(HE_Interrupt.o)
 .debug_info    0x000012ec      0x715 .\CortexM3\ARM_GCC_541\Debug\Navigation.a(LCD.o)
 .debug_info    0x00001a01     0x1374 .\CortexM3\ARM_GCC_541\Debug\Navigation.a(CyLib.o)
 .debug_info    0x00002d75      0xa2a .\CortexM3\ARM_GCC_541\Debug\Navigation.a(cyPm.o)
 .debug_info    0x0000379f      0x334 .\CortexM3\ARM_GCC_541\Debug\Navigation.a(PWM.o)
 .debug_info    0x00003ad3      0x328 .\CortexM3\ARM_GCC_541\Debug\Navigation.a(Timer.o)
 .debug_info    0x00003dfb      0x60c .\CortexM3\ARM_GCC_541\Debug\Navigation.a(UART.o)
 .debug_info    0x00004407      0x283 .\CortexM3\ARM_GCC_541\Debug\Navigation.a(UART_IntClock.o)
 .debug_info    0x0000468a      0x2c8 .\CortexM3\ARM_GCC_541\Debug\Navigation.a(Comp.o)
 .debug_info    0x00004952      0x328 .\CortexM3\ARM_GCC_541\Debug\Navigation.a(VideoTimer.o)
 .debug_info    0x00004c7a      0x2d2 .\CortexM3\ARM_GCC_541\Debug\Navigation.a(Black.o)
 .debug_info    0x00004f4c      0x1df .\CortexM3\ARM_GCC_541\Debug\Navigation.a(VDAC.o)
 .debug_info    0x0000512b       0xa4 .\CortexM3\ARM_GCC_541\Debug\Navigation.a(CyBootAsmGnu.o)
 .debug_info    0x000051cf      0x64d .\CortexM3\ARM_GCC_541\Debug\Navigation.a(CyFlash.o)
 .debug_info    0x0000581c      0x550 .\CortexM3\ARM_GCC_541\Debug\Navigation.a(CySpc.o)

.debug_abbrev   0x00000000     0x19c7
 *(.debug_abbrev)
 .debug_abbrev  0x00000000      0x125 .\CortexM3\ARM_GCC_541\Debug\main.o
 .debug_abbrev  0x00000125      0x1fe .\CortexM3\ARM_GCC_541\Debug\cyfitter_cfg.o
 .debug_abbrev  0x00000323       0x77 .\CortexM3\ARM_GCC_541\Debug\cymetadata.o
 .debug_abbrev  0x0000039a      0x1e8 .\CortexM3\ARM_GCC_541\Debug\Cm3Start.o
 .debug_abbrev  0x00000582      0x173 .\CortexM3\ARM_GCC_541\Debug\Navigation.a(HE_Interrupt.o)
 .debug_abbrev  0x000006f5      0x157 .\CortexM3\ARM_GCC_541\Debug\Navigation.a(LCD.o)
 .debug_abbrev  0x0000084c      0x254 .\CortexM3\ARM_GCC_541\Debug\Navigation.a(CyLib.o)
 .debug_abbrev  0x00000aa0      0x1ab .\CortexM3\ARM_GCC_541\Debug\Navigation.a(cyPm.o)
 .debug_abbrev  0x00000c4b      0x133 .\CortexM3\ARM_GCC_541\Debug\Navigation.a(PWM.o)
 .debug_abbrev  0x00000d7e      0x13a .\CortexM3\ARM_GCC_541\Debug\Navigation.a(Timer.o)
 .debug_abbrev  0x00000eb8      0x175 .\CortexM3\ARM_GCC_541\Debug\Navigation.a(UART.o)
 .debug_abbrev  0x0000102d      0x139 .\CortexM3\ARM_GCC_541\Debug\Navigation.a(UART_IntClock.o)
 .debug_abbrev  0x00001166      0x16e .\CortexM3\ARM_GCC_541\Debug\Navigation.a(Comp.o)
 .debug_abbrev  0x000012d4      0x13a .\CortexM3\ARM_GCC_541\Debug\Navigation.a(VideoTimer.o)
 .debug_abbrev  0x0000140e      0x173 .\CortexM3\ARM_GCC_541\Debug\Navigation.a(Black.o)
 .debug_abbrev  0x00001581       0xf7 .\CortexM3\ARM_GCC_541\Debug\Navigation.a(VDAC.o)
 .debug_abbrev  0x00001678       0x14 .\CortexM3\ARM_GCC_541\Debug\Navigation.a(CyBootAsmGnu.o)
 .debug_abbrev  0x0000168c      0x1a7 .\CortexM3\ARM_GCC_541\Debug\Navigation.a(CyFlash.o)
 .debug_abbrev  0x00001833      0x194 .\CortexM3\ARM_GCC_541\Debug\Navigation.a(CySpc.o)

.debug_line     0x00000000     0x277c
 *(.debug_line)
 .debug_line    0x00000000      0x274 .\CortexM3\ARM_GCC_541\Debug\main.o
 .debug_line    0x00000274      0x1e7 .\CortexM3\ARM_GCC_541\Debug\cyfitter_cfg.o
 .debug_line    0x0000045b      0x141 .\CortexM3\ARM_GCC_541\Debug\cymetadata.o
 .debug_line    0x0000059c      0x234 .\CortexM3\ARM_GCC_541\Debug\Cm3Start.o
 .debug_line    0x000007d0      0x139 .\CortexM3\ARM_GCC_541\Debug\Navigation.a(HE_Interrupt.o)
 .debug_line    0x00000909      0x1dc .\CortexM3\ARM_GCC_541\Debug\Navigation.a(LCD.o)
 .debug_line    0x00000ae5      0x816 .\CortexM3\ARM_GCC_541\Debug\Navigation.a(CyLib.o)
 .debug_line    0x000012fb      0x367 .\CortexM3\ARM_GCC_541\Debug\Navigation.a(cyPm.o)
 .debug_line    0x00001662      0x183 .\CortexM3\ARM_GCC_541\Debug\Navigation.a(PWM.o)
 .debug_line    0x000017e5      0x182 .\CortexM3\ARM_GCC_541\Debug\Navigation.a(Timer.o)
 .debug_line    0x00001967      0x2bc .\CortexM3\ARM_GCC_541\Debug\Navigation.a(UART.o)
 .debug_line    0x00001c23      0x17c .\CortexM3\ARM_GCC_541\Debug\Navigation.a(UART_IntClock.o)
 .debug_line    0x00001d9f      0x163 .\CortexM3\ARM_GCC_541\Debug\Navigation.a(Comp.o)
 .debug_line    0x00001f02      0x187 .\CortexM3\ARM_GCC_541\Debug\Navigation.a(VideoTimer.o)
 .debug_line    0x00002089      0x132 .\CortexM3\ARM_GCC_541\Debug\Navigation.a(Black.o)
 .debug_line    0x000021bb       0xe1 .\CortexM3\ARM_GCC_541\Debug\Navigation.a(VDAC.o)
 .debug_line    0x0000229c       0x66 .\CortexM3\ARM_GCC_541\Debug\Navigation.a(CyBootAsmGnu.o)
 .debug_line    0x00002302      0x21a .\CortexM3\ARM_GCC_541\Debug\Navigation.a(CyFlash.o)
 .debug_line    0x0000251c      0x260 .\CortexM3\ARM_GCC_541\Debug\Navigation.a(CySpc.o)

.debug_frame    0x00000000     0x2404
 *(.debug_frame)
 .debug_frame   0x00000000       0x50 .\CortexM3\ARM_GCC_541\Debug\main.o
 .debug_frame   0x00000050       0xe4 .\CortexM3\ARM_GCC_541\Debug\cyfitter_cfg.o
 .debug_frame   0x00000134       0xb8 .\CortexM3\ARM_GCC_541\Debug\Cm3Start.o
 .debug_frame   0x000001ec      0x104 .\CortexM3\ARM_GCC_541\Debug\Navigation.a(HE_Interrupt.o)
 .debug_frame   0x000002f0      0x1e8 .\CortexM3\ARM_GCC_541\Debug\Navigation.a(LCD.o)
 .debug_frame   0x000004d8      0x738 .\CortexM3\ARM_GCC_541\Debug\Navigation.a(CyLib.o)
 .debug_frame   0x00000c10      0x1f8 .\CortexM3\ARM_GCC_541\Debug\Navigation.a(cyPm.o)
 .debug_frame   0x00000e08      0x134 .\CortexM3\ARM_GCC_541\Debug\Navigation.a(PWM.o)
 .debug_frame   0x00000f3c      0x134 .\CortexM3\ARM_GCC_541\Debug\Navigation.a(Timer.o)
 .debug_frame   0x00001070      0x250 .\CortexM3\ARM_GCC_541\Debug\Navigation.a(UART.o)
 .debug_frame   0x000012c0       0xe0 .\CortexM3\ARM_GCC_541\Debug\Navigation.a(UART_IntClock.o)
 .debug_frame   0x000013a0      0x108 .\CortexM3\ARM_GCC_541\Debug\Navigation.a(Comp.o)
 .debug_frame   0x000014a8      0x134 .\CortexM3\ARM_GCC_541\Debug\Navigation.a(VideoTimer.o)
 .debug_frame   0x000015dc      0x104 .\CortexM3\ARM_GCC_541\Debug\Navigation.a(Black.o)
 .debug_frame   0x000016e0       0xb4 .\CortexM3\ARM_GCC_541\Debug\Navigation.a(VDAC.o)
 .debug_frame   0x00001794      0x194 .\CortexM3\ARM_GCC_541\Debug\Navigation.a(CyFlash.o)
 .debug_frame   0x00001928      0x180 .\CortexM3\ARM_GCC_541\Debug\Navigation.a(CySpc.o)
 .debug_frame   0x00001aa8       0x20 c:/program files (x86)/cypress/psoc creator/4.2/psoc creator/import/gnu/arm/5.4.1/bin/../lib/gcc/arm-none-eabi/5.4.1/../../../../arm-none-eabi/lib/armv7-m\libg.a(lib_a-errno.o)
 .debug_frame   0x00001ac8       0x28 c:/program files (x86)/cypress/psoc creator/4.2/psoc creator/import/gnu/arm/5.4.1/bin/../lib/gcc/arm-none-eabi/5.4.1/../../../../arm-none-eabi/lib/armv7-m\libg.a(lib_a-exit.o)
 .debug_frame   0x00001af0       0x2c c:/program files (x86)/cypress/psoc creator/4.2/psoc creator/import/gnu/arm/5.4.1/bin/../lib/gcc/arm-none-eabi/5.4.1/../../../../arm-none-eabi/lib/armv7-m\libg.a(lib_a-init.o)
 .debug_frame   0x00001b1c       0x34 c:/program files (x86)/cypress/psoc creator/4.2/psoc creator/import/gnu/arm/5.4.1/bin/../lib/gcc/arm-none-eabi/5.4.1/../../../../arm-none-eabi/lib/armv7-m\libg.a(lib_a-memset.o)
 .debug_frame   0x00001b50       0x84 c:/program files (x86)/cypress/psoc creator/4.2/psoc creator/import/gnu/arm/5.4.1/bin/../lib/gcc/arm-none-eabi/5.4.1/../../../../arm-none-eabi/lib/armv7-m\libg.a(lib_a-sprintf.o)
 .debug_frame   0x00001bd4       0x44 c:/program files (x86)/cypress/psoc creator/4.2/psoc creator/import/gnu/arm/5.4.1/bin/../lib/gcc/arm-none-eabi/5.4.1/../../../../arm-none-eabi/lib/armv7-m\libg.a(lib_a-svfprintf.o)
 .debug_frame   0x00001c18       0x50 c:/program files (x86)/cypress/psoc creator/4.2/psoc creator/import/gnu/arm/5.4.1/bin/../lib/gcc/arm-none-eabi/5.4.1/../../../../arm-none-eabi/lib/armv7-m\libg.a(lib_a-__call_atexit.o)
 .debug_frame   0x00001c68       0x20 c:/program files (x86)/cypress/psoc creator/4.2/psoc creator/import/gnu/arm/5.4.1/bin/../lib/gcc/arm-none-eabi/5.4.1/../../../../arm-none-eabi/lib/armv7-m\libg.a(lib_a-atexit.o)
 .debug_frame   0x00001c88       0x84 c:/program files (x86)/cypress/psoc creator/4.2/psoc creator/import/gnu/arm/5.4.1/bin/../lib/gcc/arm-none-eabi/5.4.1/../../../../arm-none-eabi/lib/armv7-m\libg.a(lib_a-dtoa.o)
 .debug_frame   0x00001d0c       0x34 c:/program files (x86)/cypress/psoc creator/4.2/psoc creator/import/gnu/arm/5.4.1/bin/../lib/gcc/arm-none-eabi/5.4.1/../../../../arm-none-eabi/lib/armv7-m\libg.a(lib_a-fini.o)
 .debug_frame   0x00001d40       0x9c c:/program files (x86)/cypress/psoc creator/4.2/psoc creator/import/gnu/arm/5.4.1/bin/../lib/gcc/arm-none-eabi/5.4.1/../../../../arm-none-eabi/lib/armv7-m\libg.a(lib_a-locale.o)
 .debug_frame   0x00001ddc       0x54 c:/program files (x86)/cypress/psoc creator/4.2/psoc creator/import/gnu/arm/5.4.1/bin/../lib/gcc/arm-none-eabi/5.4.1/../../../../arm-none-eabi/lib/armv7-m\libg.a(lib_a-mallocr.o)
 .debug_frame   0x00001e30       0x34 c:/program files (x86)/cypress/psoc creator/4.2/psoc creator/import/gnu/arm/5.4.1/bin/../lib/gcc/arm-none-eabi/5.4.1/../../../../arm-none-eabi/lib/armv7-m\libg.a(lib_a-memchr-stub.o)
 .debug_frame   0x00001e64       0x30 c:/program files (x86)/cypress/psoc creator/4.2/psoc creator/import/gnu/arm/5.4.1/bin/../lib/gcc/arm-none-eabi/5.4.1/../../../../arm-none-eabi/lib/armv7-m\libg.a(lib_a-mlock.o)
 .debug_frame   0x00001e94      0x264 c:/program files (x86)/cypress/psoc creator/4.2/psoc creator/import/gnu/arm/5.4.1/bin/../lib/gcc/arm-none-eabi/5.4.1/../../../../arm-none-eabi/lib/armv7-m\libg.a(lib_a-mprec.o)
 .debug_frame   0x000020f8       0x2c c:/program files (x86)/cypress/psoc creator/4.2/psoc creator/import/gnu/arm/5.4.1/bin/../lib/gcc/arm-none-eabi/5.4.1/../../../../arm-none-eabi/lib/armv7-m\libg.a(lib_a-sbrkr.o)
 .debug_frame   0x00002124       0x34 c:/program files (x86)/cypress/psoc creator/4.2/psoc creator/import/gnu/arm/5.4.1/bin/../lib/gcc/arm-none-eabi/5.4.1/../../../../arm-none-eabi/lib/armv7-m\libg.a(lib_a-strcmp.o)
 .debug_frame   0x00002158       0x20 c:/program files (x86)/cypress/psoc creator/4.2/psoc creator/import/gnu/arm/5.4.1/bin/../lib/gcc/arm-none-eabi/5.4.1/../../../../arm-none-eabi/lib/armv7-m\libg.a(lib_a-strlen-stub.o)
 .debug_frame   0x00002178       0x78 c:/program files (x86)/cypress/psoc creator/4.2/psoc creator/import/gnu/arm/5.4.1/bin/../lib/gcc/arm-none-eabi/5.4.1/../../../../arm-none-eabi/lib/armv7-m\libg.a(lib_a-svfiprintf.o)
 .debug_frame   0x000021f0       0x34 c:/program files (x86)/cypress/psoc creator/4.2/psoc creator/import/gnu/arm/5.4.1/bin/../lib/gcc/arm-none-eabi/5.4.1/../../../../arm-none-eabi/lib/armv7-m\libg.a(lib_a-__atexit.o)
 .debug_frame   0x00002224       0x28 c:/program files (x86)/cypress/psoc creator/4.2/psoc creator/import/gnu/arm/5.4.1/bin/../lib/gcc/arm-none-eabi/5.4.1/../../../../arm-none-eabi/lib/armv7-m\libg.a(lib_a-callocr.o)
 .debug_frame   0x0000224c       0x74 c:/program files (x86)/cypress/psoc creator/4.2/psoc creator/import/gnu/arm/5.4.1/bin/../lib/gcc/arm-none-eabi/5.4.1/../../../../arm-none-eabi/lib/armv7-m\libg.a(lib_a-freer.o)
 .debug_frame   0x000022c0       0x30 c:/program files (x86)/cypress/psoc creator/4.2/psoc creator/import/gnu/arm/5.4.1/bin/../lib/gcc/arm-none-eabi/5.4.1/../../../../arm-none-eabi/lib/armv7-m\libg.a(lib_a-memmove.o)
 .debug_frame   0x000022f0       0x58 c:/program files (x86)/cypress/psoc creator/4.2/psoc creator/import/gnu/arm/5.4.1/bin/../lib/gcc/arm-none-eabi/5.4.1/../../../../arm-none-eabi/lib/armv7-m\libg.a(lib_a-reallocr.o)
 .debug_frame   0x00002348       0x58 c:/program files (x86)/cypress/psoc creator/4.2/psoc creator/import/gnu/arm/5.4.1/bin/../lib/gcc/arm-none-eabi/5.4.1/../../../../arm-none-eabi/lib/armv7-m\libg.a(lib_a-reent.o)
 .debug_frame   0x000023a0       0x2c c:/program files (x86)/cypress/psoc creator/4.2/psoc creator/import/gnu/arm/5.4.1/bin/../lib/gcc/arm-none-eabi/5.4.1/armv7-m\libgcc.a(_aeabi_uldivmod.o)
 .debug_frame   0x000023cc       0x38 c:/program files (x86)/cypress/psoc creator/4.2/psoc creator/import/gnu/arm/5.4.1/bin/../lib/gcc/arm-none-eabi/5.4.1/armv7-m\libgcc.a(_udivmoddi4.o)

.debug_str      0x00000000     0x209e
 *(.debug_str)
 .debug_str     0x00000000      0x381 .\CortexM3\ARM_GCC_541\Debug\main.o
                                0x3e0 (size before relaxing)
 .debug_str     0x00000381      0x18d .\CortexM3\ARM_GCC_541\Debug\cyfitter_cfg.o
                                0x329 (size before relaxing)
 .debug_str     0x0000050e       0x7f .\CortexM3\ARM_GCC_541\Debug\cymetadata.o
                                0x1f8 (size before relaxing)
 .debug_str     0x0000058d      0x13e .\CortexM3\ARM_GCC_541\Debug\Cm3Start.o
                                0x31e (size before relaxing)
 .debug_str     0x000006cb      0x136 .\CortexM3\ARM_GCC_541\Debug\Navigation.a(HE_Interrupt.o)
                                0x31c (size before relaxing)
 .debug_str     0x00000801      0x15e .\CortexM3\ARM_GCC_541\Debug\Navigation.a(LCD.o)
                                0x33f (size before relaxing)
 .debug_str     0x0000095f      0x806 .\CortexM3\ARM_GCC_541\Debug\Navigation.a(CyLib.o)
                                0xa5b (size before relaxing)
 .debug_str     0x00001165      0x365 .\CortexM3\ARM_GCC_541\Debug\Navigation.a(cyPm.o)
                                0x747 (size before relaxing)
 .debug_str     0x000014ca      0x16e .\CortexM3\ARM_GCC_541\Debug\Navigation.a(PWM.o)
                                0x33f (size before relaxing)
 .debug_str     0x00001638       0x2e .\CortexM3\ARM_GCC_541\Debug\Navigation.a(Timer.o)
                                0x376 (size before relaxing)
 .debug_str     0x00001666      0x287 .\CortexM3\ARM_GCC_541\Debug\Navigation.a(UART.o)
                                0x489 (size before relaxing)
 .debug_str     0x000018ed      0x183 .\CortexM3\ARM_GCC_541\Debug\Navigation.a(UART_IntClock.o)
                                0x34a (size before relaxing)
 .debug_str     0x00001a70       0xfa .\CortexM3\ARM_GCC_541\Debug\Navigation.a(Comp.o)
                                0x2d2 (size before relaxing)
 .debug_str     0x00001b6a      0x1a5 .\CortexM3\ARM_GCC_541\Debug\Navigation.a(VideoTimer.o)
                                0x3d5 (size before relaxing)
 .debug_str     0x00001d0f       0xca .\CortexM3\ARM_GCC_541\Debug\Navigation.a(Black.o)
                                0x2ba (size before relaxing)
 .debug_str     0x00001dd9       0x5e .\CortexM3\ARM_GCC_541\Debug\Navigation.a(VDAC.o)
                                0x229 (size before relaxing)
 .debug_str     0x00001e37      0x1bb .\CortexM3\ARM_GCC_541\Debug\Navigation.a(CyFlash.o)
                                0x3d4 (size before relaxing)
 .debug_str     0x00001ff2       0xac .\CortexM3\ARM_GCC_541\Debug\Navigation.a(CySpc.o)
                                0x34c (size before relaxing)

.debug_loc      0x00000000     0x23c5
 *(.debug_loc)
 .debug_loc     0x00000000       0x1e .\CortexM3\ARM_GCC_541\Debug\main.o
 .debug_loc     0x0000001e      0x1d7 .\CortexM3\ARM_GCC_541\Debug\cyfitter_cfg.o
 .debug_loc     0x000001f5      0x144 .\CortexM3\ARM_GCC_541\Debug\Cm3Start.o
 .debug_loc     0x00000339       0x56 .\CortexM3\ARM_GCC_541\Debug\Navigation.a(HE_Interrupt.o)
 .debug_loc     0x0000038f      0x3c6 .\CortexM3\ARM_GCC_541\Debug\Navigation.a(LCD.o)
 .debug_loc     0x00000755      0xa11 .\CortexM3\ARM_GCC_541\Debug\Navigation.a(CyLib.o)
 .debug_loc     0x00001166      0x1e4 .\CortexM3\ARM_GCC_541\Debug\Navigation.a(cyPm.o)
 .debug_loc     0x0000134a       0x26 .\CortexM3\ARM_GCC_541\Debug\Navigation.a(PWM.o)
 .debug_loc     0x00001370       0x31 .\CortexM3\ARM_GCC_541\Debug\Navigation.a(Timer.o)
 .debug_loc     0x000013a1      0x258 .\CortexM3\ARM_GCC_541\Debug\Navigation.a(UART.o)
 .debug_loc     0x000015f9      0x128 .\CortexM3\ARM_GCC_541\Debug\Navigation.a(UART_IntClock.o)
 .debug_loc     0x00001721       0xed .\CortexM3\ARM_GCC_541\Debug\Navigation.a(Comp.o)
 .debug_loc     0x0000180e       0x31 .\CortexM3\ARM_GCC_541\Debug\Navigation.a(VideoTimer.o)
 .debug_loc     0x0000183f       0x56 .\CortexM3\ARM_GCC_541\Debug\Navigation.a(Black.o)
 .debug_loc     0x00001895       0x79 .\CortexM3\ARM_GCC_541\Debug\Navigation.a(VDAC.o)
 .debug_loc     0x0000190e      0x3b2 .\CortexM3\ARM_GCC_541\Debug\Navigation.a(CyFlash.o)
 .debug_loc     0x00001cc0      0x705 .\CortexM3\ARM_GCC_541\Debug\Navigation.a(CySpc.o)

.debug_macinfo
 *(.debug_macinfo)

.debug_ranges   0x00000000      0x988
 *(.debug_ranges)
 .debug_ranges  0x00000000       0x20 .\CortexM3\ARM_GCC_541\Debug\main.o
 .debug_ranges  0x00000020       0x48 .\CortexM3\ARM_GCC_541\Debug\cyfitter_cfg.o
 .debug_ranges  0x00000068       0x38 .\CortexM3\ARM_GCC_541\Debug\Cm3Start.o
 .debug_ranges  0x000000a0       0x70 .\CortexM3\ARM_GCC_541\Debug\Navigation.a(HE_Interrupt.o)
 .debug_ranges  0x00000110       0x88 .\CortexM3\ARM_GCC_541\Debug\Navigation.a(LCD.o)
 .debug_ranges  0x00000198      0x290 .\CortexM3\ARM_GCC_541\Debug\Navigation.a(CyLib.o)
 .debug_ranges  0x00000428       0x88 .\CortexM3\ARM_GCC_541\Debug\Navigation.a(cyPm.o)
 .debug_ranges  0x000004b0       0x88 .\CortexM3\ARM_GCC_541\Debug\Navigation.a(PWM.o)
 .debug_ranges  0x00000538       0x88 .\CortexM3\ARM_GCC_541\Debug\Navigation.a(Timer.o)
 .debug_ranges  0x000005c0       0xe0 .\CortexM3\ARM_GCC_541\Debug\Navigation.a(UART.o)
 .debug_ranges  0x000006a0       0x60 .\CortexM3\ARM_GCC_541\Debug\Navigation.a(UART_IntClock.o)
 .debug_ranges  0x00000700       0x60 .\CortexM3\ARM_GCC_541\Debug\Navigation.a(Comp.o)
 .debug_ranges  0x00000760       0x88 .\CortexM3\ARM_GCC_541\Debug\Navigation.a(VideoTimer.o)
 .debug_ranges  0x000007e8       0x70 .\CortexM3\ARM_GCC_541\Debug\Navigation.a(Black.o)
 .debug_ranges  0x00000858       0x48 .\CortexM3\ARM_GCC_541\Debug\Navigation.a(VDAC.o)
 .debug_ranges  0x000008a0       0x78 .\CortexM3\ARM_GCC_541\Debug\Navigation.a(CyFlash.o)
 .debug_ranges  0x00000918       0x70 .\CortexM3\ARM_GCC_541\Debug\Navigation.a(CySpc.o)

.comment        0x00000000       0x6e
 .comment       0x00000000       0x6e .\CortexM3\ARM_GCC_541\Debug\main.o
                                 0x6f (size before relaxing)
 .comment       0x0000006e       0x6f .\CortexM3\ARM_GCC_541\Debug\cyfitter_cfg.o
 .comment       0x0000006e       0x6f .\CortexM3\ARM_GCC_541\Debug\cymetadata.o
 .comment       0x0000006e       0x6f .\CortexM3\ARM_GCC_541\Debug\Cm3Start.o
 .comment       0x0000006e       0x6f .\CortexM3\ARM_GCC_541\Debug\Navigation.a(HE_Interrupt.o)
 .comment       0x0000006e       0x6f .\CortexM3\ARM_GCC_541\Debug\Navigation.a(LCD.o)
 .comment       0x0000006e       0x6f .\CortexM3\ARM_GCC_541\Debug\Navigation.a(CyLib.o)
 .comment       0x0000006e       0x6f .\CortexM3\ARM_GCC_541\Debug\Navigation.a(cyPm.o)
 .comment       0x0000006e       0x6f .\CortexM3\ARM_GCC_541\Debug\Navigation.a(PWM.o)
 .comment       0x0000006e       0x6f .\CortexM3\ARM_GCC_541\Debug\Navigation.a(Timer.o)
 .comment       0x0000006e       0x6f .\CortexM3\ARM_GCC_541\Debug\Navigation.a(UART.o)
 .comment       0x0000006e       0x6f .\CortexM3\ARM_GCC_541\Debug\Navigation.a(UART_IntClock.o)
 .comment       0x0000006e       0x6f .\CortexM3\ARM_GCC_541\Debug\Navigation.a(Comp.o)
 .comment       0x0000006e       0x6f .\CortexM3\ARM_GCC_541\Debug\Navigation.a(VideoTimer.o)
 .comment       0x0000006e       0x6f .\CortexM3\ARM_GCC_541\Debug\Navigation.a(Black.o)
 .comment       0x0000006e       0x6f .\CortexM3\ARM_GCC_541\Debug\Navigation.a(VDAC.o)
 .comment       0x0000006e       0x6f .\CortexM3\ARM_GCC_541\Debug\Navigation.a(CyFlash.o)
 .comment       0x0000006e       0x6f .\CortexM3\ARM_GCC_541\Debug\Navigation.a(CySpc.o)

.debug_weaknames
 *(.debug_weaknames)

.debug_funcnames
 *(.debug_funcnames)

.debug_typenames
 *(.debug_typenames)

.debug_varnames
 *(.debug_varnames)

.note.gnu.arm.ident
 *(.note.gnu.arm.ident)

.ARM.attributes
                0x00000000       0x29
 *(.ARM.attributes)
 .ARM.attributes
                0x00000000       0x1d c:/program files (x86)/cypress/psoc creator/4.2/psoc creator/import/gnu/arm/5.4.1/bin/../lib/gcc/arm-none-eabi/5.4.1/armv7-m/crti.o
 .ARM.attributes
                0x0000001d       0x2d c:/program files (x86)/cypress/psoc creator/4.2/psoc creator/import/gnu/arm/5.4.1/bin/../lib/gcc/arm-none-eabi/5.4.1/armv7-m/crtbegin.o
 .ARM.attributes
                0x0000004a       0x1b c:/program files (x86)/cypress/psoc creator/4.2/psoc creator/import/gnu/arm/5.4.1/bin/../lib/gcc/arm-none-eabi/5.4.1/../../../../arm-none-eabi/lib/armv7-m/crt0.o
 .ARM.attributes
                0x00000065       0x33 .\CortexM3\ARM_GCC_541\Debug\main.o
 .ARM.attributes
                0x00000098       0x33 .\CortexM3\ARM_GCC_541\Debug\cyfitter_cfg.o
 .ARM.attributes
                0x000000cb       0x33 .\CortexM3\ARM_GCC_541\Debug\cymetadata.o
 .ARM.attributes
                0x000000fe       0x33 .\CortexM3\ARM_GCC_541\Debug\Cm3Start.o
 .ARM.attributes
                0x00000131       0x33 .\CortexM3\ARM_GCC_541\Debug\Navigation.a(HE_Interrupt.o)
 .ARM.attributes
                0x00000164       0x33 .\CortexM3\ARM_GCC_541\Debug\Navigation.a(LCD.o)
 .ARM.attributes
                0x00000197       0x33 .\CortexM3\ARM_GCC_541\Debug\Navigation.a(CyLib.o)
 .ARM.attributes
                0x000001ca       0x33 .\CortexM3\ARM_GCC_541\Debug\Navigation.a(cyPm.o)
 .ARM.attributes
                0x000001fd       0x33 .\CortexM3\ARM_GCC_541\Debug\Navigation.a(PWM.o)
 .ARM.attributes
                0x00000230       0x33 .\CortexM3\ARM_GCC_541\Debug\Navigation.a(Timer.o)
 .ARM.attributes
                0x00000263       0x33 .\CortexM3\ARM_GCC_541\Debug\Navigation.a(UART.o)
 .ARM.attributes
                0x00000296       0x33 .\CortexM3\ARM_GCC_541\Debug\Navigation.a(UART_IntClock.o)
 .ARM.attributes
                0x000002c9       0x33 .\CortexM3\ARM_GCC_541\Debug\Navigation.a(Comp.o)
 .ARM.attributes
                0x000002fc       0x33 .\CortexM3\ARM_GCC_541\Debug\Navigation.a(VideoTimer.o)
 .ARM.attributes
                0x0000032f       0x33 .\CortexM3\ARM_GCC_541\Debug\Navigation.a(Black.o)
 .ARM.attributes
                0x00000362       0x33 .\CortexM3\ARM_GCC_541\Debug\Navigation.a(VDAC.o)
 .ARM.attributes
                0x00000395       0x21 .\CortexM3\ARM_GCC_541\Debug\Navigation.a(CyBootAsmGnu.o)
 .ARM.attributes
                0x000003b6       0x33 .\CortexM3\ARM_GCC_541\Debug\Navigation.a(CyFlash.o)
 .ARM.attributes
                0x000003e9       0x33 .\CortexM3\ARM_GCC_541\Debug\Navigation.a(CySpc.o)
 .ARM.attributes
                0x0000041c       0x1d c:/program files (x86)/cypress/psoc creator/4.2/psoc creator/import/gnu/arm/5.4.1/bin/../lib/gcc/arm-none-eabi/5.4.1/armv7-m\libgcc.a(_arm_addsubdf3.o)
 .ARM.attributes
                0x00000439       0x1d c:/program files (x86)/cypress/psoc creator/4.2/psoc creator/import/gnu/arm/5.4.1/bin/../lib/gcc/arm-none-eabi/5.4.1/armv7-m\libgcc.a(_arm_muldivdf3.o)
 .ARM.attributes
                0x00000456       0x1d c:/program files (x86)/cypress/psoc creator/4.2/psoc creator/import/gnu/arm/5.4.1/bin/../lib/gcc/arm-none-eabi/5.4.1/armv7-m\libgcc.a(_arm_fixdfsi.o)
 .ARM.attributes
                0x00000473       0x2d c:/program files (x86)/cypress/psoc creator/4.2/psoc creator/import/gnu/arm/5.4.1/bin/../lib/gcc/arm-none-eabi/5.4.1/../../../../arm-none-eabi/lib/armv7-m\libg.a(lib_a-errno.o)
 .ARM.attributes
                0x000004a0       0x2d c:/program files (x86)/cypress/psoc creator/4.2/psoc creator/import/gnu/arm/5.4.1/bin/../lib/gcc/arm-none-eabi/5.4.1/../../../../arm-none-eabi/lib/armv7-m\libg.a(lib_a-exit.o)
 .ARM.attributes
                0x000004cd       0x2d c:/program files (x86)/cypress/psoc creator/4.2/psoc creator/import/gnu/arm/5.4.1/bin/../lib/gcc/arm-none-eabi/5.4.1/../../../../arm-none-eabi/lib/armv7-m\libg.a(lib_a-impure.o)
 .ARM.attributes
                0x000004fa       0x2d c:/program files (x86)/cypress/psoc creator/4.2/psoc creator/import/gnu/arm/5.4.1/bin/../lib/gcc/arm-none-eabi/5.4.1/../../../../arm-none-eabi/lib/armv7-m\libg.a(lib_a-init.o)
 .ARM.attributes
                0x00000527       0x1b c:/program files (x86)/cypress/psoc creator/4.2/psoc creator/import/gnu/arm/5.4.1/bin/../lib/gcc/arm-none-eabi/5.4.1/../../../../arm-none-eabi/lib/armv7-m\libg.a(lib_a-memcpy.o)
 .ARM.attributes
                0x00000542       0x2d c:/program files (x86)/cypress/psoc creator/4.2/psoc creator/import/gnu/arm/5.4.1/bin/../lib/gcc/arm-none-eabi/5.4.1/../../../../arm-none-eabi/lib/armv7-m\libg.a(lib_a-memset.o)
 .ARM.attributes
                0x0000056f       0x2d c:/program files (x86)/cypress/psoc creator/4.2/psoc creator/import/gnu/arm/5.4.1/bin/../lib/gcc/arm-none-eabi/5.4.1/../../../../arm-none-eabi/lib/armv7-m\libg.a(lib_a-sprintf.o)
 .ARM.attributes
                0x0000059c       0x2d c:/program files (x86)/cypress/psoc creator/4.2/psoc creator/import/gnu/arm/5.4.1/bin/../lib/gcc/arm-none-eabi/5.4.1/../../../../arm-none-eabi/lib/armv7-m\libg.a(lib_a-svfprintf.o)
 .ARM.attributes
                0x000005c9       0x2d c:/program files (x86)/cypress/psoc creator/4.2/psoc creator/import/gnu/arm/5.4.1/bin/../lib/gcc/arm-none-eabi/5.4.1/../../../../arm-none-eabi/lib/armv7-m\libg.a(lib_a-__call_atexit.o)
 .ARM.attributes
                0x000005f6       0x2d c:/program files (x86)/cypress/psoc creator/4.2/psoc creator/import/gnu/arm/5.4.1/bin/../lib/gcc/arm-none-eabi/5.4.1/../../../../arm-none-eabi/lib/armv7-m\libg.a(lib_a-atexit.o)
 .ARM.attributes
                0x00000623       0x2d c:/program files (x86)/cypress/psoc creator/4.2/psoc creator/import/gnu/arm/5.4.1/bin/../lib/gcc/arm-none-eabi/5.4.1/../../../../arm-none-eabi/lib/armv7-m\libg.a(lib_a-dtoa.o)
 .ARM.attributes
                0x00000650       0x2d c:/program files (x86)/cypress/psoc creator/4.2/psoc creator/import/gnu/arm/5.4.1/bin/../lib/gcc/arm-none-eabi/5.4.1/../../../../arm-none-eabi/lib/armv7-m\libg.a(lib_a-fini.o)
 .ARM.attributes
                0x0000067d       0x2d c:/program files (x86)/cypress/psoc creator/4.2/psoc creator/import/gnu/arm/5.4.1/bin/../lib/gcc/arm-none-eabi/5.4.1/../../../../arm-none-eabi/lib/armv7-m\libg.a(lib_a-locale.o)
 .ARM.attributes
                0x000006aa       0x2d c:/program files (x86)/cypress/psoc creator/4.2/psoc creator/import/gnu/arm/5.4.1/bin/../lib/gcc/arm-none-eabi/5.4.1/../../../../arm-none-eabi/lib/armv7-m\libg.a(lib_a-mallocr.o)
 .ARM.attributes
                0x000006d7       0x2d c:/program files (x86)/cypress/psoc creator/4.2/psoc creator/import/gnu/arm/5.4.1/bin/../lib/gcc/arm-none-eabi/5.4.1/../../../../arm-none-eabi/lib/armv7-m\libg.a(lib_a-memchr-stub.o)
 .ARM.attributes
                0x00000704       0x2d c:/program files (x86)/cypress/psoc creator/4.2/psoc creator/import/gnu/arm/5.4.1/bin/../lib/gcc/arm-none-eabi/5.4.1/../../../../arm-none-eabi/lib/armv7-m\libg.a(lib_a-mlock.o)
 .ARM.attributes
                0x00000731       0x2d c:/program files (x86)/cypress/psoc creator/4.2/psoc creator/import/gnu/arm/5.4.1/bin/../lib/gcc/arm-none-eabi/5.4.1/../../../../arm-none-eabi/lib/armv7-m\libg.a(lib_a-mprec.o)
 .ARM.attributes
                0x0000075e       0x2d c:/program files (x86)/cypress/psoc creator/4.2/psoc creator/import/gnu/arm/5.4.1/bin/../lib/gcc/arm-none-eabi/5.4.1/../../../../arm-none-eabi/lib/armv7-m\libg.a(lib_a-sbrkr.o)
 .ARM.attributes
                0x0000078b       0x1b c:/program files (x86)/cypress/psoc creator/4.2/psoc creator/import/gnu/arm/5.4.1/bin/../lib/gcc/arm-none-eabi/5.4.1/../../../../arm-none-eabi/lib/armv7-m\libg.a(lib_a-strcmp.o)
 .ARM.attributes
                0x000007a6       0x2d c:/program files (x86)/cypress/psoc creator/4.2/psoc creator/import/gnu/arm/5.4.1/bin/../lib/gcc/arm-none-eabi/5.4.1/../../../../arm-none-eabi/lib/armv7-m\libg.a(lib_a-strlen-stub.o)
 .ARM.attributes
                0x000007d3       0x2d c:/program files (x86)/cypress/psoc creator/4.2/psoc creator/import/gnu/arm/5.4.1/bin/../lib/gcc/arm-none-eabi/5.4.1/../../../../arm-none-eabi/lib/armv7-m\libg.a(lib_a-svfiprintf.o)
 .ARM.attributes
                0x00000800       0x2d c:/program files (x86)/cypress/psoc creator/4.2/psoc creator/import/gnu/arm/5.4.1/bin/../lib/gcc/arm-none-eabi/5.4.1/../../../../arm-none-eabi/lib/armv7-m\libg.a(lib_a-__atexit.o)
 .ARM.attributes
                0x0000082d       0x2d c:/program files (x86)/cypress/psoc creator/4.2/psoc creator/import/gnu/arm/5.4.1/bin/../lib/gcc/arm-none-eabi/5.4.1/../../../../arm-none-eabi/lib/armv7-m\libg.a(lib_a-callocr.o)
 .ARM.attributes
                0x0000085a       0x2d c:/program files (x86)/cypress/psoc creator/4.2/psoc creator/import/gnu/arm/5.4.1/bin/../lib/gcc/arm-none-eabi/5.4.1/../../../../arm-none-eabi/lib/armv7-m\libg.a(lib_a-freer.o)
 .ARM.attributes
                0x00000887       0x2d c:/program files (x86)/cypress/psoc creator/4.2/psoc creator/import/gnu/arm/5.4.1/bin/../lib/gcc/arm-none-eabi/5.4.1/../../../../arm-none-eabi/lib/armv7-m\libg.a(lib_a-memmove.o)
 .ARM.attributes
                0x000008b4       0x2d c:/program files (x86)/cypress/psoc creator/4.2/psoc creator/import/gnu/arm/5.4.1/bin/../lib/gcc/arm-none-eabi/5.4.1/../../../../arm-none-eabi/lib/armv7-m\libg.a(lib_a-reallocr.o)
 .ARM.attributes
                0x000008e1       0x2d c:/program files (x86)/cypress/psoc creator/4.2/psoc creator/import/gnu/arm/5.4.1/bin/../lib/gcc/arm-none-eabi/5.4.1/../../../../arm-none-eabi/lib/armv7-m\libg.a(lib_a-reent.o)
 .ARM.attributes
                0x0000090e       0x1d c:/program files (x86)/cypress/psoc creator/4.2/psoc creator/import/gnu/arm/5.4.1/bin/../lib/gcc/arm-none-eabi/5.4.1/armv7-m\libgcc.a(_arm_cmpdf2.o)
 .ARM.attributes
                0x0000092b       0x1d c:/program files (x86)/cypress/psoc creator/4.2/psoc creator/import/gnu/arm/5.4.1/bin/../lib/gcc/arm-none-eabi/5.4.1/armv7-m\libgcc.a(_arm_unorddf2.o)
 .ARM.attributes
                0x00000948       0x1d c:/program files (x86)/cypress/psoc creator/4.2/psoc creator/import/gnu/arm/5.4.1/bin/../lib/gcc/arm-none-eabi/5.4.1/armv7-m\libgcc.a(_aeabi_uldivmod.o)
 .ARM.attributes
                0x00000965       0x2d c:/program files (x86)/cypress/psoc creator/4.2/psoc creator/import/gnu/arm/5.4.1/bin/../lib/gcc/arm-none-eabi/5.4.1/armv7-m\libgcc.a(_udivmoddi4.o)
 .ARM.attributes
                0x00000992       0x1d c:/program files (x86)/cypress/psoc creator/4.2/psoc creator/import/gnu/arm/5.4.1/bin/../lib/gcc/arm-none-eabi/5.4.1/armv7-m\libgcc.a(_dvmd_tls.o)
 .ARM.attributes
                0x000009af       0x2d c:/program files (x86)/cypress/psoc creator/4.2/psoc creator/import/gnu/arm/5.4.1/bin/../lib/gcc/arm-none-eabi/5.4.1/armv7-m/crtend.o
 .ARM.attributes
                0x000009dc       0x1d c:/program files (x86)/cypress/psoc creator/4.2/psoc creator/import/gnu/arm/5.4.1/bin/../lib/gcc/arm-none-eabi/5.4.1/armv7-m/crtn.o

/DISCARD/
 *(.note.GNU-stack)
OUTPUT(C:\Users\nkhedkar\Documents\PSoC Creator\ELE302 Workspace\navigation\Navigation.cydsn\CortexM3\ARM_GCC_541\Debug\Navigation.elf elf32-littlearm)
